Startpoint: _15316_ (rising edge-triggered flip-flop clocked by clk)
Endpoint: _14731_ (rising edge-triggered flip-flop clocked by clk)
Path Group: clk
Path Type: max

Fanout      Cap     Slew    Delay     Time   Description
--------------------------------------------------------------------------------
                  0.000    0.000    0.000   clock clk (rise edge)
                           0.000    0.000   clock network delay (ideal)
                  0.000    0.000    0.000 ^ _15316_/CK (DFFR_X1)
                  0.239    0.341    0.341 ^ _15316_/Q (DFFR_X1)
   39  103.523                              execute_LightShifterPlugin_isActive (net)
                  0.239    0.000    0.341 ^ _07609_/S (MUX2_X1)
                  0.025    0.069    0.409 ^ _07609_/Z (MUX2_X1)
    3    5.983                              _01441_ (net)
                  0.025    0.000    0.410 ^ _07610_/A2 (OR2_X1)
                  0.020    0.044    0.454 ^ _07610_/ZN (OR2_X1)
    4    7.502                              _01442_ (net)
                  0.020    0.000    0.454 ^ _07613_/A1 (NOR3_X1)
                  0.012    0.018    0.472 v _07613_/ZN (NOR3_X1)
    3    5.783                              _01445_ (net)
                  0.012    0.000    0.472 v _07629_/B2 (OAI21_X1)
                  1.178    1.302    1.774 ^ _07629_/ZN (OAI21_X1)
   95  252.094                              _01461_ (net)
                  1.178    0.000    1.774 ^ _07632_/A (AOI211_X1)
                  0.201   -0.033    1.742 v _07632_/ZN (AOI211_X1)
    1    1.796                              _01464_ (net)
                  0.201    0.000    1.742 v _07633_/A3 (NAND3_X1)
                  0.420    0.581    2.323 ^ _07633_/ZN (NAND3_X1)
   67  181.763                              _01465_ (net)
                  0.420    0.000    2.323 ^ _07963_/S (MUX2_X1)
                  2.974    3.146    5.469 ^ _07963_/Z (MUX2_X1)
  513 1299.999                              _01735_ (net)
                  2.974    0.000    5.469 ^ _07964_/A (INV_X1)
                  8.223   19.370   24.840 v _07964_/ZN (INV_X1)
  513 1225.193                              decode_INSTRUCTION_ANTICIPATED[15] (net)
                  8.223    0.000   24.840 v _14731_/D (DFF_X1)
                                   24.840   data arrival time

                  0.000    0.000    0.000   clock clk (rise edge)
                           0.000    0.000   clock network delay (ideal)
                           0.000    0.000   clock reconvergence pessimism
                                    0.000 ^ _14731_/CK (DFF_X1)
                          -2.499   -2.499   library setup time
                                   -2.499   data required time
--------------------------------------------------------------------------------
                                   -2.499   data required time
                                  -24.840   data arrival time
--------------------------------------------------------------------------------
                                  -27.339   slack (VIOLATED)


Startpoint: _15316_ (rising edge-triggered flip-flop clocked by clk)
Endpoint: _14736_ (rising edge-triggered flip-flop clocked by clk)
Path Group: clk
Path Type: max

Fanout      Cap     Slew    Delay     Time   Description
--------------------------------------------------------------------------------
                  0.000    0.000    0.000   clock clk (rise edge)
                           0.000    0.000   clock network delay (ideal)
                  0.000    0.000    0.000 ^ _15316_/CK (DFFR_X1)
                  0.239    0.341    0.341 ^ _15316_/Q (DFFR_X1)
   39  103.523                              execute_LightShifterPlugin_isActive (net)
                  0.239    0.000    0.341 ^ _07609_/S (MUX2_X1)
                  0.025    0.069    0.409 ^ _07609_/Z (MUX2_X1)
    3    5.983                              _01441_ (net)
                  0.025    0.000    0.410 ^ _07610_/A2 (OR2_X1)
                  0.020    0.044    0.454 ^ _07610_/ZN (OR2_X1)
    4    7.502                              _01442_ (net)
                  0.020    0.000    0.454 ^ _07613_/A1 (NOR3_X1)
                  0.012    0.018    0.472 v _07613_/ZN (NOR3_X1)
    3    5.783                              _01445_ (net)
                  0.012    0.000    0.472 v _07629_/B2 (OAI21_X1)
                  1.178    1.302    1.774 ^ _07629_/ZN (OAI21_X1)
   95  252.094                              _01461_ (net)
                  1.178    0.000    1.774 ^ _07632_/A (AOI211_X1)
                  0.201   -0.033    1.742 v _07632_/ZN (AOI211_X1)
    1    1.796                              _01464_ (net)
                  0.201    0.000    1.742 v _07633_/A3 (NAND3_X1)
                  0.420    0.581    2.323 ^ _07633_/ZN (NAND3_X1)
   67  181.763                              _01465_ (net)
                  0.420    0.000    2.323 ^ _07955_/S (MUX2_X1)
                  2.974    3.146    5.469 ^ _07955_/Z (MUX2_X1)
  513 1299.999                              _01729_ (net)
                  2.974    0.000    5.469 ^ _07956_/A (INV_X1)
                  8.223   19.370   24.840 v _07956_/ZN (INV_X1)
  513 1225.193                              decode_INSTRUCTION_ANTICIPATED[20] (net)
                  8.223    0.000   24.840 v _14736_/D (DFF_X1)
                                   24.840   data arrival time

                  0.000    0.000    0.000   clock clk (rise edge)
                           0.000    0.000   clock network delay (ideal)
                           0.000    0.000   clock reconvergence pessimism
                                    0.000 ^ _14736_/CK (DFF_X1)
                          -2.499   -2.499   library setup time
                                   -2.499   data required time
--------------------------------------------------------------------------------
                                   -2.499   data required time
                                  -24.840   data arrival time
--------------------------------------------------------------------------------
                                  -27.339   slack (VIOLATED)


Startpoint: _15316_ (rising edge-triggered flip-flop clocked by clk)
Endpoint: _13886_ (rising edge-triggered flip-flop clocked by clk)
Path Group: clk
Path Type: max

Fanout      Cap     Slew    Delay     Time   Description
--------------------------------------------------------------------------------
                  0.000    0.000    0.000   clock clk (rise edge)
                           0.000    0.000   clock network delay (ideal)
                  0.000    0.000    0.000 ^ _15316_/CK (DFFR_X1)
                  0.239    0.341    0.341 ^ _15316_/Q (DFFR_X1)
   39  103.523                              execute_LightShifterPlugin_isActive (net)
                  0.239    0.000    0.341 ^ _07609_/S (MUX2_X1)
                  0.025    0.069    0.409 ^ _07609_/Z (MUX2_X1)
    3    5.983                              _01441_ (net)
                  0.025    0.000    0.410 ^ _07610_/A2 (OR2_X1)
                  0.020    0.044    0.454 ^ _07610_/ZN (OR2_X1)
    4    7.502                              _01442_ (net)
                  0.020    0.000    0.454 ^ _07613_/A1 (NOR3_X1)
                  0.012    0.018    0.472 v _07613_/ZN (NOR3_X1)
    3    5.783                              _01445_ (net)
                  0.012    0.000    0.472 v _07629_/B2 (OAI21_X1)
                  1.178    1.302    1.774 ^ _07629_/ZN (OAI21_X1)
   95  252.094                              _01461_ (net)
                  1.178    0.000    1.774 ^ _07632_/A (AOI211_X1)
                  0.201   -0.033    1.742 v _07632_/ZN (AOI211_X1)
    1    1.796                              _01464_ (net)
                  0.201    0.000    1.742 v _07633_/A3 (NAND3_X1)
                  0.420    0.581    2.323 ^ _07633_/ZN (NAND3_X1)
   67  181.763                              _01465_ (net)
                  0.420    0.000    2.323 ^ _07963_/S (MUX2_X1)
                  2.974    3.146    5.469 ^ _07963_/Z (MUX2_X1)
  513 1299.999                              _01735_ (net)
                  2.974    0.000    5.469 ^ _07964_/A (INV_X1)
                  8.223   19.370   24.840 v _07964_/ZN (INV_X1)
  513 1225.193                              decode_INSTRUCTION_ANTICIPATED[15] (net)
                  8.223    0.000   24.840 v _07983_/B1 (OAI21_X1)
                  1.119    1.953   26.793 ^ _07983_/ZN (OAI21_X1)
    1    1.872                              _01750_ (net)
                  1.119    0.000   26.793 ^ _07984_/C2 (OAI221_X1)
                  0.200    0.101   26.893 v _07984_/ZN (OAI221_X1)
    1    1.808                              _01751_ (net)
                  0.200    0.000   26.893 v _07985_/B (OAI211_X1)
                  0.093    0.080   26.973 ^ _07985_/ZN (OAI211_X1)
    1    1.980                              _01752_ (net)
                  0.093    0.000   26.973 ^ _07997_/A (OAI21_X1)
                  0.109    0.028   27.001 v _07997_/ZN (OAI21_X1)
    1    1.209                              _01764_ (net)
                  0.109    0.000   27.001 v _08021_/B (MUX2_X1)
                  0.012    0.092   27.094 v _08021_/Z (MUX2_X1)
    1    1.372                              _00163_ (net)
                  0.012    0.000   27.094 v _13886_/D (DFF_X1)
                                   27.094   data arrival time

                  0.000    0.000    0.000   clock clk (rise edge)
                           0.000    0.000   clock network delay (ideal)
                           0.000    0.000   clock reconvergence pessimism
                                    0.000 ^ _13886_/CK (DFF_X1)
                          -0.042   -0.042   library setup time
                                   -0.042   data required time
--------------------------------------------------------------------------------
                                   -0.042   data required time
                                  -27.094   data arrival time
--------------------------------------------------------------------------------
                                  -27.135   slack (VIOLATED)


Startpoint: _15316_ (rising edge-triggered flip-flop clocked by clk)
Endpoint: _13887_ (rising edge-triggered flip-flop clocked by clk)
Path Group: clk
Path Type: max

Fanout      Cap     Slew    Delay     Time   Description
--------------------------------------------------------------------------------
                  0.000    0.000    0.000   clock clk (rise edge)
                           0.000    0.000   clock network delay (ideal)
                  0.000    0.000    0.000 ^ _15316_/CK (DFFR_X1)
                  0.239    0.341    0.341 ^ _15316_/Q (DFFR_X1)
   39  103.523                              execute_LightShifterPlugin_isActive (net)
                  0.239    0.000    0.341 ^ _07609_/S (MUX2_X1)
                  0.025    0.069    0.409 ^ _07609_/Z (MUX2_X1)
    3    5.983                              _01441_ (net)
                  0.025    0.000    0.410 ^ _07610_/A2 (OR2_X1)
                  0.020    0.044    0.454 ^ _07610_/ZN (OR2_X1)
    4    7.502                              _01442_ (net)
                  0.020    0.000    0.454 ^ _07613_/A1 (NOR3_X1)
                  0.012    0.018    0.472 v _07613_/ZN (NOR3_X1)
    3    5.783                              _01445_ (net)
                  0.012    0.000    0.472 v _07629_/B2 (OAI21_X1)
                  1.178    1.302    1.774 ^ _07629_/ZN (OAI21_X1)
   95  252.094                              _01461_ (net)
                  1.178    0.000    1.774 ^ _07632_/A (AOI211_X1)
                  0.201   -0.033    1.742 v _07632_/ZN (AOI211_X1)
    1    1.796                              _01464_ (net)
                  0.201    0.000    1.742 v _07633_/A3 (NAND3_X1)
                  0.420    0.581    2.323 ^ _07633_/ZN (NAND3_X1)
   67  181.763                              _01465_ (net)
                  0.420    0.000    2.323 ^ _07963_/S (MUX2_X1)
                  2.974    3.146    5.469 ^ _07963_/Z (MUX2_X1)
  513 1299.999                              _01735_ (net)
                  2.974    0.000    5.469 ^ _07964_/A (INV_X1)
                  8.223   19.370   24.840 v _07964_/ZN (INV_X1)
  513 1225.193                              decode_INSTRUCTION_ANTICIPATED[15] (net)
                  8.223    0.000   24.840 v _08030_/B1 (OAI21_X1)
                  1.119    1.953   26.793 ^ _08030_/ZN (OAI21_X1)
    1    1.872                              _01796_ (net)
                  1.119    0.000   26.793 ^ _08031_/C2 (OAI221_X1)
                  0.200    0.101   26.893 v _08031_/ZN (OAI221_X1)
    1    1.808                              _01797_ (net)
                  0.200    0.000   26.893 v _08032_/B (OAI211_X1)
                  0.093    0.080   26.973 ^ _08032_/ZN (OAI211_X1)
    1    1.980                              _01798_ (net)
                  0.093    0.000   26.973 ^ _08044_/A (OAI21_X1)
                  0.109    0.028   27.001 v _08044_/ZN (OAI21_X1)
    1    1.209                              _01810_ (net)
                  0.109    0.000   27.001 v _08068_/B (MUX2_X1)
                  0.012    0.092   27.094 v _08068_/Z (MUX2_X1)
    1    1.372                              _00174_ (net)
                  0.012    0.000   27.094 v _13887_/D (DFF_X1)
                                   27.094   data arrival time

                  0.000    0.000    0.000   clock clk (rise edge)
                           0.000    0.000   clock network delay (ideal)
                           0.000    0.000   clock reconvergence pessimism
                                    0.000 ^ _13887_/CK (DFF_X1)
                          -0.042   -0.042   library setup time
                                   -0.042   data required time
--------------------------------------------------------------------------------
                                   -0.042   data required time
                                  -27.094   data arrival time
--------------------------------------------------------------------------------
                                  -27.135   slack (VIOLATED)


Startpoint: _15316_ (rising edge-triggered flip-flop clocked by clk)
Endpoint: _13888_ (rising edge-triggered flip-flop clocked by clk)
Path Group: clk
Path Type: max

Fanout      Cap     Slew    Delay     Time   Description
--------------------------------------------------------------------------------
                  0.000    0.000    0.000   clock clk (rise edge)
                           0.000    0.000   clock network delay (ideal)
                  0.000    0.000    0.000 ^ _15316_/CK (DFFR_X1)
                  0.239    0.341    0.341 ^ _15316_/Q (DFFR_X1)
   39  103.523                              execute_LightShifterPlugin_isActive (net)
                  0.239    0.000    0.341 ^ _07609_/S (MUX2_X1)
                  0.025    0.069    0.409 ^ _07609_/Z (MUX2_X1)
    3    5.983                              _01441_ (net)
                  0.025    0.000    0.410 ^ _07610_/A2 (OR2_X1)
                  0.020    0.044    0.454 ^ _07610_/ZN (OR2_X1)
    4    7.502                              _01442_ (net)
                  0.020    0.000    0.454 ^ _07613_/A1 (NOR3_X1)
                  0.012    0.018    0.472 v _07613_/ZN (NOR3_X1)
    3    5.783                              _01445_ (net)
                  0.012    0.000    0.472 v _07629_/B2 (OAI21_X1)
                  1.178    1.302    1.774 ^ _07629_/ZN (OAI21_X1)
   95  252.094                              _01461_ (net)
                  1.178    0.000    1.774 ^ _07632_/A (AOI211_X1)
                  0.201   -0.033    1.742 v _07632_/ZN (AOI211_X1)
    1    1.796                              _01464_ (net)
                  0.201    0.000    1.742 v _07633_/A3 (NAND3_X1)
                  0.420    0.581    2.323 ^ _07633_/ZN (NAND3_X1)
   67  181.763                              _01465_ (net)
                  0.420    0.000    2.323 ^ _07963_/S (MUX2_X1)
                  2.974    3.146    5.469 ^ _07963_/Z (MUX2_X1)
  513 1299.999                              _01735_ (net)
                  2.974    0.000    5.469 ^ _07964_/A (INV_X1)
                  8.223   19.370   24.840 v _07964_/ZN (INV_X1)
  513 1225.193                              decode_INSTRUCTION_ANTICIPATED[15] (net)
                  8.223    0.000   24.840 v _08077_/B1 (OAI21_X1)
                  1.119    1.953   26.793 ^ _08077_/ZN (OAI21_X1)
    1    1.872                              _01842_ (net)
                  1.119    0.000   26.793 ^ _08078_/C2 (OAI221_X1)
                  0.200    0.101   26.893 v _08078_/ZN (OAI221_X1)
    1    1.808                              _01843_ (net)
                  0.200    0.000   26.893 v _08079_/B (OAI211_X1)
                  0.093    0.080   26.973 ^ _08079_/ZN (OAI211_X1)
    1    1.980                              _01844_ (net)
                  0.093    0.000   26.973 ^ _08091_/A (OAI21_X1)
                  0.109    0.028   27.001 v _08091_/ZN (OAI21_X1)
    1    1.209                              _01856_ (net)
                  0.109    0.000   27.001 v _08115_/B (MUX2_X1)
                  0.012    0.092   27.094 v _08115_/Z (MUX2_X1)
    1    1.372                              _00185_ (net)
                  0.012    0.000   27.094 v _13888_/D (DFF_X1)
                                   27.094   data arrival time

                  0.000    0.000    0.000   clock clk (rise edge)
                           0.000    0.000   clock network delay (ideal)
                           0.000    0.000   clock reconvergence pessimism
                                    0.000 ^ _13888_/CK (DFF_X1)
                          -0.042   -0.042   library setup time
                                   -0.042   data required time
--------------------------------------------------------------------------------
                                   -0.042   data required time
                                  -27.094   data arrival time
--------------------------------------------------------------------------------
                                  -27.135   slack (VIOLATED)


Startpoint: _15316_ (rising edge-triggered flip-flop clocked by clk)
Endpoint: _13889_ (rising edge-triggered flip-flop clocked by clk)
Path Group: clk
Path Type: max

Fanout      Cap     Slew    Delay     Time   Description
--------------------------------------------------------------------------------
                  0.000    0.000    0.000   clock clk (rise edge)
                           0.000    0.000   clock network delay (ideal)
                  0.000    0.000    0.000 ^ _15316_/CK (DFFR_X1)
                  0.239    0.341    0.341 ^ _15316_/Q (DFFR_X1)
   39  103.523                              execute_LightShifterPlugin_isActive (net)
                  0.239    0.000    0.341 ^ _07609_/S (MUX2_X1)
                  0.025    0.069    0.409 ^ _07609_/Z (MUX2_X1)
    3    5.983                              _01441_ (net)
                  0.025    0.000    0.410 ^ _07610_/A2 (OR2_X1)
                  0.020    0.044    0.454 ^ _07610_/ZN (OR2_X1)
    4    7.502                              _01442_ (net)
                  0.020    0.000    0.454 ^ _07613_/A1 (NOR3_X1)
                  0.012    0.018    0.472 v _07613_/ZN (NOR3_X1)
    3    5.783                              _01445_ (net)
                  0.012    0.000    0.472 v _07629_/B2 (OAI21_X1)
                  1.178    1.302    1.774 ^ _07629_/ZN (OAI21_X1)
   95  252.094                              _01461_ (net)
                  1.178    0.000    1.774 ^ _07632_/A (AOI211_X1)
                  0.201   -0.033    1.742 v _07632_/ZN (AOI211_X1)
    1    1.796                              _01464_ (net)
                  0.201    0.000    1.742 v _07633_/A3 (NAND3_X1)
                  0.420    0.581    2.323 ^ _07633_/ZN (NAND3_X1)
   67  181.763                              _01465_ (net)
                  0.420    0.000    2.323 ^ _07963_/S (MUX2_X1)
                  2.974    3.146    5.469 ^ _07963_/Z (MUX2_X1)
  513 1299.999                              _01735_ (net)
                  2.974    0.000    5.469 ^ _07964_/A (INV_X1)
                  8.223   19.370   24.840 v _07964_/ZN (INV_X1)
  513 1225.193                              decode_INSTRUCTION_ANTICIPATED[15] (net)
                  8.223    0.000   24.840 v _08124_/B1 (OAI21_X1)
                  1.119    1.953   26.793 ^ _08124_/ZN (OAI21_X1)
    1    1.872                              _01888_ (net)
                  1.119    0.000   26.793 ^ _08125_/C2 (OAI221_X1)
                  0.200    0.101   26.893 v _08125_/ZN (OAI221_X1)
    1    1.808                              _01889_ (net)
                  0.200    0.000   26.893 v _08126_/B (OAI211_X1)
                  0.093    0.080   26.973 ^ _08126_/ZN (OAI211_X1)
    1    1.980                              _01890_ (net)
                  0.093    0.000   26.973 ^ _08138_/A (OAI21_X1)
                  0.109    0.028   27.001 v _08138_/ZN (OAI21_X1)
    1    1.209                              _01902_ (net)
                  0.109    0.000   27.001 v _08162_/B (MUX2_X1)
                  0.012    0.092   27.094 v _08162_/Z (MUX2_X1)
    1    1.372                              _00188_ (net)
                  0.012    0.000   27.094 v _13889_/D (DFF_X1)
                                   27.094   data arrival time

                  0.000    0.000    0.000   clock clk (rise edge)
                           0.000    0.000   clock network delay (ideal)
                           0.000    0.000   clock reconvergence pessimism
                                    0.000 ^ _13889_/CK (DFF_X1)
                          -0.042   -0.042   library setup time
                                   -0.042   data required time
--------------------------------------------------------------------------------
                                   -0.042   data required time
                                  -27.094   data arrival time
--------------------------------------------------------------------------------
                                  -27.135   slack (VIOLATED)


Startpoint: _15316_ (rising edge-triggered flip-flop clocked by clk)
Endpoint: _13890_ (rising edge-triggered flip-flop clocked by clk)
Path Group: clk
Path Type: max

Fanout      Cap     Slew    Delay     Time   Description
--------------------------------------------------------------------------------
                  0.000    0.000    0.000   clock clk (rise edge)
                           0.000    0.000   clock network delay (ideal)
                  0.000    0.000    0.000 ^ _15316_/CK (DFFR_X1)
                  0.239    0.341    0.341 ^ _15316_/Q (DFFR_X1)
   39  103.523                              execute_LightShifterPlugin_isActive (net)
                  0.239    0.000    0.341 ^ _07609_/S (MUX2_X1)
                  0.025    0.069    0.409 ^ _07609_/Z (MUX2_X1)
    3    5.983                              _01441_ (net)
                  0.025    0.000    0.410 ^ _07610_/A2 (OR2_X1)
                  0.020    0.044    0.454 ^ _07610_/ZN (OR2_X1)
    4    7.502                              _01442_ (net)
                  0.020    0.000    0.454 ^ _07613_/A1 (NOR3_X1)
                  0.012    0.018    0.472 v _07613_/ZN (NOR3_X1)
    3    5.783                              _01445_ (net)
                  0.012    0.000    0.472 v _07629_/B2 (OAI21_X1)
                  1.178    1.302    1.774 ^ _07629_/ZN (OAI21_X1)
   95  252.094                              _01461_ (net)
                  1.178    0.000    1.774 ^ _07632_/A (AOI211_X1)
                  0.201   -0.033    1.742 v _07632_/ZN (AOI211_X1)
    1    1.796                              _01464_ (net)
                  0.201    0.000    1.742 v _07633_/A3 (NAND3_X1)
                  0.420    0.581    2.323 ^ _07633_/ZN (NAND3_X1)
   67  181.763                              _01465_ (net)
                  0.420    0.000    2.323 ^ _07963_/S (MUX2_X1)
                  2.974    3.146    5.469 ^ _07963_/Z (MUX2_X1)
  513 1299.999                              _01735_ (net)
                  2.974    0.000    5.469 ^ _07964_/A (INV_X1)
                  8.223   19.370   24.840 v _07964_/ZN (INV_X1)
  513 1225.193                              decode_INSTRUCTION_ANTICIPATED[15] (net)
                  8.223    0.000   24.840 v _08171_/B1 (OAI21_X1)
                  1.119    1.953   26.793 ^ _08171_/ZN (OAI21_X1)
    1    1.872                              _01934_ (net)
                  1.119    0.000   26.793 ^ _08172_/C2 (OAI221_X1)
                  0.200    0.101   26.893 v _08172_/ZN (OAI221_X1)
    1    1.808                              _01935_ (net)
                  0.200    0.000   26.893 v _08173_/B (OAI211_X1)
                  0.093    0.080   26.973 ^ _08173_/ZN (OAI211_X1)
    1    1.980                              _01936_ (net)
                  0.093    0.000   26.973 ^ _08185_/A (OAI21_X1)
                  0.109    0.028   27.001 v _08185_/ZN (OAI21_X1)
    1    1.209                              _01948_ (net)
                  0.109    0.000   27.001 v _08209_/B (MUX2_X1)
                  0.012    0.092   27.094 v _08209_/Z (MUX2_X1)
    1    1.372                              _00189_ (net)
                  0.012    0.000   27.094 v _13890_/D (DFF_X1)
                                   27.094   data arrival time

                  0.000    0.000    0.000   clock clk (rise edge)
                           0.000    0.000   clock network delay (ideal)
                           0.000    0.000   clock reconvergence pessimism
                                    0.000 ^ _13890_/CK (DFF_X1)
                          -0.042   -0.042   library setup time
                                   -0.042   data required time
--------------------------------------------------------------------------------
                                   -0.042   data required time
                                  -27.094   data arrival time
--------------------------------------------------------------------------------
                                  -27.135   slack (VIOLATED)


Startpoint: _15316_ (rising edge-triggered flip-flop clocked by clk)
Endpoint: _13891_ (rising edge-triggered flip-flop clocked by clk)
Path Group: clk
Path Type: max

Fanout      Cap     Slew    Delay     Time   Description
--------------------------------------------------------------------------------
                  0.000    0.000    0.000   clock clk (rise edge)
                           0.000    0.000   clock network delay (ideal)
                  0.000    0.000    0.000 ^ _15316_/CK (DFFR_X1)
                  0.239    0.341    0.341 ^ _15316_/Q (DFFR_X1)
   39  103.523                              execute_LightShifterPlugin_isActive (net)
                  0.239    0.000    0.341 ^ _07609_/S (MUX2_X1)
                  0.025    0.069    0.409 ^ _07609_/Z (MUX2_X1)
    3    5.983                              _01441_ (net)
                  0.025    0.000    0.410 ^ _07610_/A2 (OR2_X1)
                  0.020    0.044    0.454 ^ _07610_/ZN (OR2_X1)
    4    7.502                              _01442_ (net)
                  0.020    0.000    0.454 ^ _07613_/A1 (NOR3_X1)
                  0.012    0.018    0.472 v _07613_/ZN (NOR3_X1)
    3    5.783                              _01445_ (net)
                  0.012    0.000    0.472 v _07629_/B2 (OAI21_X1)
                  1.178    1.302    1.774 ^ _07629_/ZN (OAI21_X1)
   95  252.094                              _01461_ (net)
                  1.178    0.000    1.774 ^ _07632_/A (AOI211_X1)
                  0.201   -0.033    1.742 v _07632_/ZN (AOI211_X1)
    1    1.796                              _01464_ (net)
                  0.201    0.000    1.742 v _07633_/A3 (NAND3_X1)
                  0.420    0.581    2.323 ^ _07633_/ZN (NAND3_X1)
   67  181.763                              _01465_ (net)
                  0.420    0.000    2.323 ^ _07963_/S (MUX2_X1)
                  2.974    3.146    5.469 ^ _07963_/Z (MUX2_X1)
  513 1299.999                              _01735_ (net)
                  2.974    0.000    5.469 ^ _07964_/A (INV_X1)
                  8.223   19.370   24.840 v _07964_/ZN (INV_X1)
  513 1225.193                              decode_INSTRUCTION_ANTICIPATED[15] (net)
                  8.223    0.000   24.840 v _08218_/B1 (OAI21_X1)
                  1.119    1.953   26.793 ^ _08218_/ZN (OAI21_X1)
    1    1.872                              _01980_ (net)
                  1.119    0.000   26.793 ^ _08219_/C2 (OAI221_X1)
                  0.200    0.101   26.893 v _08219_/ZN (OAI221_X1)
    1    1.808                              _01981_ (net)
                  0.200    0.000   26.893 v _08220_/B (OAI211_X1)
                  0.093    0.080   26.973 ^ _08220_/ZN (OAI211_X1)
    1    1.980                              _01982_ (net)
                  0.093    0.000   26.973 ^ _08232_/A (OAI21_X1)
                  0.109    0.028   27.001 v _08232_/ZN (OAI21_X1)
    1    1.209                              _01994_ (net)
                  0.109    0.000   27.001 v _08256_/B (MUX2_X1)
                  0.012    0.092   27.094 v _08256_/Z (MUX2_X1)
    1    1.372                              _00190_ (net)
                  0.012    0.000   27.094 v _13891_/D (DFF_X1)
                                   27.094   data arrival time

                  0.000    0.000    0.000   clock clk (rise edge)
                           0.000    0.000   clock network delay (ideal)
                           0.000    0.000   clock reconvergence pessimism
                                    0.000 ^ _13891_/CK (DFF_X1)
                          -0.042   -0.042   library setup time
                                   -0.042   data required time
--------------------------------------------------------------------------------
                                   -0.042   data required time
                                  -27.094   data arrival time
--------------------------------------------------------------------------------
                                  -27.135   slack (VIOLATED)


Startpoint: _15316_ (rising edge-triggered flip-flop clocked by clk)
Endpoint: _13892_ (rising edge-triggered flip-flop clocked by clk)
Path Group: clk
Path Type: max

Fanout      Cap     Slew    Delay     Time   Description
--------------------------------------------------------------------------------
                  0.000    0.000    0.000   clock clk (rise edge)
                           0.000    0.000   clock network delay (ideal)
                  0.000    0.000    0.000 ^ _15316_/CK (DFFR_X1)
                  0.239    0.341    0.341 ^ _15316_/Q (DFFR_X1)
   39  103.523                              execute_LightShifterPlugin_isActive (net)
                  0.239    0.000    0.341 ^ _07609_/S (MUX2_X1)
                  0.025    0.069    0.409 ^ _07609_/Z (MUX2_X1)
    3    5.983                              _01441_ (net)
                  0.025    0.000    0.410 ^ _07610_/A2 (OR2_X1)
                  0.020    0.044    0.454 ^ _07610_/ZN (OR2_X1)
    4    7.502                              _01442_ (net)
                  0.020    0.000    0.454 ^ _07613_/A1 (NOR3_X1)
                  0.012    0.018    0.472 v _07613_/ZN (NOR3_X1)
    3    5.783                              _01445_ (net)
                  0.012    0.000    0.472 v _07629_/B2 (OAI21_X1)
                  1.178    1.302    1.774 ^ _07629_/ZN (OAI21_X1)
   95  252.094                              _01461_ (net)
                  1.178    0.000    1.774 ^ _07632_/A (AOI211_X1)
                  0.201   -0.033    1.742 v _07632_/ZN (AOI211_X1)
    1    1.796                              _01464_ (net)
                  0.201    0.000    1.742 v _07633_/A3 (NAND3_X1)
                  0.420    0.581    2.323 ^ _07633_/ZN (NAND3_X1)
   67  181.763                              _01465_ (net)
                  0.420    0.000    2.323 ^ _07963_/S (MUX2_X1)
                  2.974    3.146    5.469 ^ _07963_/Z (MUX2_X1)
  513 1299.999                              _01735_ (net)
                  2.974    0.000    5.469 ^ _07964_/A (INV_X1)
                  8.223   19.370   24.840 v _07964_/ZN (INV_X1)
  513 1225.193                              decode_INSTRUCTION_ANTICIPATED[15] (net)
                  8.223    0.000   24.840 v _08265_/B1 (OAI21_X1)
                  1.119    1.953   26.793 ^ _08265_/ZN (OAI21_X1)
    1    1.872                              _02026_ (net)
                  1.119    0.000   26.793 ^ _08266_/C2 (OAI221_X1)
                  0.200    0.101   26.893 v _08266_/ZN (OAI221_X1)
    1    1.808                              _02027_ (net)
                  0.200    0.000   26.893 v _08267_/B (OAI211_X1)
                  0.093    0.080   26.973 ^ _08267_/ZN (OAI211_X1)
    1    1.980                              _02028_ (net)
                  0.093    0.000   26.973 ^ _08279_/A (OAI21_X1)
                  0.109    0.028   27.001 v _08279_/ZN (OAI21_X1)
    1    1.209                              _02040_ (net)
                  0.109    0.000   27.001 v _08303_/B (MUX2_X1)
                  0.012    0.092   27.094 v _08303_/Z (MUX2_X1)
    1    1.372                              _00191_ (net)
                  0.012    0.000   27.094 v _13892_/D (DFF_X1)
                                   27.094   data arrival time

                  0.000    0.000    0.000   clock clk (rise edge)
                           0.000    0.000   clock network delay (ideal)
                           0.000    0.000   clock reconvergence pessimism
                                    0.000 ^ _13892_/CK (DFF_X1)
                          -0.042   -0.042   library setup time
                                   -0.042   data required time
--------------------------------------------------------------------------------
                                   -0.042   data required time
                                  -27.094   data arrival time
--------------------------------------------------------------------------------
                                  -27.135   slack (VIOLATED)


Startpoint: _15316_ (rising edge-triggered flip-flop clocked by clk)
Endpoint: _13893_ (rising edge-triggered flip-flop clocked by clk)
Path Group: clk
Path Type: max

Fanout      Cap     Slew    Delay     Time   Description
--------------------------------------------------------------------------------
                  0.000    0.000    0.000   clock clk (rise edge)
                           0.000    0.000   clock network delay (ideal)
                  0.000    0.000    0.000 ^ _15316_/CK (DFFR_X1)
                  0.239    0.341    0.341 ^ _15316_/Q (DFFR_X1)
   39  103.523                              execute_LightShifterPlugin_isActive (net)
                  0.239    0.000    0.341 ^ _07609_/S (MUX2_X1)
                  0.025    0.069    0.409 ^ _07609_/Z (MUX2_X1)
    3    5.983                              _01441_ (net)
                  0.025    0.000    0.410 ^ _07610_/A2 (OR2_X1)
                  0.020    0.044    0.454 ^ _07610_/ZN (OR2_X1)
    4    7.502                              _01442_ (net)
                  0.020    0.000    0.454 ^ _07613_/A1 (NOR3_X1)
                  0.012    0.018    0.472 v _07613_/ZN (NOR3_X1)
    3    5.783                              _01445_ (net)
                  0.012    0.000    0.472 v _07629_/B2 (OAI21_X1)
                  1.178    1.302    1.774 ^ _07629_/ZN (OAI21_X1)
   95  252.094                              _01461_ (net)
                  1.178    0.000    1.774 ^ _07632_/A (AOI211_X1)
                  0.201   -0.033    1.742 v _07632_/ZN (AOI211_X1)
    1    1.796                              _01464_ (net)
                  0.201    0.000    1.742 v _07633_/A3 (NAND3_X1)
                  0.420    0.581    2.323 ^ _07633_/ZN (NAND3_X1)
   67  181.763                              _01465_ (net)
                  0.420    0.000    2.323 ^ _07963_/S (MUX2_X1)
                  2.974    3.146    5.469 ^ _07963_/Z (MUX2_X1)
  513 1299.999                              _01735_ (net)
                  2.974    0.000    5.469 ^ _07964_/A (INV_X1)
                  8.223   19.370   24.840 v _07964_/ZN (INV_X1)
  513 1225.193                              decode_INSTRUCTION_ANTICIPATED[15] (net)
                  8.223    0.000   24.840 v _08312_/B1 (OAI21_X1)
                  1.119    1.953   26.793 ^ _08312_/ZN (OAI21_X1)
    1    1.872                              _02072_ (net)
                  1.119    0.000   26.793 ^ _08313_/C2 (OAI221_X1)
                  0.200    0.101   26.893 v _08313_/ZN (OAI221_X1)
    1    1.808                              _02073_ (net)
                  0.200    0.000   26.893 v _08314_/B (OAI211_X1)
                  0.093    0.080   26.973 ^ _08314_/ZN (OAI211_X1)
    1    1.980                              _02074_ (net)
                  0.093    0.000   26.973 ^ _08326_/A (OAI21_X1)
                  0.109    0.028   27.001 v _08326_/ZN (OAI21_X1)
    1    1.209                              _02086_ (net)
                  0.109    0.000   27.001 v _08350_/B (MUX2_X1)
                  0.012    0.092   27.094 v _08350_/Z (MUX2_X1)
    1    1.372                              _00192_ (net)
                  0.012    0.000   27.094 v _13893_/D (DFF_X1)
                                   27.094   data arrival time

                  0.000    0.000    0.000   clock clk (rise edge)
                           0.000    0.000   clock network delay (ideal)
                           0.000    0.000   clock reconvergence pessimism
                                    0.000 ^ _13893_/CK (DFF_X1)
                          -0.042   -0.042   library setup time
                                   -0.042   data required time
--------------------------------------------------------------------------------
                                   -0.042   data required time
                                  -27.094   data arrival time
--------------------------------------------------------------------------------
                                  -27.135   slack (VIOLATED)


