Information: Updating design information... (UID-85)
 
****************************************
Report : qor
Design : qdiv
Version: O-2018.06-SP1
Date   : Sun Jul  5 14:11:45 2026
****************************************


  Timing Path Group 'i_clk'
  -----------------------------------
  Levels of Logic:              49.00
  Critical Path Length:          4.10
  Critical Path Slack:           5.87
  Critical Path Clk Period:     10.00
  Total Negative Slack:          0.00
  No. of Violating Paths:        0.00
  Worst Hold Violation:          0.00
  Total Hold Violation:          0.00
  No. of Hold Violations:        0.00
  -----------------------------------


  Cell Count
  -----------------------------------
  Hierarchical Cell Count:          0
  Hierarchical Port Count:          0
  Leaf Cell Count:               1067
  Buf/Inv Cell Count:             102
  Buf Cell Count:                  69
  Inv Cell Count:                  33
  CT Buf/Inv Cell Count:            0
  Combinational Cell Count:       802
  Sequential Cell Count:          265
  Macro Count:                      0
  -----------------------------------


  Area
  -----------------------------------
  Combinational Area:     1008.938009
  Noncombinational Area:  1198.329957
  Buf/Inv Area:             73.415999
  Total Buffer Area:            55.33
  Total Inverter Area:          18.09
  Macro/Black Box Area:      0.000000
  Net Area:                  0.000000
  -----------------------------------
  Cell Area:              2207.267965
  Design Area:            2207.267965


  Design Rules
  -----------------------------------
  Total Number of Nets:          1305
  Nets With Violations:             0
  Max Trans Violations:             0
  Max Cap Violations:               0
  -----------------------------------


  Hostname: eb2704f1b995

  Compile CPU Statistics
  -----------------------------------------
  Resource Sharing:                    0.40
  Logic Optimization:                  0.14
  Mapping Optimization:                0.77
  -----------------------------------------
  Overall Compile Time:                3.83
  Overall Compile Wall Clock Time:     3.89

  --------------------------------------------------------------------

  Design  WNS: 0.00  TNS: 0.00  Number of Violating Paths: 0


  Design (Hold)  WNS: 0.00  TNS: 0.00  Number of Violating Paths: 0

  --------------------------------------------------------------------


1
