Startpoint: _15710_ (rising edge-triggered flip-flop clocked by clock)
Endpoint: _16783_ (rising edge-triggered flip-flop clocked by clock)
Path Group: clock
Path Type: max

Fanout      Cap     Slew    Delay     Time   Description
--------------------------------------------------------------------------------
                  0.000    0.000    0.000   clock clock (rise edge)
                           0.000    0.000   clock network delay (ideal)
                  0.000    0.000    0.000 ^ _15710_/CK (DFF_X1)
                  0.010    0.063    0.063 ^ _15710_/QN (DFF_X1)
    1    1.960                              _00002_ (net)
                  0.010    0.000    0.063 ^ _08527_/A3 (NAND3_X1)
                  0.208    0.250    0.313 v _08527_/ZN (NAND3_X1)
   36   79.228                              _00179_ (net)
                  0.208    0.000    0.313 v _08529_/A2 (NOR3_X1)
                  0.053    0.116    0.429 ^ _08529_/ZN (NOR3_X1)
    2    2.581                              _00181_ (net)
                  0.053    0.000    0.429 ^ _08531_/A2 (OR3_X1)
                  0.017    0.048    0.477 ^ _08531_/ZN (OR3_X1)
    3    6.117                              _00183_ (net)
                  0.017    0.000    0.477 ^ _08535_/A2 (NOR3_X1)
                  0.037    0.013    0.490 v _08535_/ZN (NOR3_X1)
    1    1.874                              _00187_ (net)
                  0.037    0.000    0.490 v _08536_/A2 (NOR2_X1)
                  5.510    6.047    6.537 ^ _08536_/ZN (NOR2_X1)
  426 1188.000                              _00188_ (net)
                  5.510    0.000    6.537 ^ _08537_/A (INV_X1)
                  4.675    9.523   16.060 v _08537_/ZN (INV_X1)
  136  335.446                              accel.accel.io_shiftIn (net)
                  4.675    0.000   16.060 v _09177_/A1 (NAND4_X1)
                  1.112   13.078   29.138 ^ _09177_/ZN (NAND4_X1)
  191  481.039                              _00507_ (net)
                  1.112    0.000   29.138 ^ _09181_/A1 (NAND2_X1)
                  0.301    1.747   30.886 v _09181_/ZN (NAND2_X1)
   86  204.203                              _00511_ (net)
                  0.301    0.000   30.886 v _14785_/A (AOI21_X1)
                  0.719    1.050   31.936 ^ _14785_/ZN (AOI21_X1)
   63  151.614                              _05590_ (net)
                  0.719    0.000   31.936 ^ _15167_/B1 (OAI21_X1)
                  0.120   -0.017   31.919 v _15167_/ZN (OAI21_X1)
    1    1.845                              _05955_ (net)
                  0.120    0.000   31.919 v _15168_/A (AOI21_X1)
                  0.076    0.085   32.004 ^ _15168_/ZN (AOI21_X1)
    2    3.300                              _05956_ (net)
                  0.076    0.000   32.004 ^ _15460_/A (AOI21_X1)
                  0.850    0.022   32.026 v _15460_/ZN (AOI21_X1)
    1    1.859                              _06216_ (net)
                  0.850    0.000   32.026 v _15461_/A (INV_X1)
                  0.114    0.152   32.177 ^ _15461_/ZN (INV_X1)
    1    1.450                              _06792_ (net)
                  0.114    0.000   32.177 ^ _16783_/D (DFF_X1)
                                   32.177   data arrival time

                  0.000    0.000    0.000   clock clock (rise edge)
                           0.000    0.000   clock network delay (ideal)
                           0.000    0.000   clock reconvergence pessimism
                                    0.000 ^ _16783_/CK (DFF_X1)
                          -0.048   -0.048   library setup time
                                   -0.048   data required time
--------------------------------------------------------------------------------
                                   -0.048   data required time
                                  -32.177   data arrival time
--------------------------------------------------------------------------------
                                  -32.225   slack (VIOLATED)


Startpoint: _15710_ (rising edge-triggered flip-flop clocked by clock)
Endpoint: _16771_ (rising edge-triggered flip-flop clocked by clock)
Path Group: clock
Path Type: max

Fanout      Cap     Slew    Delay     Time   Description
--------------------------------------------------------------------------------
                  0.000    0.000    0.000   clock clock (rise edge)
                           0.000    0.000   clock network delay (ideal)
                  0.000    0.000    0.000 ^ _15710_/CK (DFF_X1)
                  0.010    0.063    0.063 ^ _15710_/QN (DFF_X1)
    1    1.960                              _00002_ (net)
                  0.010    0.000    0.063 ^ _08527_/A3 (NAND3_X1)
                  0.208    0.250    0.313 v _08527_/ZN (NAND3_X1)
   36   79.228                              _00179_ (net)
                  0.208    0.000    0.313 v _08529_/A2 (NOR3_X1)
                  0.053    0.116    0.429 ^ _08529_/ZN (NOR3_X1)
    2    2.581                              _00181_ (net)
                  0.053    0.000    0.429 ^ _08531_/A2 (OR3_X1)
                  0.017    0.048    0.477 ^ _08531_/ZN (OR3_X1)
    3    6.117                              _00183_ (net)
                  0.017    0.000    0.477 ^ _08535_/A2 (NOR3_X1)
                  0.037    0.013    0.490 v _08535_/ZN (NOR3_X1)
    1    1.874                              _00187_ (net)
                  0.037    0.000    0.490 v _08536_/A2 (NOR2_X1)
                  5.510    6.047    6.537 ^ _08536_/ZN (NOR2_X1)
  426 1188.000                              _00188_ (net)
                  5.510    0.000    6.537 ^ _08537_/A (INV_X1)
                  4.675    9.523   16.060 v _08537_/ZN (INV_X1)
  136  335.446                              accel.accel.io_shiftIn (net)
                  4.675    0.000   16.060 v _09177_/A1 (NAND4_X1)
                  1.112   13.078   29.138 ^ _09177_/ZN (NAND4_X1)
  191  481.039                              _00507_ (net)
                  1.112    0.000   29.138 ^ _09181_/A1 (NAND2_X1)
                  0.301    1.747   30.886 v _09181_/ZN (NAND2_X1)
   86  204.203                              _00511_ (net)
                  0.301    0.000   30.886 v _14785_/A (AOI21_X1)
                  0.719    1.050   31.936 ^ _14785_/ZN (AOI21_X1)
   63  151.614                              _05590_ (net)
                  0.719    0.000   31.936 ^ _14901_/B1 (AOI21_X1)
                  0.845   -0.017   31.919 v _14901_/ZN (AOI21_X1)
    1    1.828                              _05701_ (net)
                  0.845    0.000   31.919 v _14902_/A (OAI21_X1)
                  0.158    0.226   32.145 ^ _14902_/ZN (OAI21_X1)
    2    4.021                              _05702_ (net)
                  0.158    0.000   32.145 ^ _15448_/A (OAI21_X1)
                  0.025    0.030   32.174 v _15448_/ZN (OAI21_X1)
    1    1.372                              _06811_ (net)
                  0.025    0.000   32.174 v _16771_/D (DFF_X1)
                                   32.174   data arrival time

                  0.000    0.000    0.000   clock clock (rise edge)
                           0.000    0.000   clock network delay (ideal)
                           0.000    0.000   clock reconvergence pessimism
                                    0.000 ^ _16771_/CK (DFF_X1)
                          -0.047   -0.047   library setup time
                                   -0.047   data required time
--------------------------------------------------------------------------------
                                   -0.047   data required time
                                  -32.174   data arrival time
--------------------------------------------------------------------------------
                                  -32.222   slack (VIOLATED)


Startpoint: _15710_ (rising edge-triggered flip-flop clocked by clock)
Endpoint: _16773_ (rising edge-triggered flip-flop clocked by clock)
Path Group: clock
Path Type: max

Fanout      Cap     Slew    Delay     Time   Description
--------------------------------------------------------------------------------
                  0.000    0.000    0.000   clock clock (rise edge)
                           0.000    0.000   clock network delay (ideal)
                  0.000    0.000    0.000 ^ _15710_/CK (DFF_X1)
                  0.010    0.063    0.063 ^ _15710_/QN (DFF_X1)
    1    1.960                              _00002_ (net)
                  0.010    0.000    0.063 ^ _08527_/A3 (NAND3_X1)
                  0.208    0.250    0.313 v _08527_/ZN (NAND3_X1)
   36   79.228                              _00179_ (net)
                  0.208    0.000    0.313 v _08529_/A2 (NOR3_X1)
                  0.053    0.116    0.429 ^ _08529_/ZN (NOR3_X1)
    2    2.581                              _00181_ (net)
                  0.053    0.000    0.429 ^ _08531_/A2 (OR3_X1)
                  0.017    0.048    0.477 ^ _08531_/ZN (OR3_X1)
    3    6.117                              _00183_ (net)
                  0.017    0.000    0.477 ^ _08535_/A2 (NOR3_X1)
                  0.037    0.013    0.490 v _08535_/ZN (NOR3_X1)
    1    1.874                              _00187_ (net)
                  0.037    0.000    0.490 v _08536_/A2 (NOR2_X1)
                  5.510    6.047    6.537 ^ _08536_/ZN (NOR2_X1)
  426 1188.000                              _00188_ (net)
                  5.510    0.000    6.537 ^ _08537_/A (INV_X1)
                  4.675    9.523   16.060 v _08537_/ZN (INV_X1)
  136  335.446                              accel.accel.io_shiftIn (net)
                  4.675    0.000   16.060 v _09177_/A1 (NAND4_X1)
                  1.112   13.078   29.138 ^ _09177_/ZN (NAND4_X1)
  191  481.039                              _00507_ (net)
                  1.112    0.000   29.138 ^ _09181_/A1 (NAND2_X1)
                  0.301    1.747   30.886 v _09181_/ZN (NAND2_X1)
   86  204.203                              _00511_ (net)
                  0.301    0.000   30.886 v _14785_/A (AOI21_X1)
                  0.719    1.050   31.936 ^ _14785_/ZN (AOI21_X1)
   63  151.614                              _05590_ (net)
                  0.719    0.000   31.936 ^ _14945_/B1 (AOI21_X1)
                  0.845   -0.017   31.919 v _14945_/ZN (AOI21_X1)
    1    1.828                              _05743_ (net)
                  0.845    0.000   31.919 v _14946_/A (OAI21_X1)
                  0.158    0.226   32.145 ^ _14946_/ZN (OAI21_X1)
    2    4.021                              _05744_ (net)
                  0.158    0.000   32.145 ^ _15450_/A (OAI21_X1)
                  0.025    0.030   32.174 v _15450_/ZN (OAI21_X1)
    1    1.372                              _06813_ (net)
                  0.025    0.000   32.174 v _16773_/D (DFF_X1)
                                   32.174   data arrival time

                  0.000    0.000    0.000   clock clock (rise edge)
                           0.000    0.000   clock network delay (ideal)
                           0.000    0.000   clock reconvergence pessimism
                                    0.000 ^ _16773_/CK (DFF_X1)
                          -0.047   -0.047   library setup time
                                   -0.047   data required time
--------------------------------------------------------------------------------
                                   -0.047   data required time
                                  -32.174   data arrival time
--------------------------------------------------------------------------------
                                  -32.222   slack (VIOLATED)


Startpoint: _15710_ (rising edge-triggered flip-flop clocked by clock)
Endpoint: _16779_ (rising edge-triggered flip-flop clocked by clock)
Path Group: clock
Path Type: max

Fanout      Cap     Slew    Delay     Time   Description
--------------------------------------------------------------------------------
                  0.000    0.000    0.000   clock clock (rise edge)
                           0.000    0.000   clock network delay (ideal)
                  0.000    0.000    0.000 ^ _15710_/CK (DFF_X1)
                  0.010    0.063    0.063 ^ _15710_/QN (DFF_X1)
    1    1.960                              _00002_ (net)
                  0.010    0.000    0.063 ^ _08527_/A3 (NAND3_X1)
                  0.208    0.250    0.313 v _08527_/ZN (NAND3_X1)
   36   79.228                              _00179_ (net)
                  0.208    0.000    0.313 v _08529_/A2 (NOR3_X1)
                  0.053    0.116    0.429 ^ _08529_/ZN (NOR3_X1)
    2    2.581                              _00181_ (net)
                  0.053    0.000    0.429 ^ _08531_/A2 (OR3_X1)
                  0.017    0.048    0.477 ^ _08531_/ZN (OR3_X1)
    3    6.117                              _00183_ (net)
                  0.017    0.000    0.477 ^ _08535_/A2 (NOR3_X1)
                  0.037    0.013    0.490 v _08535_/ZN (NOR3_X1)
    1    1.874                              _00187_ (net)
                  0.037    0.000    0.490 v _08536_/A2 (NOR2_X1)
                  5.510    6.047    6.537 ^ _08536_/ZN (NOR2_X1)
  426 1188.000                              _00188_ (net)
                  5.510    0.000    6.537 ^ _08537_/A (INV_X1)
                  4.675    9.523   16.060 v _08537_/ZN (INV_X1)
  136  335.446                              accel.accel.io_shiftIn (net)
                  4.675    0.000   16.060 v _09177_/A1 (NAND4_X1)
                  1.112   13.078   29.138 ^ _09177_/ZN (NAND4_X1)
  191  481.039                              _00507_ (net)
                  1.112    0.000   29.138 ^ _09181_/A1 (NAND2_X1)
                  0.301    1.747   30.886 v _09181_/ZN (NAND2_X1)
   86  204.203                              _00511_ (net)
                  0.301    0.000   30.886 v _14785_/A (AOI21_X1)
                  0.719    1.050   31.936 ^ _14785_/ZN (AOI21_X1)
   63  151.614                              _05590_ (net)
                  0.719    0.000   31.936 ^ _15082_/B1 (AOI21_X1)
                  0.845   -0.017   31.919 v _15082_/ZN (AOI21_X1)
    1    1.828                              _05874_ (net)
                  0.845    0.000   31.919 v _15083_/A (OAI21_X1)
                  0.158    0.226   32.145 ^ _15083_/ZN (OAI21_X1)
    2    4.021                              _05875_ (net)
                  0.158    0.000   32.145 ^ _15456_/A (OAI21_X1)
                  0.025    0.030   32.174 v _15456_/ZN (OAI21_X1)
    1    1.372                              _06788_ (net)
                  0.025    0.000   32.174 v _16779_/D (DFF_X1)
                                   32.174   data arrival time

                  0.000    0.000    0.000   clock clock (rise edge)
                           0.000    0.000   clock network delay (ideal)
                           0.000    0.000   clock reconvergence pessimism
                                    0.000 ^ _16779_/CK (DFF_X1)
                          -0.047   -0.047   library setup time
                                   -0.047   data required time
--------------------------------------------------------------------------------
                                   -0.047   data required time
                                  -32.174   data arrival time
--------------------------------------------------------------------------------
                                  -32.222   slack (VIOLATED)


Startpoint: _15710_ (rising edge-triggered flip-flop clocked by clock)
Endpoint: _16791_ (rising edge-triggered flip-flop clocked by clock)
Path Group: clock
Path Type: max

Fanout      Cap     Slew    Delay     Time   Description
--------------------------------------------------------------------------------
                  0.000    0.000    0.000   clock clock (rise edge)
                           0.000    0.000   clock network delay (ideal)
                  0.000    0.000    0.000 ^ _15710_/CK (DFF_X1)
                  0.010    0.063    0.063 ^ _15710_/QN (DFF_X1)
    1    1.960                              _00002_ (net)
                  0.010    0.000    0.063 ^ _08527_/A3 (NAND3_X1)
                  0.208    0.250    0.313 v _08527_/ZN (NAND3_X1)
   36   79.228                              _00179_ (net)
                  0.208    0.000    0.313 v _08529_/A2 (NOR3_X1)
                  0.053    0.116    0.429 ^ _08529_/ZN (NOR3_X1)
    2    2.581                              _00181_ (net)
                  0.053    0.000    0.429 ^ _08531_/A2 (OR3_X1)
                  0.017    0.048    0.477 ^ _08531_/ZN (OR3_X1)
    3    6.117                              _00183_ (net)
                  0.017    0.000    0.477 ^ _08535_/A2 (NOR3_X1)
                  0.037    0.013    0.490 v _08535_/ZN (NOR3_X1)
    1    1.874                              _00187_ (net)
                  0.037    0.000    0.490 v _08536_/A2 (NOR2_X1)
                  5.510    6.047    6.537 ^ _08536_/ZN (NOR2_X1)
  426 1188.000                              _00188_ (net)
                  5.510    0.000    6.537 ^ _08537_/A (INV_X1)
                  4.675    9.523   16.060 v _08537_/ZN (INV_X1)
  136  335.446                              accel.accel.io_shiftIn (net)
                  4.675    0.000   16.060 v _09177_/A1 (NAND4_X1)
                  1.112   13.078   29.138 ^ _09177_/ZN (NAND4_X1)
  191  481.039                              _00507_ (net)
                  1.112    0.000   29.138 ^ _09181_/A1 (NAND2_X1)
                  0.301    1.747   30.886 v _09181_/ZN (NAND2_X1)
   86  204.203                              _00511_ (net)
                  0.301    0.000   30.886 v _14785_/A (AOI21_X1)
                  0.719    1.050   31.936 ^ _14785_/ZN (AOI21_X1)
   63  151.614                              _05590_ (net)
                  0.719    0.000   31.936 ^ _15329_/B1 (AOI21_X1)
                  0.845   -0.017   31.919 v _15329_/ZN (AOI21_X1)
    1    1.828                              _06109_ (net)
                  0.845    0.000   31.919 v _15330_/A (OAI21_X1)
                  0.158    0.226   32.145 ^ _15330_/ZN (OAI21_X1)
    2    4.021                              _06110_ (net)
                  0.158    0.000   32.145 ^ _15469_/A (OAI21_X1)
                  0.025    0.030   32.174 v _15469_/ZN (OAI21_X1)
    1    1.372                              _06801_ (net)
                  0.025    0.000   32.174 v _16791_/D (DFF_X1)
                                   32.174   data arrival time

                  0.000    0.000    0.000   clock clock (rise edge)
                           0.000    0.000   clock network delay (ideal)
                           0.000    0.000   clock reconvergence pessimism
                                    0.000 ^ _16791_/CK (DFF_X1)
                          -0.047   -0.047   library setup time
                                   -0.047   data required time
--------------------------------------------------------------------------------
                                   -0.047   data required time
                                  -32.174   data arrival time
--------------------------------------------------------------------------------
                                  -32.222   slack (VIOLATED)


Startpoint: _15710_ (rising edge-triggered flip-flop clocked by clock)
Endpoint: _16793_ (rising edge-triggered flip-flop clocked by clock)
Path Group: clock
Path Type: max

Fanout      Cap     Slew    Delay     Time   Description
--------------------------------------------------------------------------------
                  0.000    0.000    0.000   clock clock (rise edge)
                           0.000    0.000   clock network delay (ideal)
                  0.000    0.000    0.000 ^ _15710_/CK (DFF_X1)
                  0.010    0.063    0.063 ^ _15710_/QN (DFF_X1)
    1    1.960                              _00002_ (net)
                  0.010    0.000    0.063 ^ _08527_/A3 (NAND3_X1)
                  0.208    0.250    0.313 v _08527_/ZN (NAND3_X1)
   36   79.228                              _00179_ (net)
                  0.208    0.000    0.313 v _08529_/A2 (NOR3_X1)
                  0.053    0.116    0.429 ^ _08529_/ZN (NOR3_X1)
    2    2.581                              _00181_ (net)
                  0.053    0.000    0.429 ^ _08531_/A2 (OR3_X1)
                  0.017    0.048    0.477 ^ _08531_/ZN (OR3_X1)
    3    6.117                              _00183_ (net)
                  0.017    0.000    0.477 ^ _08535_/A2 (NOR3_X1)
                  0.037    0.013    0.490 v _08535_/ZN (NOR3_X1)
    1    1.874                              _00187_ (net)
                  0.037    0.000    0.490 v _08536_/A2 (NOR2_X1)
                  5.510    6.047    6.537 ^ _08536_/ZN (NOR2_X1)
  426 1188.000                              _00188_ (net)
                  5.510    0.000    6.537 ^ _08537_/A (INV_X1)
                  4.675    9.523   16.060 v _08537_/ZN (INV_X1)
  136  335.446                              accel.accel.io_shiftIn (net)
                  4.675    0.000   16.060 v _09177_/A1 (NAND4_X1)
                  1.112   13.078   29.138 ^ _09177_/ZN (NAND4_X1)
  191  481.039                              _00507_ (net)
                  1.112    0.000   29.138 ^ _09181_/A1 (NAND2_X1)
                  0.301    1.747   30.886 v _09181_/ZN (NAND2_X1)
   86  204.203                              _00511_ (net)
                  0.301    0.000   30.886 v _14785_/A (AOI21_X1)
                  0.719    1.050   31.936 ^ _14785_/ZN (AOI21_X1)
   63  151.614                              _05590_ (net)
                  0.719    0.000   31.936 ^ _15368_/B1 (AOI21_X1)
                  0.845   -0.017   31.919 v _15368_/ZN (AOI21_X1)
    1    1.828                              _06146_ (net)
                  0.845    0.000   31.919 v _15369_/A (OAI21_X1)
                  0.158    0.226   32.145 ^ _15369_/ZN (OAI21_X1)
    2    4.021                              _06147_ (net)
                  0.158    0.000   32.145 ^ _15471_/A (OAI21_X1)
                  0.025    0.030   32.174 v _15471_/ZN (OAI21_X1)
    1    1.372                              _06803_ (net)
                  0.025    0.000   32.174 v _16793_/D (DFF_X1)
                                   32.174   data arrival time

                  0.000    0.000    0.000   clock clock (rise edge)
                           0.000    0.000   clock network delay (ideal)
                           0.000    0.000   clock reconvergence pessimism
                                    0.000 ^ _16793_/CK (DFF_X1)
                          -0.047   -0.047   library setup time
                                   -0.047   data required time
--------------------------------------------------------------------------------
                                   -0.047   data required time
                                  -32.174   data arrival time
--------------------------------------------------------------------------------
                                  -32.222   slack (VIOLATED)


Startpoint: _15710_ (rising edge-triggered flip-flop clocked by clock)
Endpoint: _16797_ (rising edge-triggered flip-flop clocked by clock)
Path Group: clock
Path Type: max

Fanout      Cap     Slew    Delay     Time   Description
--------------------------------------------------------------------------------
                  0.000    0.000    0.000   clock clock (rise edge)
                           0.000    0.000   clock network delay (ideal)
                  0.000    0.000    0.000 ^ _15710_/CK (DFF_X1)
                  0.010    0.063    0.063 ^ _15710_/QN (DFF_X1)
    1    1.960                              _00002_ (net)
                  0.010    0.000    0.063 ^ _08527_/A3 (NAND3_X1)
                  0.208    0.250    0.313 v _08527_/ZN (NAND3_X1)
   36   79.228                              _00179_ (net)
                  0.208    0.000    0.313 v _08529_/A2 (NOR3_X1)
                  0.053    0.116    0.429 ^ _08529_/ZN (NOR3_X1)
    2    2.581                              _00181_ (net)
                  0.053    0.000    0.429 ^ _08531_/A2 (OR3_X1)
                  0.017    0.048    0.477 ^ _08531_/ZN (OR3_X1)
    3    6.117                              _00183_ (net)
                  0.017    0.000    0.477 ^ _08535_/A2 (NOR3_X1)
                  0.037    0.013    0.490 v _08535_/ZN (NOR3_X1)
    1    1.874                              _00187_ (net)
                  0.037    0.000    0.490 v _08536_/A2 (NOR2_X1)
                  5.510    6.047    6.537 ^ _08536_/ZN (NOR2_X1)
  426 1188.000                              _00188_ (net)
                  5.510    0.000    6.537 ^ _08537_/A (INV_X1)
                  4.675    9.523   16.060 v _08537_/ZN (INV_X1)
  136  335.446                              accel.accel.io_shiftIn (net)
                  4.675    0.000   16.060 v _09177_/A1 (NAND4_X1)
                  1.112   13.078   29.138 ^ _09177_/ZN (NAND4_X1)
  191  481.039                              _00507_ (net)
                  1.112    0.000   29.138 ^ _09181_/A1 (NAND2_X1)
                  0.301    1.747   30.886 v _09181_/ZN (NAND2_X1)
   86  204.203                              _00511_ (net)
                  0.301    0.000   30.886 v _14785_/A (AOI21_X1)
                  0.719    1.050   31.936 ^ _14785_/ZN (AOI21_X1)
   63  151.614                              _05590_ (net)
                  0.719    0.000   31.936 ^ _15440_/B1 (AOI21_X1)
                  0.845   -0.017   31.919 v _15440_/ZN (AOI21_X1)
    1    1.828                              _06214_ (net)
                  0.845    0.000   31.919 v _15441_/A (OAI21_X1)
                  0.158    0.226   32.145 ^ _15441_/ZN (OAI21_X1)
    2    4.021                              _06215_ (net)
                  0.158    0.000   32.145 ^ _15475_/A (OAI21_X1)
                  0.025    0.030   32.174 v _15475_/ZN (OAI21_X1)
    1    1.372                              _06808_ (net)
                  0.025    0.000   32.174 v _16797_/D (DFF_X1)
                                   32.174   data arrival time

                  0.000    0.000    0.000   clock clock (rise edge)
                           0.000    0.000   clock network delay (ideal)
                           0.000    0.000   clock reconvergence pessimism
                                    0.000 ^ _16797_/CK (DFF_X1)
                          -0.047   -0.047   library setup time
                                   -0.047   data required time
--------------------------------------------------------------------------------
                                   -0.047   data required time
                                  -32.174   data arrival time
--------------------------------------------------------------------------------
                                  -32.222   slack (VIOLATED)


Startpoint: _15710_ (rising edge-triggered flip-flop clocked by clock)
Endpoint: _16253_ (rising edge-triggered flip-flop clocked by clock)
Path Group: clock
Path Type: max

Fanout      Cap     Slew    Delay     Time   Description
--------------------------------------------------------------------------------
                  0.000    0.000    0.000   clock clock (rise edge)
                           0.000    0.000   clock network delay (ideal)
                  0.000    0.000    0.000 ^ _15710_/CK (DFF_X1)
                  0.010    0.063    0.063 ^ _15710_/QN (DFF_X1)
    1    1.960                              _00002_ (net)
                  0.010    0.000    0.063 ^ _08527_/A3 (NAND3_X1)
                  0.208    0.250    0.313 v _08527_/ZN (NAND3_X1)
   36   79.228                              _00179_ (net)
                  0.208    0.000    0.313 v _08529_/A2 (NOR3_X1)
                  0.053    0.116    0.429 ^ _08529_/ZN (NOR3_X1)
    2    2.581                              _00181_ (net)
                  0.053    0.000    0.429 ^ _08531_/A2 (OR3_X1)
                  0.017    0.048    0.477 ^ _08531_/ZN (OR3_X1)
    3    6.117                              _00183_ (net)
                  0.017    0.000    0.477 ^ _08535_/A2 (NOR3_X1)
                  0.037    0.013    0.490 v _08535_/ZN (NOR3_X1)
    1    1.874                              _00187_ (net)
                  0.037    0.000    0.490 v _08536_/A2 (NOR2_X1)
                  5.510    6.047    6.537 ^ _08536_/ZN (NOR2_X1)
  426 1188.000                              _00188_ (net)
                  5.510    0.000    6.537 ^ _08537_/A (INV_X1)
                  4.675    9.523   16.060 v _08537_/ZN (INV_X1)
  136  335.446                              accel.accel.io_shiftIn (net)
                  4.675    0.000   16.060 v _09177_/A1 (NAND4_X1)
                  1.112   13.078   29.138 ^ _09177_/ZN (NAND4_X1)
  191  481.039                              _00507_ (net)
                  1.112    0.000   29.138 ^ _09181_/A1 (NAND2_X1)
                  0.301    1.747   30.886 v _09181_/ZN (NAND2_X1)
   86  204.203                              _00511_ (net)
                  0.301    0.000   30.886 v _14785_/A (AOI21_X1)
                  0.719    1.050   31.936 ^ _14785_/ZN (AOI21_X1)
   63  151.614                              _05590_ (net)
                  0.719    0.000   31.936 ^ _14901_/B1 (AOI21_X1)
                  0.845   -0.017   31.919 v _14901_/ZN (AOI21_X1)
    1    1.828                              _05701_ (net)
                  0.845    0.000   31.919 v _14902_/A (OAI21_X1)
                  0.158    0.226   32.145 ^ _14902_/ZN (OAI21_X1)
    2    4.021                              _05702_ (net)
                  0.158    0.000   32.145 ^ _14903_/A2 (NOR2_X1)
                  0.028    0.007   32.152 v _14903_/ZN (NOR2_X1)
    1    1.372                              _06779_ (net)
                  0.028    0.000   32.152 v _16253_/D (DFF_X1)
                                   32.152   data arrival time

                  0.000    0.000    0.000   clock clock (rise edge)
                           0.000    0.000   clock network delay (ideal)
                           0.000    0.000   clock reconvergence pessimism
                                    0.000 ^ _16253_/CK (DFF_X1)
                          -0.048   -0.048   library setup time
                                   -0.048   data required time
--------------------------------------------------------------------------------
                                   -0.048   data required time
                                  -32.152   data arrival time
--------------------------------------------------------------------------------
                                  -32.200   slack (VIOLATED)


Startpoint: _15710_ (rising edge-triggered flip-flop clocked by clock)
Endpoint: _16255_ (rising edge-triggered flip-flop clocked by clock)
Path Group: clock
Path Type: max

Fanout      Cap     Slew    Delay     Time   Description
--------------------------------------------------------------------------------
                  0.000    0.000    0.000   clock clock (rise edge)
                           0.000    0.000   clock network delay (ideal)
                  0.000    0.000    0.000 ^ _15710_/CK (DFF_X1)
                  0.010    0.063    0.063 ^ _15710_/QN (DFF_X1)
    1    1.960                              _00002_ (net)
                  0.010    0.000    0.063 ^ _08527_/A3 (NAND3_X1)
                  0.208    0.250    0.313 v _08527_/ZN (NAND3_X1)
   36   79.228                              _00179_ (net)
                  0.208    0.000    0.313 v _08529_/A2 (NOR3_X1)
                  0.053    0.116    0.429 ^ _08529_/ZN (NOR3_X1)
    2    2.581                              _00181_ (net)
                  0.053    0.000    0.429 ^ _08531_/A2 (OR3_X1)
                  0.017    0.048    0.477 ^ _08531_/ZN (OR3_X1)
    3    6.117                              _00183_ (net)
                  0.017    0.000    0.477 ^ _08535_/A2 (NOR3_X1)
                  0.037    0.013    0.490 v _08535_/ZN (NOR3_X1)
    1    1.874                              _00187_ (net)
                  0.037    0.000    0.490 v _08536_/A2 (NOR2_X1)
                  5.510    6.047    6.537 ^ _08536_/ZN (NOR2_X1)
  426 1188.000                              _00188_ (net)
                  5.510    0.000    6.537 ^ _08537_/A (INV_X1)
                  4.675    9.523   16.060 v _08537_/ZN (INV_X1)
  136  335.446                              accel.accel.io_shiftIn (net)
                  4.675    0.000   16.060 v _09177_/A1 (NAND4_X1)
                  1.112   13.078   29.138 ^ _09177_/ZN (NAND4_X1)
  191  481.039                              _00507_ (net)
                  1.112    0.000   29.138 ^ _09181_/A1 (NAND2_X1)
                  0.301    1.747   30.886 v _09181_/ZN (NAND2_X1)
   86  204.203                              _00511_ (net)
                  0.301    0.000   30.886 v _14785_/A (AOI21_X1)
                  0.719    1.050   31.936 ^ _14785_/ZN (AOI21_X1)
   63  151.614                              _05590_ (net)
                  0.719    0.000   31.936 ^ _14945_/B1 (AOI21_X1)
                  0.845   -0.017   31.919 v _14945_/ZN (AOI21_X1)
    1    1.828                              _05743_ (net)
                  0.845    0.000   31.919 v _14946_/A (OAI21_X1)
                  0.158    0.226   32.145 ^ _14946_/ZN (OAI21_X1)
    2    4.021                              _05744_ (net)
                  0.158    0.000   32.145 ^ _14947_/A2 (NOR2_X1)
                  0.028    0.007   32.152 v _14947_/ZN (NOR2_X1)
    1    1.372                              _06781_ (net)
                  0.028    0.000   32.152 v _16255_/D (DFF_X1)
                                   32.152   data arrival time

                  0.000    0.000    0.000   clock clock (rise edge)
                           0.000    0.000   clock network delay (ideal)
                           0.000    0.000   clock reconvergence pessimism
                                    0.000 ^ _16255_/CK (DFF_X1)
                          -0.048   -0.048   library setup time
                                   -0.048   data required time
--------------------------------------------------------------------------------
                                   -0.048   data required time
                                  -32.152   data arrival time
--------------------------------------------------------------------------------
                                  -32.200   slack (VIOLATED)


Startpoint: _15710_ (rising edge-triggered flip-flop clocked by clock)
Endpoint: _16261_ (rising edge-triggered flip-flop clocked by clock)
Path Group: clock
Path Type: max

Fanout      Cap     Slew    Delay     Time   Description
--------------------------------------------------------------------------------
                  0.000    0.000    0.000   clock clock (rise edge)
                           0.000    0.000   clock network delay (ideal)
                  0.000    0.000    0.000 ^ _15710_/CK (DFF_X1)
                  0.010    0.063    0.063 ^ _15710_/QN (DFF_X1)
    1    1.960                              _00002_ (net)
                  0.010    0.000    0.063 ^ _08527_/A3 (NAND3_X1)
                  0.208    0.250    0.313 v _08527_/ZN (NAND3_X1)
   36   79.228                              _00179_ (net)
                  0.208    0.000    0.313 v _08529_/A2 (NOR3_X1)
                  0.053    0.116    0.429 ^ _08529_/ZN (NOR3_X1)
    2    2.581                              _00181_ (net)
                  0.053    0.000    0.429 ^ _08531_/A2 (OR3_X1)
                  0.017    0.048    0.477 ^ _08531_/ZN (OR3_X1)
    3    6.117                              _00183_ (net)
                  0.017    0.000    0.477 ^ _08535_/A2 (NOR3_X1)
                  0.037    0.013    0.490 v _08535_/ZN (NOR3_X1)
    1    1.874                              _00187_ (net)
                  0.037    0.000    0.490 v _08536_/A2 (NOR2_X1)
                  5.510    6.047    6.537 ^ _08536_/ZN (NOR2_X1)
  426 1188.000                              _00188_ (net)
                  5.510    0.000    6.537 ^ _08537_/A (INV_X1)
                  4.675    9.523   16.060 v _08537_/ZN (INV_X1)
  136  335.446                              accel.accel.io_shiftIn (net)
                  4.675    0.000   16.060 v _09177_/A1 (NAND4_X1)
                  1.112   13.078   29.138 ^ _09177_/ZN (NAND4_X1)
  191  481.039                              _00507_ (net)
                  1.112    0.000   29.138 ^ _09181_/A1 (NAND2_X1)
                  0.301    1.747   30.886 v _09181_/ZN (NAND2_X1)
   86  204.203                              _00511_ (net)
                  0.301    0.000   30.886 v _14785_/A (AOI21_X1)
                  0.719    1.050   31.936 ^ _14785_/ZN (AOI21_X1)
   63  151.614                              _05590_ (net)
                  0.719    0.000   31.936 ^ _15082_/B1 (AOI21_X1)
                  0.845   -0.017   31.919 v _15082_/ZN (AOI21_X1)
    1    1.828                              _05874_ (net)
                  0.845    0.000   31.919 v _15083_/A (OAI21_X1)
                  0.158    0.226   32.145 ^ _15083_/ZN (OAI21_X1)
    2    4.021                              _05875_ (net)
                  0.158    0.000   32.145 ^ _15084_/A2 (NOR2_X1)
                  0.028    0.007   32.152 v _15084_/ZN (NOR2_X1)
    1    1.372                              _06756_ (net)
                  0.028    0.000   32.152 v _16261_/D (DFF_X1)
                                   32.152   data arrival time

                  0.000    0.000    0.000   clock clock (rise edge)
                           0.000    0.000   clock network delay (ideal)
                           0.000    0.000   clock reconvergence pessimism
                                    0.000 ^ _16261_/CK (DFF_X1)
                          -0.048   -0.048   library setup time
                                   -0.048   data required time
--------------------------------------------------------------------------------
                                   -0.048   data required time
                                  -32.152   data arrival time
--------------------------------------------------------------------------------
                                  -32.200   slack (VIOLATED)


