Startpoint: A[127] (input port clocked by virtual_clk)
Endpoint: P[0] (output port)
Path Group: **default**
Path Type: max

Fanout      Cap     Slew    Delay     Time   Description
--------------------------------------------------------------------------------
                           0.000    0.000 v input external delay
                  0.001    0.001    0.001 v A[127] (in)
    6   10.577                              A[127] (net)
                  0.001    0.000    0.001 v _624_/A2 (OR2_X1)
                  0.011    0.051    0.052 v _624_/ZN (OR2_X1)
    2    3.732                              _129_ (net)
                  0.011    0.000    0.052 v _630_/A (AOI221_X1)
                  0.057    0.089    0.141 ^ _630_/ZN (AOI221_X1)
    2    3.867                              _135_ (net)
                  0.057    0.000    0.141 ^ _639_/A2 (OAI22_X1)
                  0.022    0.037    0.178 v _639_/ZN (OAI22_X1)
    2    3.699                              _144_ (net)
                  0.022    0.000    0.178 v _652_/C1 (OAI211_X1)
                  0.031    0.046    0.224 ^ _652_/ZN (OAI211_X1)
    2    3.984                              _157_ (net)
                  0.031    0.000    0.224 ^ _653_/A (OAI21_X1)
                  0.020    0.033    0.257 v _653_/ZN (OAI21_X1)
    3    5.608                              _158_ (net)
                  0.020    0.000    0.257 v _665_/B1 (AOI221_X1)
                  0.058    0.092    0.350 ^ _665_/ZN (AOI221_X1)
    2    4.035                              _170_ (net)
                  0.058    0.000    0.350 ^ _667_/A (AOI221_X1)
                  0.022    0.026    0.376 v _667_/ZN (AOI221_X1)
    2    3.660                              _172_ (net)
                  0.022    0.000    0.376 v _679_/B2 (AOI221_X1)
                  0.058    0.101    0.477 ^ _679_/ZN (AOI221_X1)
    2    3.985                              _184_ (net)
                  0.058    0.000    0.477 ^ _692_/B2 (OAI21_X1)
                  0.022    0.033    0.510 v _692_/ZN (OAI21_X1)
    2    3.748                              _197_ (net)
                  0.022    0.000    0.510 v _693_/B2 (AOI22_X1)
                  0.025    0.052    0.562 ^ _693_/ZN (AOI22_X1)
    1    1.936                              _198_ (net)
                  0.025    0.000    0.562 ^ _694_/A (AOI21_X1)
                  0.017    0.021    0.584 v _694_/ZN (AOI21_X1)
    3    4.458                              _199_ (net)
                  0.017    0.000    0.584 v _698_/A (MUX2_X1)
                  0.011    0.065    0.649 v _698_/Z (MUX2_X1)
    2    3.141                              _203_ (net)
                  0.011    0.000    0.649 v _706_/A (MUX2_X1)
                  0.011    0.061    0.709 v _706_/Z (MUX2_X1)
    2    2.391                              _211_ (net)
                  0.011    0.000    0.709 v _709_/A1 (OR2_X1)
                  0.008    0.044    0.753 v _709_/ZN (OR2_X1)
    1    1.185                              _214_ (net)
                  0.008    0.000    0.753 v _714_/A1 (AND2_X1)
                  0.007    0.031    0.784 v _714_/ZN (AND2_X1)
    2    3.103                              _219_ (net)
                  0.007    0.000    0.784 v _720_/A (MUX2_X1)
                  0.011    0.059    0.843 v _720_/Z (MUX2_X1)
    2    2.387                              _225_ (net)
                  0.011    0.000    0.843 v _721_/A3 (OR3_X1)
                  0.013    0.081    0.924 v _721_/ZN (OR3_X1)
    1    1.828                              _226_ (net)
                  0.013    0.000    0.925 v _722_/A (OAI21_X1)
                  0.035    0.031    0.956 ^ _722_/ZN (OAI21_X1)
    3    5.383                              _227_ (net)
                  0.035    0.000    0.956 ^ _735_/A2 (AND3_X1)
                  0.011    0.052    1.007 ^ _735_/ZN (AND3_X1)
    1    1.987                              _240_ (net)
                  0.011    0.000    1.007 ^ _736_/A (AOI221_X1)
                  0.017    0.015    1.022 v _736_/ZN (AOI221_X1)
    2    2.500                              _241_ (net)
                  0.017    0.000    1.022 v _739_/A (MUX2_X1)
                  0.011    0.065    1.087 v _739_/Z (MUX2_X1)
    2    3.134                              _244_ (net)
                  0.011    0.000    1.087 v _743_/B (MUX2_X1)
                  0.011    0.061    1.148 v _743_/Z (MUX2_X1)
    2    2.387                              _248_ (net)
                  0.011    0.000    1.148 v _744_/A3 (OR3_X1)
                  0.013    0.081    1.229 v _744_/ZN (OR3_X1)
    1    1.828                              _249_ (net)
                  0.013    0.000    1.229 v _745_/A (OAI21_X1)
                  0.035    0.031    1.260 ^ _745_/ZN (OAI21_X1)
    3    5.383                              _250_ (net)
                  0.035    0.000    1.260 ^ _758_/A2 (AND3_X1)
                  0.011    0.052    1.312 ^ _758_/ZN (AND3_X1)
    1    1.987                              _263_ (net)
                  0.011    0.000    1.312 ^ _759_/A (AOI221_X1)
                  0.017    0.015    1.327 v _759_/ZN (AOI221_X1)
    2    2.500                              _264_ (net)
                  0.017    0.000    1.327 v _762_/A (MUX2_X1)
                  0.011    0.065    1.391 v _762_/Z (MUX2_X1)
    2    3.134                              _267_ (net)
                  0.011    0.000    1.391 v _770_/B (MUX2_X1)
                  0.012    0.065    1.456 v _770_/Z (MUX2_X1)
    2    3.822                              _275_ (net)
                  0.012    0.000    1.456 v _788_/A2 (OAI22_X1)
                  0.030    0.034    1.490 ^ _788_/ZN (OAI22_X1)
    1    1.894                              _293_ (net)
                  0.030    0.000    1.490 ^ _793_/A2 (OAI22_X1)
                  0.013    0.024    1.515 v _793_/ZN (OAI22_X1)
    1    1.000                              P[0] (net)
                  0.013    0.000    1.515 v P[0] (out)
                                    1.515   data arrival time

                           0.000    0.000   max_delay
                           0.000    0.000   output external delay
                                    0.000   data required time
--------------------------------------------------------------------------------
                                    0.000   data required time
                                   -1.515   data arrival time
--------------------------------------------------------------------------------
                                   -1.515   slack (VIOLATED)


Startpoint: A[120] (input port clocked by virtual_clk)
Endpoint: P[1] (output port)
Path Group: **default**
Path Type: max

Fanout      Cap     Slew    Delay     Time   Description
--------------------------------------------------------------------------------
                           0.000    0.000 v input external delay
                  0.001    0.001    0.001 v A[120] (in)
    5    9.665                              A[120] (net)
                  0.001    0.000    0.001 v _797_/A4 (NOR4_X1)
                  0.065    0.101    0.102 ^ _797_/ZN (NOR4_X1)
    2    4.020                              _301_ (net)
                  0.065    0.000    0.102 ^ _798_/A (OAI21_X1)
                  0.017    0.034    0.136 v _798_/ZN (OAI21_X1)
    2    3.627                              _302_ (net)
                  0.017    0.000    0.136 v _800_/C1 (OAI211_X1)
                  0.031    0.045    0.181 ^ _800_/ZN (OAI211_X1)
    2    4.025                              _304_ (net)
                  0.031    0.000    0.181 ^ _803_/B1 (OAI21_X1)
                  0.018    0.024    0.205 v _803_/ZN (OAI21_X1)
    2    3.661                              _307_ (net)
                  0.018    0.000    0.205 v _804_/B1 (OAI21_X1)
                  0.029    0.042    0.247 ^ _804_/ZN (OAI21_X1)
    2    4.025                              _308_ (net)
                  0.029    0.000    0.247 ^ _806_/B1 (OAI21_X1)
                  0.019    0.024    0.271 v _806_/ZN (OAI21_X1)
    2    3.661                              _310_ (net)
                  0.019    0.000    0.271 v _808_/B1 (OAI21_X1)
                  0.029    0.042    0.314 ^ _808_/ZN (OAI21_X1)
    2    4.025                              _312_ (net)
                  0.029    0.000    0.314 ^ _810_/B1 (OAI21_X1)
                  0.016    0.024    0.338 v _810_/ZN (OAI21_X1)
    2    3.661                              _314_ (net)
                  0.016    0.000    0.338 v _812_/B1 (OAI21_X1)
                  0.029    0.041    0.379 ^ _812_/ZN (OAI21_X1)
    2    4.025                              _316_ (net)
                  0.029    0.000    0.379 ^ _814_/B1 (OAI21_X1)
                  0.016    0.024    0.403 v _814_/ZN (OAI21_X1)
    2    3.661                              _318_ (net)
                  0.016    0.000    0.403 v _816_/B1 (OAI21_X1)
                  0.029    0.041    0.444 ^ _816_/ZN (OAI21_X1)
    2    4.025                              _320_ (net)
                  0.029    0.000    0.444 ^ _818_/B1 (OAI21_X1)
                  0.016    0.024    0.468 v _818_/ZN (OAI21_X1)
    2    3.661                              _322_ (net)
                  0.016    0.000    0.468 v _820_/B1 (OAI21_X1)
                  0.029    0.041    0.509 ^ _820_/ZN (OAI21_X1)
    2    4.025                              _324_ (net)
                  0.029    0.000    0.509 ^ _822_/B1 (OAI21_X1)
                  0.016    0.024    0.533 v _822_/ZN (OAI21_X1)
    2    3.661                              _326_ (net)
                  0.016    0.000    0.533 v _824_/B1 (OAI21_X1)
                  0.029    0.041    0.574 ^ _824_/ZN (OAI21_X1)
    2    4.025                              _328_ (net)
                  0.029    0.000    0.574 ^ _826_/B1 (OAI21_X1)
                  0.016    0.024    0.598 v _826_/ZN (OAI21_X1)
    2    3.661                              _330_ (net)
                  0.016    0.000    0.598 v _828_/B1 (OAI21_X1)
                  0.029    0.041    0.639 ^ _828_/ZN (OAI21_X1)
    2    4.025                              _332_ (net)
                  0.029    0.000    0.639 ^ _830_/B1 (OAI21_X1)
                  0.016    0.024    0.663 v _830_/ZN (OAI21_X1)
    2    3.661                              _334_ (net)
                  0.016    0.000    0.663 v _832_/B1 (OAI21_X1)
                  0.029    0.041    0.704 ^ _832_/ZN (OAI21_X1)
    2    4.025                              _336_ (net)
                  0.029    0.000    0.704 ^ _835_/B1 (OAI21_X1)
                  0.016    0.024    0.728 v _835_/ZN (OAI21_X1)
    2    3.723                              _339_ (net)
                  0.016    0.000    0.728 v _836_/B1 (OAI21_X1)
                  0.039    0.052    0.780 ^ _836_/ZN (OAI21_X1)
    3    6.065                              _340_ (net)
                  0.039    0.000    0.780 ^ _840_/A3 (NOR3_X1)
                  0.014    0.021    0.801 v _840_/ZN (NOR3_X1)
    2    3.718                              _344_ (net)
                  0.014    0.000    0.801 v _843_/B2 (OAI33_X1)
                  0.091    0.114    0.916 ^ _843_/ZN (OAI33_X1)
    3    6.147                              _347_ (net)
                  0.091    0.000    0.916 ^ _848_/A1 (NOR2_X1)
                  0.025    0.023    0.939 v _848_/ZN (NOR2_X1)
    3    5.561                              _352_ (net)
                  0.025    0.000    0.939 v _855_/B2 (OAI221_X1)
                  0.075    0.100    1.039 ^ _855_/ZN (OAI221_X1)
    5   10.112                              _359_ (net)
                  0.075    0.000    1.039 ^ _870_/B2 (OAI221_X1)
                  0.020    0.043    1.081 v _870_/ZN (OAI221_X1)
    1    1.808                              _374_ (net)
                  0.020    0.000    1.081 v _871_/B (OAI211_X1)
                  0.041    0.040    1.121 ^ _871_/ZN (OAI211_X1)
    3    6.041                              _375_ (net)
                  0.041    0.000    1.121 ^ _891_/A (OAI211_X1)
                  0.019    0.040    1.161 v _891_/ZN (OAI211_X1)
    2    3.068                              _395_ (net)
                  0.019    0.000    1.161 v _892_/A3 (AND3_X1)
                  0.007    0.042    1.203 v _892_/ZN (AND3_X1)
    2    2.498                              _396_ (net)
                  0.007    0.000    1.203 v _894_/B (MUX2_X1)
                  0.011    0.059    1.263 v _894_/Z (MUX2_X1)
    2    2.398                              _398_ (net)
                  0.011    0.000    1.263 v _923_/A (MUX2_X1)
                  0.010    0.059    1.322 v _923_/Z (MUX2_X1)
    1    1.863                              _427_ (net)
                  0.010    0.000    1.322 v _924_/B1 (AOI22_X1)
                  0.022    0.039    1.361 ^ _924_/ZN (AOI22_X1)
    1    1.000                              P[1] (net)
                  0.022    0.000    1.361 ^ P[1] (out)
                                    1.361   data arrival time

                           0.000    0.000   max_delay
                           0.000    0.000   output external delay
                                    0.000   data required time
--------------------------------------------------------------------------------
                                    0.000   data required time
                                   -1.361   data arrival time
--------------------------------------------------------------------------------
                                   -1.361   slack (VIOLATED)


Startpoint: A[118] (input port clocked by virtual_clk)
Endpoint: P[2] (output port)
Path Group: **default**
Path Type: max

Fanout      Cap     Slew    Delay     Time   Description
--------------------------------------------------------------------------------
                           0.000    0.000 v input external delay
                  0.000    0.000    0.000 v A[118] (in)
    2    3.158                              A[118] (net)
                  0.000    0.000    0.000 v _539_/A2 (OR2_X1)
                  0.012    0.054    0.054 v _539_/ZN (OR2_X1)
    3    5.163                              _045_ (net)
                  0.012    0.000    0.054 v _541_/A3 (OR3_X1)
                  0.015    0.087    0.141 v _541_/ZN (OR3_X1)
    2    3.522                              _047_ (net)
                  0.015    0.000    0.141 v _925_/B2 (AOI21_X1)
                  0.032    0.045    0.185 ^ _925_/ZN (AOI21_X1)
    2    3.897                              _428_ (net)
                  0.032    0.000    0.185 ^ _930_/A1 (NAND2_X1)
                  0.012    0.020    0.205 v _930_/ZN (NAND2_X1)
    2    2.506                              _433_ (net)
                  0.012    0.000    0.205 v _931_/A (MUX2_X1)
                  0.011    0.061    0.267 v _931_/Z (MUX2_X1)
    2    2.506                              _434_ (net)
                  0.011    0.000    0.267 v _932_/A (MUX2_X1)
                  0.011    0.061    0.327 v _932_/Z (MUX2_X1)
    2    2.506                              _435_ (net)
                  0.011    0.000    0.327 v _933_/A (MUX2_X1)
                  0.011    0.061    0.388 v _933_/Z (MUX2_X1)
    2    2.506                              _436_ (net)
                  0.011    0.000    0.388 v _934_/A (MUX2_X1)
                  0.011    0.061    0.449 v _934_/Z (MUX2_X1)
    2    2.506                              _437_ (net)
                  0.011    0.000    0.449 v _935_/A (MUX2_X1)
                  0.011    0.061    0.510 v _935_/Z (MUX2_X1)
    2    2.506                              _438_ (net)
                  0.011    0.000    0.510 v _936_/A (MUX2_X1)
                  0.011    0.061    0.570 v _936_/Z (MUX2_X1)
    2    2.506                              _439_ (net)
                  0.011    0.000    0.570 v _937_/A (MUX2_X1)
                  0.011    0.061    0.631 v _937_/Z (MUX2_X1)
    2    2.506                              _440_ (net)
                  0.011    0.000    0.631 v _938_/A (MUX2_X1)
                  0.011    0.061    0.692 v _938_/Z (MUX2_X1)
    2    2.506                              _441_ (net)
                  0.011    0.000    0.692 v _939_/A (MUX2_X1)
                  0.011    0.061    0.752 v _939_/Z (MUX2_X1)
    2    2.481                              _442_ (net)
                  0.011    0.000    0.753 v _940_/A (MUX2_X1)
                  0.012    0.064    0.816 v _940_/Z (MUX2_X1)
    2    3.629                              _443_ (net)
                  0.012    0.000    0.816 v _967_/B2 (AOI22_X1)
                  0.026    0.048    0.864 ^ _967_/ZN (AOI22_X1)
    1    1.980                              _470_ (net)
                  0.026    0.000    0.864 ^ _968_/A (OAI21_X1)
                  0.024    0.021    0.885 v _968_/ZN (OAI21_X1)
    1    1.204                              _471_ (net)
                  0.024    0.000    0.885 v _969_/A2 (AND2_X1)
                  0.006    0.037    0.923 v _969_/ZN (AND2_X1)
    1    1.000                              P[2] (net)
                  0.006    0.000    0.923 v P[2] (out)
                                    0.923   data arrival time

                           0.000    0.000   max_delay
                           0.000    0.000   output external delay
                                    0.000   data required time
--------------------------------------------------------------------------------
                                    0.000   data required time
                                   -0.923   data arrival time
--------------------------------------------------------------------------------
                                   -0.923   slack (VIOLATED)


Startpoint: A[12] (input port clocked by virtual_clk)
Endpoint: P[3] (output port)
Path Group: **default**
Path Type: max

Fanout      Cap     Slew    Delay     Time   Description
--------------------------------------------------------------------------------
                           0.000    0.000 v input external delay
                  0.000    0.001    0.001 v A[12] (in)
    3    4.919                              A[12] (net)
                  0.000    0.000    0.001 v _955_/A4 (OR4_X1)
                  0.019    0.120    0.120 v _955_/ZN (OR4_X1)
    2    3.713                              _458_ (net)
                  0.019    0.000    0.120 v _973_/A4 (NOR4_X1)
                  0.057    0.099    0.219 ^ _973_/ZN (NOR4_X1)
    2    3.252                              _475_ (net)
                  0.057    0.000    0.219 ^ _974_/A2 (NOR2_X1)
                  0.014    0.015    0.234 v _974_/ZN (NOR2_X1)
    1    1.752                              _476_ (net)
                  0.014    0.000    0.234 v _976_/C1 (OAI211_X1)
                  0.021    0.033    0.266 ^ _976_/ZN (OAI211_X1)
    1    1.960                              _478_ (net)
                  0.021    0.000    0.266 ^ _977_/A3 (NAND3_X1)
                  0.019    0.023    0.289 v _977_/ZN (NAND3_X1)
    1    1.796                              _479_ (net)
                  0.019    0.000    0.289 v _978_/A3 (NAND3_X1)
                  0.013    0.026    0.315 ^ _978_/ZN (NAND3_X1)
    1    1.960                              _480_ (net)
                  0.013    0.000    0.315 ^ _979_/A3 (NAND3_X1)
                  0.023    0.022    0.337 v _979_/ZN (NAND3_X1)
    1    1.812                              _481_ (net)
                  0.023    0.000    0.337 v _980_/A2 (NAND2_X1)
                  0.012    0.024    0.361 ^ _980_/ZN (NAND2_X1)
    1    1.987                              _482_ (net)
                  0.012    0.000    0.361 ^ _981_/B2 (AOI21_X1)
                  0.008    0.016    0.377 v _981_/ZN (AOI21_X1)
    1    1.874                              _483_ (net)
                  0.008    0.000    0.377 v _982_/A2 (NOR2_X1)
                  0.016    0.029    0.405 ^ _982_/ZN (NOR2_X1)
    1    1.882                              _484_ (net)
                  0.016    0.000    0.405 ^ _983_/B2 (OAI21_X1)
                  0.009    0.017    0.423 v _983_/ZN (OAI21_X1)
    1    1.000                              P[3] (net)
                  0.009    0.000    0.423 v P[3] (out)
                                    0.423   data arrival time

                           0.000    0.000   max_delay
                           0.000    0.000   output external delay
                                    0.000   data required time
--------------------------------------------------------------------------------
                                    0.000   data required time
                                   -0.423   data arrival time
--------------------------------------------------------------------------------
                                   -0.423   slack (VIOLATED)


Startpoint: A[56] (input port clocked by virtual_clk)
Endpoint: P[4] (output port)
Path Group: **default**
Path Type: max

Fanout      Cap     Slew    Delay     Time   Description
--------------------------------------------------------------------------------
                           0.000    0.000 v input external delay
                  0.001    0.001    0.001 v A[56] (in)
    5    9.816                              A[56] (net)
                  0.001    0.000    0.001 v _966_/A4 (NOR4_X1)
                  0.104    0.145    0.146 ^ _966_/ZN (NOR4_X1)
    4    8.163                              _469_ (net)
                  0.104    0.000    0.146 ^ _987_/A4 (NAND4_X1)
                  0.033    0.047    0.194 v _987_/ZN (NAND4_X1)
    2    3.821                              _488_ (net)
                  0.033    0.000    0.194 v _988_/B2 (OAI21_X1)
                  0.021    0.042    0.236 ^ _988_/ZN (OAI21_X1)
    1    1.987                              _489_ (net)
                  0.021    0.000    0.236 ^ _989_/B2 (AOI21_X1)
                  0.010    0.016    0.252 v _989_/ZN (AOI21_X1)
    1    1.206                              _490_ (net)
                  0.010    0.000    0.252 v _990_/A3 (OR3_X1)
                  0.013    0.079    0.331 v _990_/ZN (OR3_X1)
    1    1.000                              P[4] (net)
                  0.013    0.000    0.331 v P[4] (out)
                                    0.331   data arrival time

                           0.000    0.000   max_delay
                           0.000    0.000   output external delay
                                    0.000   data required time
--------------------------------------------------------------------------------
                                    0.000   data required time
                                   -0.331   data arrival time
--------------------------------------------------------------------------------
                                   -0.331   slack (VIOLATED)


Startpoint: A[12] (input port clocked by virtual_clk)
Endpoint: F (output port)
Path Group: **default**
Path Type: max

Fanout      Cap     Slew    Delay     Time   Description
--------------------------------------------------------------------------------
                           0.000    0.000 v input external delay
                  0.000    0.001    0.001 v A[12] (in)
    3    4.919                              A[12] (net)
                  0.000    0.000    0.001 v _955_/A4 (OR4_X1)
                  0.019    0.120    0.120 v _955_/ZN (OR4_X1)
    2    3.713                              _458_ (net)
                  0.019    0.000    0.120 v _973_/A4 (NOR4_X1)
                  0.057    0.099    0.219 ^ _973_/ZN (NOR4_X1)
    2    3.252                              _475_ (net)
                  0.057    0.000    0.219 ^ _994_/A2 (AND4_X1)
                  0.013    0.070    0.289 ^ _994_/ZN (AND4_X1)
    1    1.970                              _493_ (net)
                  0.013    0.000    0.289 ^ _995_/A4 (NAND4_X1)
                  0.022    0.029    0.318 v _995_/ZN (NAND4_X1)
    1    1.000                              F (net)
                  0.022    0.000    0.318 v F (out)
                                    0.318   data arrival time

                           0.000    0.000   max_delay
                           0.000    0.000   output external delay
                                    0.000   data required time
--------------------------------------------------------------------------------
                                    0.000   data required time
                                   -0.318   data arrival time
--------------------------------------------------------------------------------
                                   -0.318   slack (VIOLATED)


Startpoint: A[118] (input port clocked by virtual_clk)
Endpoint: P[5] (output port)
Path Group: **default**
Path Type: max

Fanout      Cap     Slew    Delay     Time   Description
--------------------------------------------------------------------------------
                           0.000    0.000 v input external delay
                  0.000    0.000    0.000 v A[118] (in)
    2    3.158                              A[118] (net)
                  0.000    0.000    0.000 v _539_/A2 (OR2_X1)
                  0.012    0.054    0.054 v _539_/ZN (OR2_X1)
    3    5.163                              _045_ (net)
                  0.012    0.000    0.054 v _541_/A3 (OR3_X1)
                  0.015    0.087    0.141 v _541_/ZN (OR3_X1)
    2    3.522                              _047_ (net)
                  0.015    0.000    0.141 v _545_/A1 (NOR2_X1)
                  0.036    0.048    0.189 ^ _545_/ZN (NOR2_X1)
    3    6.084                              _051_ (net)
                  0.036    0.000    0.189 ^ _546_/A (INV_X1)
                  0.011    0.014    0.202 v _546_/ZN (INV_X1)
    2    3.026                              _052_ (net)
                  0.011    0.000    0.202 v _563_/A2 (NOR3_X1)
                  0.057    0.079    0.281 ^ _563_/ZN (NOR3_X1)
    3    5.938                              _069_ (net)
                  0.057    0.000    0.281 ^ _992_/A (OAI21_X1)
                  0.013    0.026    0.307 v _992_/ZN (OAI21_X1)
    1    1.000                              P[5] (net)
                  0.013    0.000    0.307 v P[5] (out)
                                    0.307   data arrival time

                           0.000    0.000   max_delay
                           0.000    0.000   output external delay
                                    0.000   data required time
--------------------------------------------------------------------------------
                                    0.000   data required time
                                   -0.307   data arrival time
--------------------------------------------------------------------------------
                                   -0.307   slack (VIOLATED)


Startpoint: A[118] (input port clocked by virtual_clk)
Endpoint: P[6] (output port)
Path Group: **default**
Path Type: max

Fanout      Cap     Slew    Delay     Time   Description
--------------------------------------------------------------------------------
                           0.000    0.000 v input external delay
                  0.000    0.000    0.000 v A[118] (in)
    2    3.158                              A[118] (net)
                  0.000    0.000    0.000 v _539_/A2 (OR2_X1)
                  0.012    0.054    0.054 v _539_/ZN (OR2_X1)
    3    5.163                              _045_ (net)
                  0.012    0.000    0.054 v _541_/A3 (OR3_X1)
                  0.015    0.087    0.141 v _541_/ZN (OR3_X1)
    2    3.522                              _047_ (net)
                  0.015    0.000    0.141 v _545_/A1 (NOR2_X1)
                  0.036    0.048    0.189 ^ _545_/ZN (NOR2_X1)
    3    6.084                              _051_ (net)
                  0.036    0.000    0.189 ^ _546_/A (INV_X1)
                  0.011    0.014    0.202 v _546_/ZN (INV_X1)
    2    3.026                              _052_ (net)
                  0.011    0.000    0.202 v _563_/A2 (NOR3_X1)
                  0.057    0.079    0.281 ^ _563_/ZN (NOR3_X1)
    3    5.938                              _069_ (net)
                  0.057    0.000    0.281 ^ _597_/A1 (NAND2_X1)
                  0.015    0.017    0.299 v _597_/ZN (NAND2_X1)
    1    1.000                              P[6] (net)
                  0.015    0.000    0.299 v P[6] (out)
                                    0.299   data arrival time

                           0.000    0.000   max_delay
                           0.000    0.000   output external delay
                                    0.000   data required time
--------------------------------------------------------------------------------
                                    0.000   data required time
                                   -0.299   data arrival time
--------------------------------------------------------------------------------
                                   -0.299   slack (VIOLATED)


