Startpoint: stato_reg[0] (rising edge-triggered flip-flop clocked by clock)
Endpoint: cont1_reg[31] (rising edge-triggered flip-flop clocked by clock)
Path Group: clock
Path Type: max

Fanout      Cap     Slew    Delay     Time   Description
--------------------------------------------------------------------------------
                  0.000    0.000    0.000   clock clock (rise edge)
                           0.000    0.000   clock network delay (ideal)
                  0.000    0.000    0.000 ^ stato_reg[0]/CK (DFFR_X1)
                  0.036    0.128    0.128 ^ stato_reg[0]/Q (DFFR_X1)
    7   13.997                              stato[0] (net)
                  0.036    0.000    0.128 ^ U338/A2 (OR2_X1)
                  0.037    0.065    0.192 ^ U338/ZN (OR2_X1)
    7   14.925                              n468 (net)
                  0.037    0.000    0.192 ^ U382/A1 (NOR2_X1)
                  0.012    0.017    0.209 v U382/ZN (NOR2_X1)
    2    3.812                              n375 (net)
                  0.012    0.000    0.209 v U383/A (INV_X1)
                  0.008    0.015    0.224 ^ U383/ZN (INV_X1)
    1    1.948                              n348 (net)
                  0.008    0.000    0.224 ^ U387/A3 (NAND4_X1)
                  0.161    0.198    0.422 v U387/ZN (NAND4_X1)
   17   45.716                              n425 (net)
                  0.161    0.000    0.422 v U388/A (CLKBUF_X1)
                  0.113    0.193    0.615 v U388/Z (CLKBUF_X1)
   17   48.417                              n548 (net)
                  0.113    0.000    0.615 v U526/A (XOR2_X1)
                  0.029    0.095    0.710 v U526/Z (XOR2_X1)
    1    2.974                              DP_OP_61J1_122_4439/n68 (net)
                  0.029    0.000    0.710 v DP_OP_61J1_122_4439/U33/CI (FA_X1)
                  0.015    0.079    0.789 v DP_OP_61J1_122_4439/U33/CO (FA_X1)
    1    2.974                              DP_OP_61J1_122_4439/n32 (net)
                  0.015    0.000    0.789 v DP_OP_61J1_122_4439/U32/CI (FA_X1)
                  0.015    0.072    0.861 v DP_OP_61J1_122_4439/U32/CO (FA_X1)
    1    2.974                              DP_OP_61J1_122_4439/n31 (net)
                  0.015    0.000    0.861 v DP_OP_61J1_122_4439/U31/CI (FA_X1)
                  0.015    0.072    0.933 v DP_OP_61J1_122_4439/U31/CO (FA_X1)
    1    2.974                              DP_OP_61J1_122_4439/n30 (net)
                  0.015    0.000    0.933 v DP_OP_61J1_122_4439/U30/CI (FA_X1)
                  0.015    0.072    1.005 v DP_OP_61J1_122_4439/U30/CO (FA_X1)
    1    2.974                              DP_OP_61J1_122_4439/n29 (net)
                  0.015    0.000    1.005 v DP_OP_61J1_122_4439/U29/CI (FA_X1)
                  0.015    0.072    1.077 v DP_OP_61J1_122_4439/U29/CO (FA_X1)
    1    2.974                              DP_OP_61J1_122_4439/n28 (net)
                  0.015    0.000    1.077 v DP_OP_61J1_122_4439/U28/CI (FA_X1)
                  0.015    0.072    1.149 v DP_OP_61J1_122_4439/U28/CO (FA_X1)
    1    2.974                              DP_OP_61J1_122_4439/n27 (net)
                  0.015    0.000    1.149 v DP_OP_61J1_122_4439/U27/CI (FA_X1)
                  0.015    0.072    1.221 v DP_OP_61J1_122_4439/U27/CO (FA_X1)
    1    2.974                              DP_OP_61J1_122_4439/n26 (net)
                  0.015    0.000    1.221 v DP_OP_61J1_122_4439/U26/CI (FA_X1)
                  0.015    0.072    1.293 v DP_OP_61J1_122_4439/U26/CO (FA_X1)
    1    2.974                              DP_OP_61J1_122_4439/n25 (net)
                  0.015    0.000    1.293 v DP_OP_61J1_122_4439/U25/CI (FA_X1)
                  0.015    0.072    1.365 v DP_OP_61J1_122_4439/U25/CO (FA_X1)
    1    2.974                              DP_OP_61J1_122_4439/n24 (net)
                  0.015    0.000    1.365 v DP_OP_61J1_122_4439/U24/CI (FA_X1)
                  0.015    0.072    1.436 v DP_OP_61J1_122_4439/U24/CO (FA_X1)
    1    2.974                              DP_OP_61J1_122_4439/n23 (net)
                  0.015    0.000    1.437 v DP_OP_61J1_122_4439/U23/CI (FA_X1)
                  0.015    0.072    1.508 v DP_OP_61J1_122_4439/U23/CO (FA_X1)
    1    2.974                              DP_OP_61J1_122_4439/n22 (net)
                  0.015    0.000    1.508 v DP_OP_61J1_122_4439/U22/CI (FA_X1)
                  0.015    0.072    1.580 v DP_OP_61J1_122_4439/U22/CO (FA_X1)
    1    2.974                              DP_OP_61J1_122_4439/n21 (net)
                  0.015    0.000    1.580 v DP_OP_61J1_122_4439/U21/CI (FA_X1)
                  0.015    0.072    1.652 v DP_OP_61J1_122_4439/U21/CO (FA_X1)
    1    2.974                              DP_OP_61J1_122_4439/n20 (net)
                  0.015    0.000    1.652 v DP_OP_61J1_122_4439/U20/CI (FA_X1)
                  0.015    0.072    1.724 v DP_OP_61J1_122_4439/U20/CO (FA_X1)
    1    2.974                              DP_OP_61J1_122_4439/n19 (net)
                  0.015    0.000    1.724 v DP_OP_61J1_122_4439/U19/CI (FA_X1)
                  0.015    0.072    1.796 v DP_OP_61J1_122_4439/U19/CO (FA_X1)
    1    2.974                              DP_OP_61J1_122_4439/n18 (net)
                  0.015    0.000    1.796 v DP_OP_61J1_122_4439/U18/CI (FA_X1)
                  0.015    0.072    1.868 v DP_OP_61J1_122_4439/U18/CO (FA_X1)
    1    2.974                              DP_OP_61J1_122_4439/n17 (net)
                  0.015    0.000    1.868 v DP_OP_61J1_122_4439/U17/CI (FA_X1)
                  0.015    0.072    1.940 v DP_OP_61J1_122_4439/U17/CO (FA_X1)
    1    2.974                              DP_OP_61J1_122_4439/n16 (net)
                  0.015    0.000    1.940 v DP_OP_61J1_122_4439/U16/CI (FA_X1)
                  0.015    0.072    2.012 v DP_OP_61J1_122_4439/U16/CO (FA_X1)
    1    2.974                              DP_OP_61J1_122_4439/n15 (net)
                  0.015    0.000    2.012 v DP_OP_61J1_122_4439/U15/CI (FA_X1)
                  0.015    0.072    2.084 v DP_OP_61J1_122_4439/U15/CO (FA_X1)
    1    2.974                              DP_OP_61J1_122_4439/n14 (net)
                  0.015    0.000    2.084 v DP_OP_61J1_122_4439/U14/CI (FA_X1)
                  0.015    0.072    2.156 v DP_OP_61J1_122_4439/U14/CO (FA_X1)
    1    2.974                              DP_OP_61J1_122_4439/n13 (net)
                  0.015    0.000    2.156 v DP_OP_61J1_122_4439/U13/CI (FA_X1)
                  0.015    0.072    2.228 v DP_OP_61J1_122_4439/U13/CO (FA_X1)
    1    2.974                              DP_OP_61J1_122_4439/n12 (net)
                  0.015    0.000    2.228 v DP_OP_61J1_122_4439/U12/CI (FA_X1)
                  0.015    0.072    2.300 v DP_OP_61J1_122_4439/U12/CO (FA_X1)
    1    2.974                              DP_OP_61J1_122_4439/n11 (net)
                  0.015    0.000    2.300 v DP_OP_61J1_122_4439/U11/CI (FA_X1)
                  0.015    0.072    2.372 v DP_OP_61J1_122_4439/U11/CO (FA_X1)
    1    2.974                              DP_OP_61J1_122_4439/n10 (net)
                  0.015    0.000    2.372 v DP_OP_61J1_122_4439/U10/CI (FA_X1)
                  0.015    0.072    2.444 v DP_OP_61J1_122_4439/U10/CO (FA_X1)
    1    2.974                              DP_OP_61J1_122_4439/n9 (net)
                  0.015    0.000    2.444 v DP_OP_61J1_122_4439/U9/CI (FA_X1)
                  0.015    0.072    2.516 v DP_OP_61J1_122_4439/U9/CO (FA_X1)
    1    2.974                              DP_OP_61J1_122_4439/n8 (net)
                  0.015    0.000    2.516 v DP_OP_61J1_122_4439/U8/CI (FA_X1)
                  0.015    0.072    2.588 v DP_OP_61J1_122_4439/U8/CO (FA_X1)
    1    2.974                              DP_OP_61J1_122_4439/n7 (net)
                  0.015    0.000    2.588 v DP_OP_61J1_122_4439/U7/CI (FA_X1)
                  0.015    0.072    2.660 v DP_OP_61J1_122_4439/U7/CO (FA_X1)
    1    2.974                              DP_OP_61J1_122_4439/n6 (net)
                  0.015    0.000    2.660 v DP_OP_61J1_122_4439/U6/CI (FA_X1)
                  0.015    0.072    2.732 v DP_OP_61J1_122_4439/U6/CO (FA_X1)
    1    2.974                              DP_OP_61J1_122_4439/n5 (net)
                  0.015    0.000    2.732 v DP_OP_61J1_122_4439/U5/CI (FA_X1)
                  0.015    0.072    2.804 v DP_OP_61J1_122_4439/U5/CO (FA_X1)
    1    2.974                              DP_OP_61J1_122_4439/n4 (net)
                  0.015    0.000    2.804 v DP_OP_61J1_122_4439/U4/CI (FA_X1)
                  0.015    0.072    2.876 v DP_OP_61J1_122_4439/U4/CO (FA_X1)
    1    2.974                              DP_OP_61J1_122_4439/n3 (net)
                  0.015    0.000    2.876 v DP_OP_61J1_122_4439/U3/CI (FA_X1)
                  0.014    0.071    2.946 v DP_OP_61J1_122_4439/U3/CO (FA_X1)
    1    2.491                              DP_OP_61J1_122_4439/n2 (net)
                  0.014    0.000    2.946 v U458/A (XOR2_X1)
                  0.011    0.052    2.999 v U458/Z (XOR2_X1)
    1    1.839                              n384 (net)
                  0.011    0.000    2.999 v U459/A1 (NAND2_X1)
                  0.026    0.016    3.015 ^ U459/ZN (NAND2_X1)
    1    1.980                              n385 (net)
                  0.026    0.000    3.015 ^ U460/A (OAI21_X1)
                  0.024    0.022    3.036 v U460/ZN (OAI21_X1)
    1    1.362                              n288 (net)
                  0.024    0.000    3.036 v cont1_reg[31]/D (DFFR_X1)
                                    3.036   data arrival time

                  0.000    0.000    0.000   clock clock (rise edge)
                           0.000    0.000   clock network delay (ideal)
                           0.000    0.000   clock reconvergence pessimism
                                    0.000 ^ cont1_reg[31]/CK (DFFR_X1)
                          -0.047   -0.047   library setup time
                                   -0.047   data required time
--------------------------------------------------------------------------------
                                   -0.047   data required time
                                   -3.036   data arrival time
--------------------------------------------------------------------------------
                                   -3.083   slack (VIOLATED)


Startpoint: stato_reg[0] (rising edge-triggered flip-flop clocked by clock)
Endpoint: cont1_reg[30] (rising edge-triggered flip-flop clocked by clock)
Path Group: clock
Path Type: max

Fanout      Cap     Slew    Delay     Time   Description
--------------------------------------------------------------------------------
                  0.000    0.000    0.000   clock clock (rise edge)
                           0.000    0.000   clock network delay (ideal)
                  0.000    0.000    0.000 ^ stato_reg[0]/CK (DFFR_X1)
                  0.036    0.128    0.128 ^ stato_reg[0]/Q (DFFR_X1)
    7   13.997                              stato[0] (net)
                  0.036    0.000    0.128 ^ U338/A2 (OR2_X1)
                  0.037    0.065    0.192 ^ U338/ZN (OR2_X1)
    7   14.925                              n468 (net)
                  0.037    0.000    0.192 ^ U382/A1 (NOR2_X1)
                  0.012    0.017    0.209 v U382/ZN (NOR2_X1)
    2    3.812                              n375 (net)
                  0.012    0.000    0.209 v U383/A (INV_X1)
                  0.008    0.015    0.224 ^ U383/ZN (INV_X1)
    1    1.948                              n348 (net)
                  0.008    0.000    0.224 ^ U387/A3 (NAND4_X1)
                  0.161    0.198    0.422 v U387/ZN (NAND4_X1)
   17   45.716                              n425 (net)
                  0.161    0.000    0.422 v U388/A (CLKBUF_X1)
                  0.113    0.193    0.615 v U388/Z (CLKBUF_X1)
   17   48.417                              n548 (net)
                  0.113    0.000    0.615 v U526/A (XOR2_X1)
                  0.029    0.095    0.710 v U526/Z (XOR2_X1)
    1    2.974                              DP_OP_61J1_122_4439/n68 (net)
                  0.029    0.000    0.710 v DP_OP_61J1_122_4439/U33/CI (FA_X1)
                  0.015    0.079    0.789 v DP_OP_61J1_122_4439/U33/CO (FA_X1)
    1    2.974                              DP_OP_61J1_122_4439/n32 (net)
                  0.015    0.000    0.789 v DP_OP_61J1_122_4439/U32/CI (FA_X1)
                  0.015    0.072    0.861 v DP_OP_61J1_122_4439/U32/CO (FA_X1)
    1    2.974                              DP_OP_61J1_122_4439/n31 (net)
                  0.015    0.000    0.861 v DP_OP_61J1_122_4439/U31/CI (FA_X1)
                  0.015    0.072    0.933 v DP_OP_61J1_122_4439/U31/CO (FA_X1)
    1    2.974                              DP_OP_61J1_122_4439/n30 (net)
                  0.015    0.000    0.933 v DP_OP_61J1_122_4439/U30/CI (FA_X1)
                  0.015    0.072    1.005 v DP_OP_61J1_122_4439/U30/CO (FA_X1)
    1    2.974                              DP_OP_61J1_122_4439/n29 (net)
                  0.015    0.000    1.005 v DP_OP_61J1_122_4439/U29/CI (FA_X1)
                  0.015    0.072    1.077 v DP_OP_61J1_122_4439/U29/CO (FA_X1)
    1    2.974                              DP_OP_61J1_122_4439/n28 (net)
                  0.015    0.000    1.077 v DP_OP_61J1_122_4439/U28/CI (FA_X1)
                  0.015    0.072    1.149 v DP_OP_61J1_122_4439/U28/CO (FA_X1)
    1    2.974                              DP_OP_61J1_122_4439/n27 (net)
                  0.015    0.000    1.149 v DP_OP_61J1_122_4439/U27/CI (FA_X1)
                  0.015    0.072    1.221 v DP_OP_61J1_122_4439/U27/CO (FA_X1)
    1    2.974                              DP_OP_61J1_122_4439/n26 (net)
                  0.015    0.000    1.221 v DP_OP_61J1_122_4439/U26/CI (FA_X1)
                  0.015    0.072    1.293 v DP_OP_61J1_122_4439/U26/CO (FA_X1)
    1    2.974                              DP_OP_61J1_122_4439/n25 (net)
                  0.015    0.000    1.293 v DP_OP_61J1_122_4439/U25/CI (FA_X1)
                  0.015    0.072    1.365 v DP_OP_61J1_122_4439/U25/CO (FA_X1)
    1    2.974                              DP_OP_61J1_122_4439/n24 (net)
                  0.015    0.000    1.365 v DP_OP_61J1_122_4439/U24/CI (FA_X1)
                  0.015    0.072    1.436 v DP_OP_61J1_122_4439/U24/CO (FA_X1)
    1    2.974                              DP_OP_61J1_122_4439/n23 (net)
                  0.015    0.000    1.437 v DP_OP_61J1_122_4439/U23/CI (FA_X1)
                  0.015    0.072    1.508 v DP_OP_61J1_122_4439/U23/CO (FA_X1)
    1    2.974                              DP_OP_61J1_122_4439/n22 (net)
                  0.015    0.000    1.508 v DP_OP_61J1_122_4439/U22/CI (FA_X1)
                  0.015    0.072    1.580 v DP_OP_61J1_122_4439/U22/CO (FA_X1)
    1    2.974                              DP_OP_61J1_122_4439/n21 (net)
                  0.015    0.000    1.580 v DP_OP_61J1_122_4439/U21/CI (FA_X1)
                  0.015    0.072    1.652 v DP_OP_61J1_122_4439/U21/CO (FA_X1)
    1    2.974                              DP_OP_61J1_122_4439/n20 (net)
                  0.015    0.000    1.652 v DP_OP_61J1_122_4439/U20/CI (FA_X1)
                  0.015    0.072    1.724 v DP_OP_61J1_122_4439/U20/CO (FA_X1)
    1    2.974                              DP_OP_61J1_122_4439/n19 (net)
                  0.015    0.000    1.724 v DP_OP_61J1_122_4439/U19/CI (FA_X1)
                  0.015    0.072    1.796 v DP_OP_61J1_122_4439/U19/CO (FA_X1)
    1    2.974                              DP_OP_61J1_122_4439/n18 (net)
                  0.015    0.000    1.796 v DP_OP_61J1_122_4439/U18/CI (FA_X1)
                  0.015    0.072    1.868 v DP_OP_61J1_122_4439/U18/CO (FA_X1)
    1    2.974                              DP_OP_61J1_122_4439/n17 (net)
                  0.015    0.000    1.868 v DP_OP_61J1_122_4439/U17/CI (FA_X1)
                  0.015    0.072    1.940 v DP_OP_61J1_122_4439/U17/CO (FA_X1)
    1    2.974                              DP_OP_61J1_122_4439/n16 (net)
                  0.015    0.000    1.940 v DP_OP_61J1_122_4439/U16/CI (FA_X1)
                  0.015    0.072    2.012 v DP_OP_61J1_122_4439/U16/CO (FA_X1)
    1    2.974                              DP_OP_61J1_122_4439/n15 (net)
                  0.015    0.000    2.012 v DP_OP_61J1_122_4439/U15/CI (FA_X1)
                  0.015    0.072    2.084 v DP_OP_61J1_122_4439/U15/CO (FA_X1)
    1    2.974                              DP_OP_61J1_122_4439/n14 (net)
                  0.015    0.000    2.084 v DP_OP_61J1_122_4439/U14/CI (FA_X1)
                  0.015    0.072    2.156 v DP_OP_61J1_122_4439/U14/CO (FA_X1)
    1    2.974                              DP_OP_61J1_122_4439/n13 (net)
                  0.015    0.000    2.156 v DP_OP_61J1_122_4439/U13/CI (FA_X1)
                  0.015    0.072    2.228 v DP_OP_61J1_122_4439/U13/CO (FA_X1)
    1    2.974                              DP_OP_61J1_122_4439/n12 (net)
                  0.015    0.000    2.228 v DP_OP_61J1_122_4439/U12/CI (FA_X1)
                  0.015    0.072    2.300 v DP_OP_61J1_122_4439/U12/CO (FA_X1)
    1    2.974                              DP_OP_61J1_122_4439/n11 (net)
                  0.015    0.000    2.300 v DP_OP_61J1_122_4439/U11/CI (FA_X1)
                  0.015    0.072    2.372 v DP_OP_61J1_122_4439/U11/CO (FA_X1)
    1    2.974                              DP_OP_61J1_122_4439/n10 (net)
                  0.015    0.000    2.372 v DP_OP_61J1_122_4439/U10/CI (FA_X1)
                  0.015    0.072    2.444 v DP_OP_61J1_122_4439/U10/CO (FA_X1)
    1    2.974                              DP_OP_61J1_122_4439/n9 (net)
                  0.015    0.000    2.444 v DP_OP_61J1_122_4439/U9/CI (FA_X1)
                  0.015    0.072    2.516 v DP_OP_61J1_122_4439/U9/CO (FA_X1)
    1    2.974                              DP_OP_61J1_122_4439/n8 (net)
                  0.015    0.000    2.516 v DP_OP_61J1_122_4439/U8/CI (FA_X1)
                  0.015    0.072    2.588 v DP_OP_61J1_122_4439/U8/CO (FA_X1)
    1    2.974                              DP_OP_61J1_122_4439/n7 (net)
                  0.015    0.000    2.588 v DP_OP_61J1_122_4439/U7/CI (FA_X1)
                  0.015    0.072    2.660 v DP_OP_61J1_122_4439/U7/CO (FA_X1)
    1    2.974                              DP_OP_61J1_122_4439/n6 (net)
                  0.015    0.000    2.660 v DP_OP_61J1_122_4439/U6/CI (FA_X1)
                  0.015    0.072    2.732 v DP_OP_61J1_122_4439/U6/CO (FA_X1)
    1    2.974                              DP_OP_61J1_122_4439/n5 (net)
                  0.015    0.000    2.732 v DP_OP_61J1_122_4439/U5/CI (FA_X1)
                  0.015    0.072    2.804 v DP_OP_61J1_122_4439/U5/CO (FA_X1)
    1    2.974                              DP_OP_61J1_122_4439/n4 (net)
                  0.015    0.000    2.804 v DP_OP_61J1_122_4439/U4/CI (FA_X1)
                  0.015    0.072    2.876 v DP_OP_61J1_122_4439/U4/CO (FA_X1)
    1    2.974                              DP_OP_61J1_122_4439/n3 (net)
                  0.015    0.000    2.876 v DP_OP_61J1_122_4439/U3/CI (FA_X1)
                  0.011    0.112    2.988 ^ DP_OP_61J1_122_4439/U3/S (FA_X1)
    1    1.909                              C33/DATA3_30 (net)
                  0.011    0.000    2.988 ^ U437/A1 (NAND2_X1)
                  0.019    0.013    3.002 v U437/ZN (NAND2_X1)
    1    1.828                              n374 (net)
                  0.019    0.000    3.002 v U438/A (OAI21_X1)
                  0.022    0.025    3.026 ^ U438/ZN (OAI21_X1)
    1    1.438                              n257 (net)
                  0.022    0.000    3.026 ^ cont1_reg[30]/D (DFFR_X1)
                                    3.026   data arrival time

                  0.000    0.000    0.000   clock clock (rise edge)
                           0.000    0.000   clock network delay (ideal)
                           0.000    0.000   clock reconvergence pessimism
                                    0.000 ^ cont1_reg[30]/CK (DFFR_X1)
                          -0.037   -0.037   library setup time
                                   -0.037   data required time
--------------------------------------------------------------------------------
                                   -0.037   data required time
                                   -3.026   data arrival time
--------------------------------------------------------------------------------
                                   -3.063   slack (VIOLATED)


Startpoint: stato_reg[0] (rising edge-triggered flip-flop clocked by clock)
Endpoint: cont1_reg[29] (rising edge-triggered flip-flop clocked by clock)
Path Group: clock
Path Type: max

Fanout      Cap     Slew    Delay     Time   Description
--------------------------------------------------------------------------------
                  0.000    0.000    0.000   clock clock (rise edge)
                           0.000    0.000   clock network delay (ideal)
                  0.000    0.000    0.000 ^ stato_reg[0]/CK (DFFR_X1)
                  0.036    0.128    0.128 ^ stato_reg[0]/Q (DFFR_X1)
    7   13.997                              stato[0] (net)
                  0.036    0.000    0.128 ^ U338/A2 (OR2_X1)
                  0.037    0.065    0.192 ^ U338/ZN (OR2_X1)
    7   14.925                              n468 (net)
                  0.037    0.000    0.192 ^ U382/A1 (NOR2_X1)
                  0.012    0.017    0.209 v U382/ZN (NOR2_X1)
    2    3.812                              n375 (net)
                  0.012    0.000    0.209 v U383/A (INV_X1)
                  0.008    0.015    0.224 ^ U383/ZN (INV_X1)
    1    1.948                              n348 (net)
                  0.008    0.000    0.224 ^ U387/A3 (NAND4_X1)
                  0.161    0.198    0.422 v U387/ZN (NAND4_X1)
   17   45.716                              n425 (net)
                  0.161    0.000    0.422 v U388/A (CLKBUF_X1)
                  0.113    0.193    0.615 v U388/Z (CLKBUF_X1)
   17   48.417                              n548 (net)
                  0.113    0.000    0.615 v U526/A (XOR2_X1)
                  0.029    0.095    0.710 v U526/Z (XOR2_X1)
    1    2.974                              DP_OP_61J1_122_4439/n68 (net)
                  0.029    0.000    0.710 v DP_OP_61J1_122_4439/U33/CI (FA_X1)
                  0.015    0.079    0.789 v DP_OP_61J1_122_4439/U33/CO (FA_X1)
    1    2.974                              DP_OP_61J1_122_4439/n32 (net)
                  0.015    0.000    0.789 v DP_OP_61J1_122_4439/U32/CI (FA_X1)
                  0.015    0.072    0.861 v DP_OP_61J1_122_4439/U32/CO (FA_X1)
    1    2.974                              DP_OP_61J1_122_4439/n31 (net)
                  0.015    0.000    0.861 v DP_OP_61J1_122_4439/U31/CI (FA_X1)
                  0.015    0.072    0.933 v DP_OP_61J1_122_4439/U31/CO (FA_X1)
    1    2.974                              DP_OP_61J1_122_4439/n30 (net)
                  0.015    0.000    0.933 v DP_OP_61J1_122_4439/U30/CI (FA_X1)
                  0.015    0.072    1.005 v DP_OP_61J1_122_4439/U30/CO (FA_X1)
    1    2.974                              DP_OP_61J1_122_4439/n29 (net)
                  0.015    0.000    1.005 v DP_OP_61J1_122_4439/U29/CI (FA_X1)
                  0.015    0.072    1.077 v DP_OP_61J1_122_4439/U29/CO (FA_X1)
    1    2.974                              DP_OP_61J1_122_4439/n28 (net)
                  0.015    0.000    1.077 v DP_OP_61J1_122_4439/U28/CI (FA_X1)
                  0.015    0.072    1.149 v DP_OP_61J1_122_4439/U28/CO (FA_X1)
    1    2.974                              DP_OP_61J1_122_4439/n27 (net)
                  0.015    0.000    1.149 v DP_OP_61J1_122_4439/U27/CI (FA_X1)
                  0.015    0.072    1.221 v DP_OP_61J1_122_4439/U27/CO (FA_X1)
    1    2.974                              DP_OP_61J1_122_4439/n26 (net)
                  0.015    0.000    1.221 v DP_OP_61J1_122_4439/U26/CI (FA_X1)
                  0.015    0.072    1.293 v DP_OP_61J1_122_4439/U26/CO (FA_X1)
    1    2.974                              DP_OP_61J1_122_4439/n25 (net)
                  0.015    0.000    1.293 v DP_OP_61J1_122_4439/U25/CI (FA_X1)
                  0.015    0.072    1.365 v DP_OP_61J1_122_4439/U25/CO (FA_X1)
    1    2.974                              DP_OP_61J1_122_4439/n24 (net)
                  0.015    0.000    1.365 v DP_OP_61J1_122_4439/U24/CI (FA_X1)
                  0.015    0.072    1.436 v DP_OP_61J1_122_4439/U24/CO (FA_X1)
    1    2.974                              DP_OP_61J1_122_4439/n23 (net)
                  0.015    0.000    1.437 v DP_OP_61J1_122_4439/U23/CI (FA_X1)
                  0.015    0.072    1.508 v DP_OP_61J1_122_4439/U23/CO (FA_X1)
    1    2.974                              DP_OP_61J1_122_4439/n22 (net)
                  0.015    0.000    1.508 v DP_OP_61J1_122_4439/U22/CI (FA_X1)
                  0.015    0.072    1.580 v DP_OP_61J1_122_4439/U22/CO (FA_X1)
    1    2.974                              DP_OP_61J1_122_4439/n21 (net)
                  0.015    0.000    1.580 v DP_OP_61J1_122_4439/U21/CI (FA_X1)
                  0.015    0.072    1.652 v DP_OP_61J1_122_4439/U21/CO (FA_X1)
    1    2.974                              DP_OP_61J1_122_4439/n20 (net)
                  0.015    0.000    1.652 v DP_OP_61J1_122_4439/U20/CI (FA_X1)
                  0.015    0.072    1.724 v DP_OP_61J1_122_4439/U20/CO (FA_X1)
    1    2.974                              DP_OP_61J1_122_4439/n19 (net)
                  0.015    0.000    1.724 v DP_OP_61J1_122_4439/U19/CI (FA_X1)
                  0.015    0.072    1.796 v DP_OP_61J1_122_4439/U19/CO (FA_X1)
    1    2.974                              DP_OP_61J1_122_4439/n18 (net)
                  0.015    0.000    1.796 v DP_OP_61J1_122_4439/U18/CI (FA_X1)
                  0.015    0.072    1.868 v DP_OP_61J1_122_4439/U18/CO (FA_X1)
    1    2.974                              DP_OP_61J1_122_4439/n17 (net)
                  0.015    0.000    1.868 v DP_OP_61J1_122_4439/U17/CI (FA_X1)
                  0.015    0.072    1.940 v DP_OP_61J1_122_4439/U17/CO (FA_X1)
    1    2.974                              DP_OP_61J1_122_4439/n16 (net)
                  0.015    0.000    1.940 v DP_OP_61J1_122_4439/U16/CI (FA_X1)
                  0.015    0.072    2.012 v DP_OP_61J1_122_4439/U16/CO (FA_X1)
    1    2.974                              DP_OP_61J1_122_4439/n15 (net)
                  0.015    0.000    2.012 v DP_OP_61J1_122_4439/U15/CI (FA_X1)
                  0.015    0.072    2.084 v DP_OP_61J1_122_4439/U15/CO (FA_X1)
    1    2.974                              DP_OP_61J1_122_4439/n14 (net)
                  0.015    0.000    2.084 v DP_OP_61J1_122_4439/U14/CI (FA_X1)
                  0.015    0.072    2.156 v DP_OP_61J1_122_4439/U14/CO (FA_X1)
    1    2.974                              DP_OP_61J1_122_4439/n13 (net)
                  0.015    0.000    2.156 v DP_OP_61J1_122_4439/U13/CI (FA_X1)
                  0.015    0.072    2.228 v DP_OP_61J1_122_4439/U13/CO (FA_X1)
    1    2.974                              DP_OP_61J1_122_4439/n12 (net)
                  0.015    0.000    2.228 v DP_OP_61J1_122_4439/U12/CI (FA_X1)
                  0.015    0.072    2.300 v DP_OP_61J1_122_4439/U12/CO (FA_X1)
    1    2.974                              DP_OP_61J1_122_4439/n11 (net)
                  0.015    0.000    2.300 v DP_OP_61J1_122_4439/U11/CI (FA_X1)
                  0.015    0.072    2.372 v DP_OP_61J1_122_4439/U11/CO (FA_X1)
    1    2.974                              DP_OP_61J1_122_4439/n10 (net)
                  0.015    0.000    2.372 v DP_OP_61J1_122_4439/U10/CI (FA_X1)
                  0.015    0.072    2.444 v DP_OP_61J1_122_4439/U10/CO (FA_X1)
    1    2.974                              DP_OP_61J1_122_4439/n9 (net)
                  0.015    0.000    2.444 v DP_OP_61J1_122_4439/U9/CI (FA_X1)
                  0.015    0.072    2.516 v DP_OP_61J1_122_4439/U9/CO (FA_X1)
    1    2.974                              DP_OP_61J1_122_4439/n8 (net)
                  0.015    0.000    2.516 v DP_OP_61J1_122_4439/U8/CI (FA_X1)
                  0.015    0.072    2.588 v DP_OP_61J1_122_4439/U8/CO (FA_X1)
    1    2.974                              DP_OP_61J1_122_4439/n7 (net)
                  0.015    0.000    2.588 v DP_OP_61J1_122_4439/U7/CI (FA_X1)
                  0.015    0.072    2.660 v DP_OP_61J1_122_4439/U7/CO (FA_X1)
    1    2.974                              DP_OP_61J1_122_4439/n6 (net)
                  0.015    0.000    2.660 v DP_OP_61J1_122_4439/U6/CI (FA_X1)
                  0.015    0.072    2.732 v DP_OP_61J1_122_4439/U6/CO (FA_X1)
    1    2.974                              DP_OP_61J1_122_4439/n5 (net)
                  0.015    0.000    2.732 v DP_OP_61J1_122_4439/U5/CI (FA_X1)
                  0.015    0.072    2.804 v DP_OP_61J1_122_4439/U5/CO (FA_X1)
    1    2.974                              DP_OP_61J1_122_4439/n4 (net)
                  0.015    0.000    2.804 v DP_OP_61J1_122_4439/U4/CI (FA_X1)
                  0.011    0.112    2.916 ^ DP_OP_61J1_122_4439/U4/S (FA_X1)
    1    1.909                              C33/DATA3_29 (net)
                  0.011    0.000    2.916 ^ U435/A1 (NAND2_X1)
                  0.019    0.013    2.930 v U435/ZN (NAND2_X1)
    1    1.828                              n373 (net)
                  0.019    0.000    2.930 v U436/A (OAI21_X1)
                  0.022    0.025    2.954 ^ U436/ZN (OAI21_X1)
    1    1.438                              n258 (net)
                  0.022    0.000    2.954 ^ cont1_reg[29]/D (DFFR_X1)
                                    2.954   data arrival time

                  0.000    0.000    0.000   clock clock (rise edge)
                           0.000    0.000   clock network delay (ideal)
                           0.000    0.000   clock reconvergence pessimism
                                    0.000 ^ cont1_reg[29]/CK (DFFR_X1)
                          -0.037   -0.037   library setup time
                                   -0.037   data required time
--------------------------------------------------------------------------------
                                   -0.037   data required time
                                   -2.954   data arrival time
--------------------------------------------------------------------------------
                                   -2.991   slack (VIOLATED)


Startpoint: stato_reg[0] (rising edge-triggered flip-flop clocked by clock)
Endpoint: cont1_reg[28] (rising edge-triggered flip-flop clocked by clock)
Path Group: clock
Path Type: max

Fanout      Cap     Slew    Delay     Time   Description
--------------------------------------------------------------------------------
                  0.000    0.000    0.000   clock clock (rise edge)
                           0.000    0.000   clock network delay (ideal)
                  0.000    0.000    0.000 ^ stato_reg[0]/CK (DFFR_X1)
                  0.036    0.128    0.128 ^ stato_reg[0]/Q (DFFR_X1)
    7   13.997                              stato[0] (net)
                  0.036    0.000    0.128 ^ U338/A2 (OR2_X1)
                  0.037    0.065    0.192 ^ U338/ZN (OR2_X1)
    7   14.925                              n468 (net)
                  0.037    0.000    0.192 ^ U382/A1 (NOR2_X1)
                  0.012    0.017    0.209 v U382/ZN (NOR2_X1)
    2    3.812                              n375 (net)
                  0.012    0.000    0.209 v U383/A (INV_X1)
                  0.008    0.015    0.224 ^ U383/ZN (INV_X1)
    1    1.948                              n348 (net)
                  0.008    0.000    0.224 ^ U387/A3 (NAND4_X1)
                  0.161    0.198    0.422 v U387/ZN (NAND4_X1)
   17   45.716                              n425 (net)
                  0.161    0.000    0.422 v U388/A (CLKBUF_X1)
                  0.113    0.193    0.615 v U388/Z (CLKBUF_X1)
   17   48.417                              n548 (net)
                  0.113    0.000    0.615 v U526/A (XOR2_X1)
                  0.029    0.095    0.710 v U526/Z (XOR2_X1)
    1    2.974                              DP_OP_61J1_122_4439/n68 (net)
                  0.029    0.000    0.710 v DP_OP_61J1_122_4439/U33/CI (FA_X1)
                  0.015    0.079    0.789 v DP_OP_61J1_122_4439/U33/CO (FA_X1)
    1    2.974                              DP_OP_61J1_122_4439/n32 (net)
                  0.015    0.000    0.789 v DP_OP_61J1_122_4439/U32/CI (FA_X1)
                  0.015    0.072    0.861 v DP_OP_61J1_122_4439/U32/CO (FA_X1)
    1    2.974                              DP_OP_61J1_122_4439/n31 (net)
                  0.015    0.000    0.861 v DP_OP_61J1_122_4439/U31/CI (FA_X1)
                  0.015    0.072    0.933 v DP_OP_61J1_122_4439/U31/CO (FA_X1)
    1    2.974                              DP_OP_61J1_122_4439/n30 (net)
                  0.015    0.000    0.933 v DP_OP_61J1_122_4439/U30/CI (FA_X1)
                  0.015    0.072    1.005 v DP_OP_61J1_122_4439/U30/CO (FA_X1)
    1    2.974                              DP_OP_61J1_122_4439/n29 (net)
                  0.015    0.000    1.005 v DP_OP_61J1_122_4439/U29/CI (FA_X1)
                  0.015    0.072    1.077 v DP_OP_61J1_122_4439/U29/CO (FA_X1)
    1    2.974                              DP_OP_61J1_122_4439/n28 (net)
                  0.015    0.000    1.077 v DP_OP_61J1_122_4439/U28/CI (FA_X1)
                  0.015    0.072    1.149 v DP_OP_61J1_122_4439/U28/CO (FA_X1)
    1    2.974                              DP_OP_61J1_122_4439/n27 (net)
                  0.015    0.000    1.149 v DP_OP_61J1_122_4439/U27/CI (FA_X1)
                  0.015    0.072    1.221 v DP_OP_61J1_122_4439/U27/CO (FA_X1)
    1    2.974                              DP_OP_61J1_122_4439/n26 (net)
                  0.015    0.000    1.221 v DP_OP_61J1_122_4439/U26/CI (FA_X1)
                  0.015    0.072    1.293 v DP_OP_61J1_122_4439/U26/CO (FA_X1)
    1    2.974                              DP_OP_61J1_122_4439/n25 (net)
                  0.015    0.000    1.293 v DP_OP_61J1_122_4439/U25/CI (FA_X1)
                  0.015    0.072    1.365 v DP_OP_61J1_122_4439/U25/CO (FA_X1)
    1    2.974                              DP_OP_61J1_122_4439/n24 (net)
                  0.015    0.000    1.365 v DP_OP_61J1_122_4439/U24/CI (FA_X1)
                  0.015    0.072    1.436 v DP_OP_61J1_122_4439/U24/CO (FA_X1)
    1    2.974                              DP_OP_61J1_122_4439/n23 (net)
                  0.015    0.000    1.437 v DP_OP_61J1_122_4439/U23/CI (FA_X1)
                  0.015    0.072    1.508 v DP_OP_61J1_122_4439/U23/CO (FA_X1)
    1    2.974                              DP_OP_61J1_122_4439/n22 (net)
                  0.015    0.000    1.508 v DP_OP_61J1_122_4439/U22/CI (FA_X1)
                  0.015    0.072    1.580 v DP_OP_61J1_122_4439/U22/CO (FA_X1)
    1    2.974                              DP_OP_61J1_122_4439/n21 (net)
                  0.015    0.000    1.580 v DP_OP_61J1_122_4439/U21/CI (FA_X1)
                  0.015    0.072    1.652 v DP_OP_61J1_122_4439/U21/CO (FA_X1)
    1    2.974                              DP_OP_61J1_122_4439/n20 (net)
                  0.015    0.000    1.652 v DP_OP_61J1_122_4439/U20/CI (FA_X1)
                  0.015    0.072    1.724 v DP_OP_61J1_122_4439/U20/CO (FA_X1)
    1    2.974                              DP_OP_61J1_122_4439/n19 (net)
                  0.015    0.000    1.724 v DP_OP_61J1_122_4439/U19/CI (FA_X1)
                  0.015    0.072    1.796 v DP_OP_61J1_122_4439/U19/CO (FA_X1)
    1    2.974                              DP_OP_61J1_122_4439/n18 (net)
                  0.015    0.000    1.796 v DP_OP_61J1_122_4439/U18/CI (FA_X1)
                  0.015    0.072    1.868 v DP_OP_61J1_122_4439/U18/CO (FA_X1)
    1    2.974                              DP_OP_61J1_122_4439/n17 (net)
                  0.015    0.000    1.868 v DP_OP_61J1_122_4439/U17/CI (FA_X1)
                  0.015    0.072    1.940 v DP_OP_61J1_122_4439/U17/CO (FA_X1)
    1    2.974                              DP_OP_61J1_122_4439/n16 (net)
                  0.015    0.000    1.940 v DP_OP_61J1_122_4439/U16/CI (FA_X1)
                  0.015    0.072    2.012 v DP_OP_61J1_122_4439/U16/CO (FA_X1)
    1    2.974                              DP_OP_61J1_122_4439/n15 (net)
                  0.015    0.000    2.012 v DP_OP_61J1_122_4439/U15/CI (FA_X1)
                  0.015    0.072    2.084 v DP_OP_61J1_122_4439/U15/CO (FA_X1)
    1    2.974                              DP_OP_61J1_122_4439/n14 (net)
                  0.015    0.000    2.084 v DP_OP_61J1_122_4439/U14/CI (FA_X1)
                  0.015    0.072    2.156 v DP_OP_61J1_122_4439/U14/CO (FA_X1)
    1    2.974                              DP_OP_61J1_122_4439/n13 (net)
                  0.015    0.000    2.156 v DP_OP_61J1_122_4439/U13/CI (FA_X1)
                  0.015    0.072    2.228 v DP_OP_61J1_122_4439/U13/CO (FA_X1)
    1    2.974                              DP_OP_61J1_122_4439/n12 (net)
                  0.015    0.000    2.228 v DP_OP_61J1_122_4439/U12/CI (FA_X1)
                  0.015    0.072    2.300 v DP_OP_61J1_122_4439/U12/CO (FA_X1)
    1    2.974                              DP_OP_61J1_122_4439/n11 (net)
                  0.015    0.000    2.300 v DP_OP_61J1_122_4439/U11/CI (FA_X1)
                  0.015    0.072    2.372 v DP_OP_61J1_122_4439/U11/CO (FA_X1)
    1    2.974                              DP_OP_61J1_122_4439/n10 (net)
                  0.015    0.000    2.372 v DP_OP_61J1_122_4439/U10/CI (FA_X1)
                  0.015    0.072    2.444 v DP_OP_61J1_122_4439/U10/CO (FA_X1)
    1    2.974                              DP_OP_61J1_122_4439/n9 (net)
                  0.015    0.000    2.444 v DP_OP_61J1_122_4439/U9/CI (FA_X1)
                  0.015    0.072    2.516 v DP_OP_61J1_122_4439/U9/CO (FA_X1)
    1    2.974                              DP_OP_61J1_122_4439/n8 (net)
                  0.015    0.000    2.516 v DP_OP_61J1_122_4439/U8/CI (FA_X1)
                  0.015    0.072    2.588 v DP_OP_61J1_122_4439/U8/CO (FA_X1)
    1    2.974                              DP_OP_61J1_122_4439/n7 (net)
                  0.015    0.000    2.588 v DP_OP_61J1_122_4439/U7/CI (FA_X1)
                  0.015    0.072    2.660 v DP_OP_61J1_122_4439/U7/CO (FA_X1)
    1    2.974                              DP_OP_61J1_122_4439/n6 (net)
                  0.015    0.000    2.660 v DP_OP_61J1_122_4439/U6/CI (FA_X1)
                  0.015    0.072    2.732 v DP_OP_61J1_122_4439/U6/CO (FA_X1)
    1    2.974                              DP_OP_61J1_122_4439/n5 (net)
                  0.015    0.000    2.732 v DP_OP_61J1_122_4439/U5/CI (FA_X1)
                  0.011    0.112    2.844 ^ DP_OP_61J1_122_4439/U5/S (FA_X1)
    1    1.909                              C33/DATA3_28 (net)
                  0.011    0.000    2.844 ^ U433/A1 (NAND2_X1)
                  0.019    0.013    2.858 v U433/ZN (NAND2_X1)
    1    1.828                              n372 (net)
                  0.019    0.000    2.858 v U434/A (OAI21_X1)
                  0.022    0.025    2.882 ^ U434/ZN (OAI21_X1)
    1    1.438                              n259 (net)
                  0.022    0.000    2.882 ^ cont1_reg[28]/D (DFFR_X1)
                                    2.882   data arrival time

                  0.000    0.000    0.000   clock clock (rise edge)
                           0.000    0.000   clock network delay (ideal)
                           0.000    0.000   clock reconvergence pessimism
                                    0.000 ^ cont1_reg[28]/CK (DFFR_X1)
                          -0.037   -0.037   library setup time
                                   -0.037   data required time
--------------------------------------------------------------------------------
                                   -0.037   data required time
                                   -2.882   data arrival time
--------------------------------------------------------------------------------
                                   -2.919   slack (VIOLATED)


Startpoint: stato_reg[0] (rising edge-triggered flip-flop clocked by clock)
Endpoint: cont1_reg[27] (rising edge-triggered flip-flop clocked by clock)
Path Group: clock
Path Type: max

Fanout      Cap     Slew    Delay     Time   Description
--------------------------------------------------------------------------------
                  0.000    0.000    0.000   clock clock (rise edge)
                           0.000    0.000   clock network delay (ideal)
                  0.000    0.000    0.000 ^ stato_reg[0]/CK (DFFR_X1)
                  0.036    0.128    0.128 ^ stato_reg[0]/Q (DFFR_X1)
    7   13.997                              stato[0] (net)
                  0.036    0.000    0.128 ^ U338/A2 (OR2_X1)
                  0.037    0.065    0.192 ^ U338/ZN (OR2_X1)
    7   14.925                              n468 (net)
                  0.037    0.000    0.192 ^ U382/A1 (NOR2_X1)
                  0.012    0.017    0.209 v U382/ZN (NOR2_X1)
    2    3.812                              n375 (net)
                  0.012    0.000    0.209 v U383/A (INV_X1)
                  0.008    0.015    0.224 ^ U383/ZN (INV_X1)
    1    1.948                              n348 (net)
                  0.008    0.000    0.224 ^ U387/A3 (NAND4_X1)
                  0.161    0.198    0.422 v U387/ZN (NAND4_X1)
   17   45.716                              n425 (net)
                  0.161    0.000    0.422 v U388/A (CLKBUF_X1)
                  0.113    0.193    0.615 v U388/Z (CLKBUF_X1)
   17   48.417                              n548 (net)
                  0.113    0.000    0.615 v U526/A (XOR2_X1)
                  0.029    0.095    0.710 v U526/Z (XOR2_X1)
    1    2.974                              DP_OP_61J1_122_4439/n68 (net)
                  0.029    0.000    0.710 v DP_OP_61J1_122_4439/U33/CI (FA_X1)
                  0.015    0.079    0.789 v DP_OP_61J1_122_4439/U33/CO (FA_X1)
    1    2.974                              DP_OP_61J1_122_4439/n32 (net)
                  0.015    0.000    0.789 v DP_OP_61J1_122_4439/U32/CI (FA_X1)
                  0.015    0.072    0.861 v DP_OP_61J1_122_4439/U32/CO (FA_X1)
    1    2.974                              DP_OP_61J1_122_4439/n31 (net)
                  0.015    0.000    0.861 v DP_OP_61J1_122_4439/U31/CI (FA_X1)
                  0.015    0.072    0.933 v DP_OP_61J1_122_4439/U31/CO (FA_X1)
    1    2.974                              DP_OP_61J1_122_4439/n30 (net)
                  0.015    0.000    0.933 v DP_OP_61J1_122_4439/U30/CI (FA_X1)
                  0.015    0.072    1.005 v DP_OP_61J1_122_4439/U30/CO (FA_X1)
    1    2.974                              DP_OP_61J1_122_4439/n29 (net)
                  0.015    0.000    1.005 v DP_OP_61J1_122_4439/U29/CI (FA_X1)
                  0.015    0.072    1.077 v DP_OP_61J1_122_4439/U29/CO (FA_X1)
    1    2.974                              DP_OP_61J1_122_4439/n28 (net)
                  0.015    0.000    1.077 v DP_OP_61J1_122_4439/U28/CI (FA_X1)
                  0.015    0.072    1.149 v DP_OP_61J1_122_4439/U28/CO (FA_X1)
    1    2.974                              DP_OP_61J1_122_4439/n27 (net)
                  0.015    0.000    1.149 v DP_OP_61J1_122_4439/U27/CI (FA_X1)
                  0.015    0.072    1.221 v DP_OP_61J1_122_4439/U27/CO (FA_X1)
    1    2.974                              DP_OP_61J1_122_4439/n26 (net)
                  0.015    0.000    1.221 v DP_OP_61J1_122_4439/U26/CI (FA_X1)
                  0.015    0.072    1.293 v DP_OP_61J1_122_4439/U26/CO (FA_X1)
    1    2.974                              DP_OP_61J1_122_4439/n25 (net)
                  0.015    0.000    1.293 v DP_OP_61J1_122_4439/U25/CI (FA_X1)
                  0.015    0.072    1.365 v DP_OP_61J1_122_4439/U25/CO (FA_X1)
    1    2.974                              DP_OP_61J1_122_4439/n24 (net)
                  0.015    0.000    1.365 v DP_OP_61J1_122_4439/U24/CI (FA_X1)
                  0.015    0.072    1.436 v DP_OP_61J1_122_4439/U24/CO (FA_X1)
    1    2.974                              DP_OP_61J1_122_4439/n23 (net)
                  0.015    0.000    1.437 v DP_OP_61J1_122_4439/U23/CI (FA_X1)
                  0.015    0.072    1.508 v DP_OP_61J1_122_4439/U23/CO (FA_X1)
    1    2.974                              DP_OP_61J1_122_4439/n22 (net)
                  0.015    0.000    1.508 v DP_OP_61J1_122_4439/U22/CI (FA_X1)
                  0.015    0.072    1.580 v DP_OP_61J1_122_4439/U22/CO (FA_X1)
    1    2.974                              DP_OP_61J1_122_4439/n21 (net)
                  0.015    0.000    1.580 v DP_OP_61J1_122_4439/U21/CI (FA_X1)
                  0.015    0.072    1.652 v DP_OP_61J1_122_4439/U21/CO (FA_X1)
    1    2.974                              DP_OP_61J1_122_4439/n20 (net)
                  0.015    0.000    1.652 v DP_OP_61J1_122_4439/U20/CI (FA_X1)
                  0.015    0.072    1.724 v DP_OP_61J1_122_4439/U20/CO (FA_X1)
    1    2.974                              DP_OP_61J1_122_4439/n19 (net)
                  0.015    0.000    1.724 v DP_OP_61J1_122_4439/U19/CI (FA_X1)
                  0.015    0.072    1.796 v DP_OP_61J1_122_4439/U19/CO (FA_X1)
    1    2.974                              DP_OP_61J1_122_4439/n18 (net)
                  0.015    0.000    1.796 v DP_OP_61J1_122_4439/U18/CI (FA_X1)
                  0.015    0.072    1.868 v DP_OP_61J1_122_4439/U18/CO (FA_X1)
    1    2.974                              DP_OP_61J1_122_4439/n17 (net)
                  0.015    0.000    1.868 v DP_OP_61J1_122_4439/U17/CI (FA_X1)
                  0.015    0.072    1.940 v DP_OP_61J1_122_4439/U17/CO (FA_X1)
    1    2.974                              DP_OP_61J1_122_4439/n16 (net)
                  0.015    0.000    1.940 v DP_OP_61J1_122_4439/U16/CI (FA_X1)
                  0.015    0.072    2.012 v DP_OP_61J1_122_4439/U16/CO (FA_X1)
    1    2.974                              DP_OP_61J1_122_4439/n15 (net)
                  0.015    0.000    2.012 v DP_OP_61J1_122_4439/U15/CI (FA_X1)
                  0.015    0.072    2.084 v DP_OP_61J1_122_4439/U15/CO (FA_X1)
    1    2.974                              DP_OP_61J1_122_4439/n14 (net)
                  0.015    0.000    2.084 v DP_OP_61J1_122_4439/U14/CI (FA_X1)
                  0.015    0.072    2.156 v DP_OP_61J1_122_4439/U14/CO (FA_X1)
    1    2.974                              DP_OP_61J1_122_4439/n13 (net)
                  0.015    0.000    2.156 v DP_OP_61J1_122_4439/U13/CI (FA_X1)
                  0.015    0.072    2.228 v DP_OP_61J1_122_4439/U13/CO (FA_X1)
    1    2.974                              DP_OP_61J1_122_4439/n12 (net)
                  0.015    0.000    2.228 v DP_OP_61J1_122_4439/U12/CI (FA_X1)
                  0.015    0.072    2.300 v DP_OP_61J1_122_4439/U12/CO (FA_X1)
    1    2.974                              DP_OP_61J1_122_4439/n11 (net)
                  0.015    0.000    2.300 v DP_OP_61J1_122_4439/U11/CI (FA_X1)
                  0.015    0.072    2.372 v DP_OP_61J1_122_4439/U11/CO (FA_X1)
    1    2.974                              DP_OP_61J1_122_4439/n10 (net)
                  0.015    0.000    2.372 v DP_OP_61J1_122_4439/U10/CI (FA_X1)
                  0.015    0.072    2.444 v DP_OP_61J1_122_4439/U10/CO (FA_X1)
    1    2.974                              DP_OP_61J1_122_4439/n9 (net)
                  0.015    0.000    2.444 v DP_OP_61J1_122_4439/U9/CI (FA_X1)
                  0.015    0.072    2.516 v DP_OP_61J1_122_4439/U9/CO (FA_X1)
    1    2.974                              DP_OP_61J1_122_4439/n8 (net)
                  0.015    0.000    2.516 v DP_OP_61J1_122_4439/U8/CI (FA_X1)
                  0.015    0.072    2.588 v DP_OP_61J1_122_4439/U8/CO (FA_X1)
    1    2.974                              DP_OP_61J1_122_4439/n7 (net)
                  0.015    0.000    2.588 v DP_OP_61J1_122_4439/U7/CI (FA_X1)
                  0.015    0.072    2.660 v DP_OP_61J1_122_4439/U7/CO (FA_X1)
    1    2.974                              DP_OP_61J1_122_4439/n6 (net)
                  0.015    0.000    2.660 v DP_OP_61J1_122_4439/U6/CI (FA_X1)
                  0.011    0.112    2.772 ^ DP_OP_61J1_122_4439/U6/S (FA_X1)
    1    1.909                              C33/DATA3_27 (net)
                  0.011    0.000    2.772 ^ U431/A1 (NAND2_X1)
                  0.019    0.013    2.786 v U431/ZN (NAND2_X1)
    1    1.828                              n371 (net)
                  0.019    0.000    2.786 v U432/A (OAI21_X1)
                  0.022    0.025    2.810 ^ U432/ZN (OAI21_X1)
    1    1.438                              n260 (net)
                  0.022    0.000    2.810 ^ cont1_reg[27]/D (DFFR_X1)
                                    2.810   data arrival time

                  0.000    0.000    0.000   clock clock (rise edge)
                           0.000    0.000   clock network delay (ideal)
                           0.000    0.000   clock reconvergence pessimism
                                    0.000 ^ cont1_reg[27]/CK (DFFR_X1)
                          -0.037   -0.037   library setup time
                                   -0.037   data required time
--------------------------------------------------------------------------------
                                   -0.037   data required time
                                   -2.810   data arrival time
--------------------------------------------------------------------------------
                                   -2.847   slack (VIOLATED)


Startpoint: stato_reg[0] (rising edge-triggered flip-flop clocked by clock)
Endpoint: cont1_reg[26] (rising edge-triggered flip-flop clocked by clock)
Path Group: clock
Path Type: max

Fanout      Cap     Slew    Delay     Time   Description
--------------------------------------------------------------------------------
                  0.000    0.000    0.000   clock clock (rise edge)
                           0.000    0.000   clock network delay (ideal)
                  0.000    0.000    0.000 ^ stato_reg[0]/CK (DFFR_X1)
                  0.036    0.128    0.128 ^ stato_reg[0]/Q (DFFR_X1)
    7   13.997                              stato[0] (net)
                  0.036    0.000    0.128 ^ U338/A2 (OR2_X1)
                  0.037    0.065    0.192 ^ U338/ZN (OR2_X1)
    7   14.925                              n468 (net)
                  0.037    0.000    0.192 ^ U382/A1 (NOR2_X1)
                  0.012    0.017    0.209 v U382/ZN (NOR2_X1)
    2    3.812                              n375 (net)
                  0.012    0.000    0.209 v U383/A (INV_X1)
                  0.008    0.015    0.224 ^ U383/ZN (INV_X1)
    1    1.948                              n348 (net)
                  0.008    0.000    0.224 ^ U387/A3 (NAND4_X1)
                  0.161    0.198    0.422 v U387/ZN (NAND4_X1)
   17   45.716                              n425 (net)
                  0.161    0.000    0.422 v U388/A (CLKBUF_X1)
                  0.113    0.193    0.615 v U388/Z (CLKBUF_X1)
   17   48.417                              n548 (net)
                  0.113    0.000    0.615 v U526/A (XOR2_X1)
                  0.029    0.095    0.710 v U526/Z (XOR2_X1)
    1    2.974                              DP_OP_61J1_122_4439/n68 (net)
                  0.029    0.000    0.710 v DP_OP_61J1_122_4439/U33/CI (FA_X1)
                  0.015    0.079    0.789 v DP_OP_61J1_122_4439/U33/CO (FA_X1)
    1    2.974                              DP_OP_61J1_122_4439/n32 (net)
                  0.015    0.000    0.789 v DP_OP_61J1_122_4439/U32/CI (FA_X1)
                  0.015    0.072    0.861 v DP_OP_61J1_122_4439/U32/CO (FA_X1)
    1    2.974                              DP_OP_61J1_122_4439/n31 (net)
                  0.015    0.000    0.861 v DP_OP_61J1_122_4439/U31/CI (FA_X1)
                  0.015    0.072    0.933 v DP_OP_61J1_122_4439/U31/CO (FA_X1)
    1    2.974                              DP_OP_61J1_122_4439/n30 (net)
                  0.015    0.000    0.933 v DP_OP_61J1_122_4439/U30/CI (FA_X1)
                  0.015    0.072    1.005 v DP_OP_61J1_122_4439/U30/CO (FA_X1)
    1    2.974                              DP_OP_61J1_122_4439/n29 (net)
                  0.015    0.000    1.005 v DP_OP_61J1_122_4439/U29/CI (FA_X1)
                  0.015    0.072    1.077 v DP_OP_61J1_122_4439/U29/CO (FA_X1)
    1    2.974                              DP_OP_61J1_122_4439/n28 (net)
                  0.015    0.000    1.077 v DP_OP_61J1_122_4439/U28/CI (FA_X1)
                  0.015    0.072    1.149 v DP_OP_61J1_122_4439/U28/CO (FA_X1)
    1    2.974                              DP_OP_61J1_122_4439/n27 (net)
                  0.015    0.000    1.149 v DP_OP_61J1_122_4439/U27/CI (FA_X1)
                  0.015    0.072    1.221 v DP_OP_61J1_122_4439/U27/CO (FA_X1)
    1    2.974                              DP_OP_61J1_122_4439/n26 (net)
                  0.015    0.000    1.221 v DP_OP_61J1_122_4439/U26/CI (FA_X1)
                  0.015    0.072    1.293 v DP_OP_61J1_122_4439/U26/CO (FA_X1)
    1    2.974                              DP_OP_61J1_122_4439/n25 (net)
                  0.015    0.000    1.293 v DP_OP_61J1_122_4439/U25/CI (FA_X1)
                  0.015    0.072    1.365 v DP_OP_61J1_122_4439/U25/CO (FA_X1)
    1    2.974                              DP_OP_61J1_122_4439/n24 (net)
                  0.015    0.000    1.365 v DP_OP_61J1_122_4439/U24/CI (FA_X1)
                  0.015    0.072    1.436 v DP_OP_61J1_122_4439/U24/CO (FA_X1)
    1    2.974                              DP_OP_61J1_122_4439/n23 (net)
                  0.015    0.000    1.437 v DP_OP_61J1_122_4439/U23/CI (FA_X1)
                  0.015    0.072    1.508 v DP_OP_61J1_122_4439/U23/CO (FA_X1)
    1    2.974                              DP_OP_61J1_122_4439/n22 (net)
                  0.015    0.000    1.508 v DP_OP_61J1_122_4439/U22/CI (FA_X1)
                  0.015    0.072    1.580 v DP_OP_61J1_122_4439/U22/CO (FA_X1)
    1    2.974                              DP_OP_61J1_122_4439/n21 (net)
                  0.015    0.000    1.580 v DP_OP_61J1_122_4439/U21/CI (FA_X1)
                  0.015    0.072    1.652 v DP_OP_61J1_122_4439/U21/CO (FA_X1)
    1    2.974                              DP_OP_61J1_122_4439/n20 (net)
                  0.015    0.000    1.652 v DP_OP_61J1_122_4439/U20/CI (FA_X1)
                  0.015    0.072    1.724 v DP_OP_61J1_122_4439/U20/CO (FA_X1)
    1    2.974                              DP_OP_61J1_122_4439/n19 (net)
                  0.015    0.000    1.724 v DP_OP_61J1_122_4439/U19/CI (FA_X1)
                  0.015    0.072    1.796 v DP_OP_61J1_122_4439/U19/CO (FA_X1)
    1    2.974                              DP_OP_61J1_122_4439/n18 (net)
                  0.015    0.000    1.796 v DP_OP_61J1_122_4439/U18/CI (FA_X1)
                  0.015    0.072    1.868 v DP_OP_61J1_122_4439/U18/CO (FA_X1)
    1    2.974                              DP_OP_61J1_122_4439/n17 (net)
                  0.015    0.000    1.868 v DP_OP_61J1_122_4439/U17/CI (FA_X1)
                  0.015    0.072    1.940 v DP_OP_61J1_122_4439/U17/CO (FA_X1)
    1    2.974                              DP_OP_61J1_122_4439/n16 (net)
                  0.015    0.000    1.940 v DP_OP_61J1_122_4439/U16/CI (FA_X1)
                  0.015    0.072    2.012 v DP_OP_61J1_122_4439/U16/CO (FA_X1)
    1    2.974                              DP_OP_61J1_122_4439/n15 (net)
                  0.015    0.000    2.012 v DP_OP_61J1_122_4439/U15/CI (FA_X1)
                  0.015    0.072    2.084 v DP_OP_61J1_122_4439/U15/CO (FA_X1)
    1    2.974                              DP_OP_61J1_122_4439/n14 (net)
                  0.015    0.000    2.084 v DP_OP_61J1_122_4439/U14/CI (FA_X1)
                  0.015    0.072    2.156 v DP_OP_61J1_122_4439/U14/CO (FA_X1)
    1    2.974                              DP_OP_61J1_122_4439/n13 (net)
                  0.015    0.000    2.156 v DP_OP_61J1_122_4439/U13/CI (FA_X1)
                  0.015    0.072    2.228 v DP_OP_61J1_122_4439/U13/CO (FA_X1)
    1    2.974                              DP_OP_61J1_122_4439/n12 (net)
                  0.015    0.000    2.228 v DP_OP_61J1_122_4439/U12/CI (FA_X1)
                  0.015    0.072    2.300 v DP_OP_61J1_122_4439/U12/CO (FA_X1)
    1    2.974                              DP_OP_61J1_122_4439/n11 (net)
                  0.015    0.000    2.300 v DP_OP_61J1_122_4439/U11/CI (FA_X1)
                  0.015    0.072    2.372 v DP_OP_61J1_122_4439/U11/CO (FA_X1)
    1    2.974                              DP_OP_61J1_122_4439/n10 (net)
                  0.015    0.000    2.372 v DP_OP_61J1_122_4439/U10/CI (FA_X1)
                  0.015    0.072    2.444 v DP_OP_61J1_122_4439/U10/CO (FA_X1)
    1    2.974                              DP_OP_61J1_122_4439/n9 (net)
                  0.015    0.000    2.444 v DP_OP_61J1_122_4439/U9/CI (FA_X1)
                  0.015    0.072    2.516 v DP_OP_61J1_122_4439/U9/CO (FA_X1)
    1    2.974                              DP_OP_61J1_122_4439/n8 (net)
                  0.015    0.000    2.516 v DP_OP_61J1_122_4439/U8/CI (FA_X1)
                  0.015    0.072    2.588 v DP_OP_61J1_122_4439/U8/CO (FA_X1)
    1    2.974                              DP_OP_61J1_122_4439/n7 (net)
                  0.015    0.000    2.588 v DP_OP_61J1_122_4439/U7/CI (FA_X1)
                  0.011    0.112    2.700 ^ DP_OP_61J1_122_4439/U7/S (FA_X1)
    1    1.909                              C33/DATA3_26 (net)
                  0.011    0.000    2.700 ^ U429/A1 (NAND2_X1)
                  0.019    0.013    2.714 v U429/ZN (NAND2_X1)
    1    1.828                              n370 (net)
                  0.019    0.000    2.714 v U430/A (OAI21_X1)
                  0.022    0.025    2.738 ^ U430/ZN (OAI21_X1)
    1    1.438                              n261 (net)
                  0.022    0.000    2.738 ^ cont1_reg[26]/D (DFFR_X1)
                                    2.738   data arrival time

                  0.000    0.000    0.000   clock clock (rise edge)
                           0.000    0.000   clock network delay (ideal)
                           0.000    0.000   clock reconvergence pessimism
                                    0.000 ^ cont1_reg[26]/CK (DFFR_X1)
                          -0.037   -0.037   library setup time
                                   -0.037   data required time
--------------------------------------------------------------------------------
                                   -0.037   data required time
                                   -2.738   data arrival time
--------------------------------------------------------------------------------
                                   -2.775   slack (VIOLATED)


Startpoint: stato_reg[0] (rising edge-triggered flip-flop clocked by clock)
Endpoint: cont1_reg[25] (rising edge-triggered flip-flop clocked by clock)
Path Group: clock
Path Type: max

Fanout      Cap     Slew    Delay     Time   Description
--------------------------------------------------------------------------------
                  0.000    0.000    0.000   clock clock (rise edge)
                           0.000    0.000   clock network delay (ideal)
                  0.000    0.000    0.000 ^ stato_reg[0]/CK (DFFR_X1)
                  0.036    0.128    0.128 ^ stato_reg[0]/Q (DFFR_X1)
    7   13.997                              stato[0] (net)
                  0.036    0.000    0.128 ^ U338/A2 (OR2_X1)
                  0.037    0.065    0.192 ^ U338/ZN (OR2_X1)
    7   14.925                              n468 (net)
                  0.037    0.000    0.192 ^ U382/A1 (NOR2_X1)
                  0.012    0.017    0.209 v U382/ZN (NOR2_X1)
    2    3.812                              n375 (net)
                  0.012    0.000    0.209 v U383/A (INV_X1)
                  0.008    0.015    0.224 ^ U383/ZN (INV_X1)
    1    1.948                              n348 (net)
                  0.008    0.000    0.224 ^ U387/A3 (NAND4_X1)
                  0.161    0.198    0.422 v U387/ZN (NAND4_X1)
   17   45.716                              n425 (net)
                  0.161    0.000    0.422 v U388/A (CLKBUF_X1)
                  0.113    0.193    0.615 v U388/Z (CLKBUF_X1)
   17   48.417                              n548 (net)
                  0.113    0.000    0.615 v U526/A (XOR2_X1)
                  0.029    0.095    0.710 v U526/Z (XOR2_X1)
    1    2.974                              DP_OP_61J1_122_4439/n68 (net)
                  0.029    0.000    0.710 v DP_OP_61J1_122_4439/U33/CI (FA_X1)
                  0.015    0.079    0.789 v DP_OP_61J1_122_4439/U33/CO (FA_X1)
    1    2.974                              DP_OP_61J1_122_4439/n32 (net)
                  0.015    0.000    0.789 v DP_OP_61J1_122_4439/U32/CI (FA_X1)
                  0.015    0.072    0.861 v DP_OP_61J1_122_4439/U32/CO (FA_X1)
    1    2.974                              DP_OP_61J1_122_4439/n31 (net)
                  0.015    0.000    0.861 v DP_OP_61J1_122_4439/U31/CI (FA_X1)
                  0.015    0.072    0.933 v DP_OP_61J1_122_4439/U31/CO (FA_X1)
    1    2.974                              DP_OP_61J1_122_4439/n30 (net)
                  0.015    0.000    0.933 v DP_OP_61J1_122_4439/U30/CI (FA_X1)
                  0.015    0.072    1.005 v DP_OP_61J1_122_4439/U30/CO (FA_X1)
    1    2.974                              DP_OP_61J1_122_4439/n29 (net)
                  0.015    0.000    1.005 v DP_OP_61J1_122_4439/U29/CI (FA_X1)
                  0.015    0.072    1.077 v DP_OP_61J1_122_4439/U29/CO (FA_X1)
    1    2.974                              DP_OP_61J1_122_4439/n28 (net)
                  0.015    0.000    1.077 v DP_OP_61J1_122_4439/U28/CI (FA_X1)
                  0.015    0.072    1.149 v DP_OP_61J1_122_4439/U28/CO (FA_X1)
    1    2.974                              DP_OP_61J1_122_4439/n27 (net)
                  0.015    0.000    1.149 v DP_OP_61J1_122_4439/U27/CI (FA_X1)
                  0.015    0.072    1.221 v DP_OP_61J1_122_4439/U27/CO (FA_X1)
    1    2.974                              DP_OP_61J1_122_4439/n26 (net)
                  0.015    0.000    1.221 v DP_OP_61J1_122_4439/U26/CI (FA_X1)
                  0.015    0.072    1.293 v DP_OP_61J1_122_4439/U26/CO (FA_X1)
    1    2.974                              DP_OP_61J1_122_4439/n25 (net)
                  0.015    0.000    1.293 v DP_OP_61J1_122_4439/U25/CI (FA_X1)
                  0.015    0.072    1.365 v DP_OP_61J1_122_4439/U25/CO (FA_X1)
    1    2.974                              DP_OP_61J1_122_4439/n24 (net)
                  0.015    0.000    1.365 v DP_OP_61J1_122_4439/U24/CI (FA_X1)
                  0.015    0.072    1.436 v DP_OP_61J1_122_4439/U24/CO (FA_X1)
    1    2.974                              DP_OP_61J1_122_4439/n23 (net)
                  0.015    0.000    1.437 v DP_OP_61J1_122_4439/U23/CI (FA_X1)
                  0.015    0.072    1.508 v DP_OP_61J1_122_4439/U23/CO (FA_X1)
    1    2.974                              DP_OP_61J1_122_4439/n22 (net)
                  0.015    0.000    1.508 v DP_OP_61J1_122_4439/U22/CI (FA_X1)
                  0.015    0.072    1.580 v DP_OP_61J1_122_4439/U22/CO (FA_X1)
    1    2.974                              DP_OP_61J1_122_4439/n21 (net)
                  0.015    0.000    1.580 v DP_OP_61J1_122_4439/U21/CI (FA_X1)
                  0.015    0.072    1.652 v DP_OP_61J1_122_4439/U21/CO (FA_X1)
    1    2.974                              DP_OP_61J1_122_4439/n20 (net)
                  0.015    0.000    1.652 v DP_OP_61J1_122_4439/U20/CI (FA_X1)
                  0.015    0.072    1.724 v DP_OP_61J1_122_4439/U20/CO (FA_X1)
    1    2.974                              DP_OP_61J1_122_4439/n19 (net)
                  0.015    0.000    1.724 v DP_OP_61J1_122_4439/U19/CI (FA_X1)
                  0.015    0.072    1.796 v DP_OP_61J1_122_4439/U19/CO (FA_X1)
    1    2.974                              DP_OP_61J1_122_4439/n18 (net)
                  0.015    0.000    1.796 v DP_OP_61J1_122_4439/U18/CI (FA_X1)
                  0.015    0.072    1.868 v DP_OP_61J1_122_4439/U18/CO (FA_X1)
    1    2.974                              DP_OP_61J1_122_4439/n17 (net)
                  0.015    0.000    1.868 v DP_OP_61J1_122_4439/U17/CI (FA_X1)
                  0.015    0.072    1.940 v DP_OP_61J1_122_4439/U17/CO (FA_X1)
    1    2.974                              DP_OP_61J1_122_4439/n16 (net)
                  0.015    0.000    1.940 v DP_OP_61J1_122_4439/U16/CI (FA_X1)
                  0.015    0.072    2.012 v DP_OP_61J1_122_4439/U16/CO (FA_X1)
    1    2.974                              DP_OP_61J1_122_4439/n15 (net)
                  0.015    0.000    2.012 v DP_OP_61J1_122_4439/U15/CI (FA_X1)
                  0.015    0.072    2.084 v DP_OP_61J1_122_4439/U15/CO (FA_X1)
    1    2.974                              DP_OP_61J1_122_4439/n14 (net)
                  0.015    0.000    2.084 v DP_OP_61J1_122_4439/U14/CI (FA_X1)
                  0.015    0.072    2.156 v DP_OP_61J1_122_4439/U14/CO (FA_X1)
    1    2.974                              DP_OP_61J1_122_4439/n13 (net)
                  0.015    0.000    2.156 v DP_OP_61J1_122_4439/U13/CI (FA_X1)
                  0.015    0.072    2.228 v DP_OP_61J1_122_4439/U13/CO (FA_X1)
    1    2.974                              DP_OP_61J1_122_4439/n12 (net)
                  0.015    0.000    2.228 v DP_OP_61J1_122_4439/U12/CI (FA_X1)
                  0.015    0.072    2.300 v DP_OP_61J1_122_4439/U12/CO (FA_X1)
    1    2.974                              DP_OP_61J1_122_4439/n11 (net)
                  0.015    0.000    2.300 v DP_OP_61J1_122_4439/U11/CI (FA_X1)
                  0.015    0.072    2.372 v DP_OP_61J1_122_4439/U11/CO (FA_X1)
    1    2.974                              DP_OP_61J1_122_4439/n10 (net)
                  0.015    0.000    2.372 v DP_OP_61J1_122_4439/U10/CI (FA_X1)
                  0.015    0.072    2.444 v DP_OP_61J1_122_4439/U10/CO (FA_X1)
    1    2.974                              DP_OP_61J1_122_4439/n9 (net)
                  0.015    0.000    2.444 v DP_OP_61J1_122_4439/U9/CI (FA_X1)
                  0.015    0.072    2.516 v DP_OP_61J1_122_4439/U9/CO (FA_X1)
    1    2.974                              DP_OP_61J1_122_4439/n8 (net)
                  0.015    0.000    2.516 v DP_OP_61J1_122_4439/U8/CI (FA_X1)
                  0.011    0.112    2.628 ^ DP_OP_61J1_122_4439/U8/S (FA_X1)
    1    1.909                              C33/DATA3_25 (net)
                  0.011    0.000    2.628 ^ U427/A1 (NAND2_X1)
                  0.019    0.013    2.642 v U427/ZN (NAND2_X1)
    1    1.828                              n369 (net)
                  0.019    0.000    2.642 v U428/A (OAI21_X1)
                  0.022    0.025    2.666 ^ U428/ZN (OAI21_X1)
    1    1.438                              n262 (net)
                  0.022    0.000    2.666 ^ cont1_reg[25]/D (DFFR_X1)
                                    2.666   data arrival time

                  0.000    0.000    0.000   clock clock (rise edge)
                           0.000    0.000   clock network delay (ideal)
                           0.000    0.000   clock reconvergence pessimism
                                    0.000 ^ cont1_reg[25]/CK (DFFR_X1)
                          -0.037   -0.037   library setup time
                                   -0.037   data required time
--------------------------------------------------------------------------------
                                   -0.037   data required time
                                   -2.666   data arrival time
--------------------------------------------------------------------------------
                                   -2.703   slack (VIOLATED)


Startpoint: stato_reg[0] (rising edge-triggered flip-flop clocked by clock)
Endpoint: cont1_reg[24] (rising edge-triggered flip-flop clocked by clock)
Path Group: clock
Path Type: max

Fanout      Cap     Slew    Delay     Time   Description
--------------------------------------------------------------------------------
                  0.000    0.000    0.000   clock clock (rise edge)
                           0.000    0.000   clock network delay (ideal)
                  0.000    0.000    0.000 ^ stato_reg[0]/CK (DFFR_X1)
                  0.036    0.128    0.128 ^ stato_reg[0]/Q (DFFR_X1)
    7   13.997                              stato[0] (net)
                  0.036    0.000    0.128 ^ U338/A2 (OR2_X1)
                  0.037    0.065    0.192 ^ U338/ZN (OR2_X1)
    7   14.925                              n468 (net)
                  0.037    0.000    0.192 ^ U382/A1 (NOR2_X1)
                  0.012    0.017    0.209 v U382/ZN (NOR2_X1)
    2    3.812                              n375 (net)
                  0.012    0.000    0.209 v U383/A (INV_X1)
                  0.008    0.015    0.224 ^ U383/ZN (INV_X1)
    1    1.948                              n348 (net)
                  0.008    0.000    0.224 ^ U387/A3 (NAND4_X1)
                  0.161    0.198    0.422 v U387/ZN (NAND4_X1)
   17   45.716                              n425 (net)
                  0.161    0.000    0.422 v U388/A (CLKBUF_X1)
                  0.113    0.193    0.615 v U388/Z (CLKBUF_X1)
   17   48.417                              n548 (net)
                  0.113    0.000    0.615 v U526/A (XOR2_X1)
                  0.029    0.095    0.710 v U526/Z (XOR2_X1)
    1    2.974                              DP_OP_61J1_122_4439/n68 (net)
                  0.029    0.000    0.710 v DP_OP_61J1_122_4439/U33/CI (FA_X1)
                  0.015    0.079    0.789 v DP_OP_61J1_122_4439/U33/CO (FA_X1)
    1    2.974                              DP_OP_61J1_122_4439/n32 (net)
                  0.015    0.000    0.789 v DP_OP_61J1_122_4439/U32/CI (FA_X1)
                  0.015    0.072    0.861 v DP_OP_61J1_122_4439/U32/CO (FA_X1)
    1    2.974                              DP_OP_61J1_122_4439/n31 (net)
                  0.015    0.000    0.861 v DP_OP_61J1_122_4439/U31/CI (FA_X1)
                  0.015    0.072    0.933 v DP_OP_61J1_122_4439/U31/CO (FA_X1)
    1    2.974                              DP_OP_61J1_122_4439/n30 (net)
                  0.015    0.000    0.933 v DP_OP_61J1_122_4439/U30/CI (FA_X1)
                  0.015    0.072    1.005 v DP_OP_61J1_122_4439/U30/CO (FA_X1)
    1    2.974                              DP_OP_61J1_122_4439/n29 (net)
                  0.015    0.000    1.005 v DP_OP_61J1_122_4439/U29/CI (FA_X1)
                  0.015    0.072    1.077 v DP_OP_61J1_122_4439/U29/CO (FA_X1)
    1    2.974                              DP_OP_61J1_122_4439/n28 (net)
                  0.015    0.000    1.077 v DP_OP_61J1_122_4439/U28/CI (FA_X1)
                  0.015    0.072    1.149 v DP_OP_61J1_122_4439/U28/CO (FA_X1)
    1    2.974                              DP_OP_61J1_122_4439/n27 (net)
                  0.015    0.000    1.149 v DP_OP_61J1_122_4439/U27/CI (FA_X1)
                  0.015    0.072    1.221 v DP_OP_61J1_122_4439/U27/CO (FA_X1)
    1    2.974                              DP_OP_61J1_122_4439/n26 (net)
                  0.015    0.000    1.221 v DP_OP_61J1_122_4439/U26/CI (FA_X1)
                  0.015    0.072    1.293 v DP_OP_61J1_122_4439/U26/CO (FA_X1)
    1    2.974                              DP_OP_61J1_122_4439/n25 (net)
                  0.015    0.000    1.293 v DP_OP_61J1_122_4439/U25/CI (FA_X1)
                  0.015    0.072    1.365 v DP_OP_61J1_122_4439/U25/CO (FA_X1)
    1    2.974                              DP_OP_61J1_122_4439/n24 (net)
                  0.015    0.000    1.365 v DP_OP_61J1_122_4439/U24/CI (FA_X1)
                  0.015    0.072    1.436 v DP_OP_61J1_122_4439/U24/CO (FA_X1)
    1    2.974                              DP_OP_61J1_122_4439/n23 (net)
                  0.015    0.000    1.437 v DP_OP_61J1_122_4439/U23/CI (FA_X1)
                  0.015    0.072    1.508 v DP_OP_61J1_122_4439/U23/CO (FA_X1)
    1    2.974                              DP_OP_61J1_122_4439/n22 (net)
                  0.015    0.000    1.508 v DP_OP_61J1_122_4439/U22/CI (FA_X1)
                  0.015    0.072    1.580 v DP_OP_61J1_122_4439/U22/CO (FA_X1)
    1    2.974                              DP_OP_61J1_122_4439/n21 (net)
                  0.015    0.000    1.580 v DP_OP_61J1_122_4439/U21/CI (FA_X1)
                  0.015    0.072    1.652 v DP_OP_61J1_122_4439/U21/CO (FA_X1)
    1    2.974                              DP_OP_61J1_122_4439/n20 (net)
                  0.015    0.000    1.652 v DP_OP_61J1_122_4439/U20/CI (FA_X1)
                  0.015    0.072    1.724 v DP_OP_61J1_122_4439/U20/CO (FA_X1)
    1    2.974                              DP_OP_61J1_122_4439/n19 (net)
                  0.015    0.000    1.724 v DP_OP_61J1_122_4439/U19/CI (FA_X1)
                  0.015    0.072    1.796 v DP_OP_61J1_122_4439/U19/CO (FA_X1)
    1    2.974                              DP_OP_61J1_122_4439/n18 (net)
                  0.015    0.000    1.796 v DP_OP_61J1_122_4439/U18/CI (FA_X1)
                  0.015    0.072    1.868 v DP_OP_61J1_122_4439/U18/CO (FA_X1)
    1    2.974                              DP_OP_61J1_122_4439/n17 (net)
                  0.015    0.000    1.868 v DP_OP_61J1_122_4439/U17/CI (FA_X1)
                  0.015    0.072    1.940 v DP_OP_61J1_122_4439/U17/CO (FA_X1)
    1    2.974                              DP_OP_61J1_122_4439/n16 (net)
                  0.015    0.000    1.940 v DP_OP_61J1_122_4439/U16/CI (FA_X1)
                  0.015    0.072    2.012 v DP_OP_61J1_122_4439/U16/CO (FA_X1)
    1    2.974                              DP_OP_61J1_122_4439/n15 (net)
                  0.015    0.000    2.012 v DP_OP_61J1_122_4439/U15/CI (FA_X1)
                  0.015    0.072    2.084 v DP_OP_61J1_122_4439/U15/CO (FA_X1)
    1    2.974                              DP_OP_61J1_122_4439/n14 (net)
                  0.015    0.000    2.084 v DP_OP_61J1_122_4439/U14/CI (FA_X1)
                  0.015    0.072    2.156 v DP_OP_61J1_122_4439/U14/CO (FA_X1)
    1    2.974                              DP_OP_61J1_122_4439/n13 (net)
                  0.015    0.000    2.156 v DP_OP_61J1_122_4439/U13/CI (FA_X1)
                  0.015    0.072    2.228 v DP_OP_61J1_122_4439/U13/CO (FA_X1)
    1    2.974                              DP_OP_61J1_122_4439/n12 (net)
                  0.015    0.000    2.228 v DP_OP_61J1_122_4439/U12/CI (FA_X1)
                  0.015    0.072    2.300 v DP_OP_61J1_122_4439/U12/CO (FA_X1)
    1    2.974                              DP_OP_61J1_122_4439/n11 (net)
                  0.015    0.000    2.300 v DP_OP_61J1_122_4439/U11/CI (FA_X1)
                  0.015    0.072    2.372 v DP_OP_61J1_122_4439/U11/CO (FA_X1)
    1    2.974                              DP_OP_61J1_122_4439/n10 (net)
                  0.015    0.000    2.372 v DP_OP_61J1_122_4439/U10/CI (FA_X1)
                  0.015    0.072    2.444 v DP_OP_61J1_122_4439/U10/CO (FA_X1)
    1    2.974                              DP_OP_61J1_122_4439/n9 (net)
                  0.015    0.000    2.444 v DP_OP_61J1_122_4439/U9/CI (FA_X1)
                  0.011    0.112    2.556 ^ DP_OP_61J1_122_4439/U9/S (FA_X1)
    1    1.909                              C33/DATA3_24 (net)
                  0.011    0.000    2.556 ^ U425/A1 (NAND2_X1)
                  0.019    0.013    2.570 v U425/ZN (NAND2_X1)
    1    1.828                              n368 (net)
                  0.019    0.000    2.570 v U426/A (OAI21_X1)
                  0.022    0.025    2.594 ^ U426/ZN (OAI21_X1)
    1    1.438                              n263 (net)
                  0.022    0.000    2.594 ^ cont1_reg[24]/D (DFFR_X1)
                                    2.594   data arrival time

                  0.000    0.000    0.000   clock clock (rise edge)
                           0.000    0.000   clock network delay (ideal)
                           0.000    0.000   clock reconvergence pessimism
                                    0.000 ^ cont1_reg[24]/CK (DFFR_X1)
                          -0.037   -0.037   library setup time
                                   -0.037   data required time
--------------------------------------------------------------------------------
                                   -0.037   data required time
                                   -2.594   data arrival time
--------------------------------------------------------------------------------
                                   -2.631   slack (VIOLATED)


Startpoint: stato_reg[0] (rising edge-triggered flip-flop clocked by clock)
Endpoint: cont1_reg[23] (rising edge-triggered flip-flop clocked by clock)
Path Group: clock
Path Type: max

Fanout      Cap     Slew    Delay     Time   Description
--------------------------------------------------------------------------------
                  0.000    0.000    0.000   clock clock (rise edge)
                           0.000    0.000   clock network delay (ideal)
                  0.000    0.000    0.000 ^ stato_reg[0]/CK (DFFR_X1)
                  0.036    0.128    0.128 ^ stato_reg[0]/Q (DFFR_X1)
    7   13.997                              stato[0] (net)
                  0.036    0.000    0.128 ^ U338/A2 (OR2_X1)
                  0.037    0.065    0.192 ^ U338/ZN (OR2_X1)
    7   14.925                              n468 (net)
                  0.037    0.000    0.192 ^ U382/A1 (NOR2_X1)
                  0.012    0.017    0.209 v U382/ZN (NOR2_X1)
    2    3.812                              n375 (net)
                  0.012    0.000    0.209 v U383/A (INV_X1)
                  0.008    0.015    0.224 ^ U383/ZN (INV_X1)
    1    1.948                              n348 (net)
                  0.008    0.000    0.224 ^ U387/A3 (NAND4_X1)
                  0.161    0.198    0.422 v U387/ZN (NAND4_X1)
   17   45.716                              n425 (net)
                  0.161    0.000    0.422 v U388/A (CLKBUF_X1)
                  0.113    0.193    0.615 v U388/Z (CLKBUF_X1)
   17   48.417                              n548 (net)
                  0.113    0.000    0.615 v U526/A (XOR2_X1)
                  0.029    0.095    0.710 v U526/Z (XOR2_X1)
    1    2.974                              DP_OP_61J1_122_4439/n68 (net)
                  0.029    0.000    0.710 v DP_OP_61J1_122_4439/U33/CI (FA_X1)
                  0.015    0.079    0.789 v DP_OP_61J1_122_4439/U33/CO (FA_X1)
    1    2.974                              DP_OP_61J1_122_4439/n32 (net)
                  0.015    0.000    0.789 v DP_OP_61J1_122_4439/U32/CI (FA_X1)
                  0.015    0.072    0.861 v DP_OP_61J1_122_4439/U32/CO (FA_X1)
    1    2.974                              DP_OP_61J1_122_4439/n31 (net)
                  0.015    0.000    0.861 v DP_OP_61J1_122_4439/U31/CI (FA_X1)
                  0.015    0.072    0.933 v DP_OP_61J1_122_4439/U31/CO (FA_X1)
    1    2.974                              DP_OP_61J1_122_4439/n30 (net)
                  0.015    0.000    0.933 v DP_OP_61J1_122_4439/U30/CI (FA_X1)
                  0.015    0.072    1.005 v DP_OP_61J1_122_4439/U30/CO (FA_X1)
    1    2.974                              DP_OP_61J1_122_4439/n29 (net)
                  0.015    0.000    1.005 v DP_OP_61J1_122_4439/U29/CI (FA_X1)
                  0.015    0.072    1.077 v DP_OP_61J1_122_4439/U29/CO (FA_X1)
    1    2.974                              DP_OP_61J1_122_4439/n28 (net)
                  0.015    0.000    1.077 v DP_OP_61J1_122_4439/U28/CI (FA_X1)
                  0.015    0.072    1.149 v DP_OP_61J1_122_4439/U28/CO (FA_X1)
    1    2.974                              DP_OP_61J1_122_4439/n27 (net)
                  0.015    0.000    1.149 v DP_OP_61J1_122_4439/U27/CI (FA_X1)
                  0.015    0.072    1.221 v DP_OP_61J1_122_4439/U27/CO (FA_X1)
    1    2.974                              DP_OP_61J1_122_4439/n26 (net)
                  0.015    0.000    1.221 v DP_OP_61J1_122_4439/U26/CI (FA_X1)
                  0.015    0.072    1.293 v DP_OP_61J1_122_4439/U26/CO (FA_X1)
    1    2.974                              DP_OP_61J1_122_4439/n25 (net)
                  0.015    0.000    1.293 v DP_OP_61J1_122_4439/U25/CI (FA_X1)
                  0.015    0.072    1.365 v DP_OP_61J1_122_4439/U25/CO (FA_X1)
    1    2.974                              DP_OP_61J1_122_4439/n24 (net)
                  0.015    0.000    1.365 v DP_OP_61J1_122_4439/U24/CI (FA_X1)
                  0.015    0.072    1.436 v DP_OP_61J1_122_4439/U24/CO (FA_X1)
    1    2.974                              DP_OP_61J1_122_4439/n23 (net)
                  0.015    0.000    1.437 v DP_OP_61J1_122_4439/U23/CI (FA_X1)
                  0.015    0.072    1.508 v DP_OP_61J1_122_4439/U23/CO (FA_X1)
    1    2.974                              DP_OP_61J1_122_4439/n22 (net)
                  0.015    0.000    1.508 v DP_OP_61J1_122_4439/U22/CI (FA_X1)
                  0.015    0.072    1.580 v DP_OP_61J1_122_4439/U22/CO (FA_X1)
    1    2.974                              DP_OP_61J1_122_4439/n21 (net)
                  0.015    0.000    1.580 v DP_OP_61J1_122_4439/U21/CI (FA_X1)
                  0.015    0.072    1.652 v DP_OP_61J1_122_4439/U21/CO (FA_X1)
    1    2.974                              DP_OP_61J1_122_4439/n20 (net)
                  0.015    0.000    1.652 v DP_OP_61J1_122_4439/U20/CI (FA_X1)
                  0.015    0.072    1.724 v DP_OP_61J1_122_4439/U20/CO (FA_X1)
    1    2.974                              DP_OP_61J1_122_4439/n19 (net)
                  0.015    0.000    1.724 v DP_OP_61J1_122_4439/U19/CI (FA_X1)
                  0.015    0.072    1.796 v DP_OP_61J1_122_4439/U19/CO (FA_X1)
    1    2.974                              DP_OP_61J1_122_4439/n18 (net)
                  0.015    0.000    1.796 v DP_OP_61J1_122_4439/U18/CI (FA_X1)
                  0.015    0.072    1.868 v DP_OP_61J1_122_4439/U18/CO (FA_X1)
    1    2.974                              DP_OP_61J1_122_4439/n17 (net)
                  0.015    0.000    1.868 v DP_OP_61J1_122_4439/U17/CI (FA_X1)
                  0.015    0.072    1.940 v DP_OP_61J1_122_4439/U17/CO (FA_X1)
    1    2.974                              DP_OP_61J1_122_4439/n16 (net)
                  0.015    0.000    1.940 v DP_OP_61J1_122_4439/U16/CI (FA_X1)
                  0.015    0.072    2.012 v DP_OP_61J1_122_4439/U16/CO (FA_X1)
    1    2.974                              DP_OP_61J1_122_4439/n15 (net)
                  0.015    0.000    2.012 v DP_OP_61J1_122_4439/U15/CI (FA_X1)
                  0.015    0.072    2.084 v DP_OP_61J1_122_4439/U15/CO (FA_X1)
    1    2.974                              DP_OP_61J1_122_4439/n14 (net)
                  0.015    0.000    2.084 v DP_OP_61J1_122_4439/U14/CI (FA_X1)
                  0.015    0.072    2.156 v DP_OP_61J1_122_4439/U14/CO (FA_X1)
    1    2.974                              DP_OP_61J1_122_4439/n13 (net)
                  0.015    0.000    2.156 v DP_OP_61J1_122_4439/U13/CI (FA_X1)
                  0.015    0.072    2.228 v DP_OP_61J1_122_4439/U13/CO (FA_X1)
    1    2.974                              DP_OP_61J1_122_4439/n12 (net)
                  0.015    0.000    2.228 v DP_OP_61J1_122_4439/U12/CI (FA_X1)
                  0.015    0.072    2.300 v DP_OP_61J1_122_4439/U12/CO (FA_X1)
    1    2.974                              DP_OP_61J1_122_4439/n11 (net)
                  0.015    0.000    2.300 v DP_OP_61J1_122_4439/U11/CI (FA_X1)
                  0.015    0.072    2.372 v DP_OP_61J1_122_4439/U11/CO (FA_X1)
    1    2.974                              DP_OP_61J1_122_4439/n10 (net)
                  0.015    0.000    2.372 v DP_OP_61J1_122_4439/U10/CI (FA_X1)
                  0.011    0.112    2.484 ^ DP_OP_61J1_122_4439/U10/S (FA_X1)
    1    1.909                              C33/DATA3_23 (net)
                  0.011    0.000    2.484 ^ U423/A1 (NAND2_X1)
                  0.019    0.013    2.498 v U423/ZN (NAND2_X1)
    1    1.828                              n367 (net)
                  0.019    0.000    2.498 v U424/A (OAI21_X1)
                  0.022    0.025    2.522 ^ U424/ZN (OAI21_X1)
    1    1.438                              n264 (net)
                  0.022    0.000    2.522 ^ cont1_reg[23]/D (DFFR_X1)
                                    2.522   data arrival time

                  0.000    0.000    0.000   clock clock (rise edge)
                           0.000    0.000   clock network delay (ideal)
                           0.000    0.000   clock reconvergence pessimism
                                    0.000 ^ cont1_reg[23]/CK (DFFR_X1)
                          -0.037   -0.037   library setup time
                                   -0.037   data required time
--------------------------------------------------------------------------------
                                   -0.037   data required time
                                   -2.522   data arrival time
--------------------------------------------------------------------------------
                                   -2.559   slack (VIOLATED)


Startpoint: stato_reg[0] (rising edge-triggered flip-flop clocked by clock)
Endpoint: cont1_reg[22] (rising edge-triggered flip-flop clocked by clock)
Path Group: clock
Path Type: max

Fanout      Cap     Slew    Delay     Time   Description
--------------------------------------------------------------------------------
                  0.000    0.000    0.000   clock clock (rise edge)
                           0.000    0.000   clock network delay (ideal)
                  0.000    0.000    0.000 ^ stato_reg[0]/CK (DFFR_X1)
                  0.036    0.128    0.128 ^ stato_reg[0]/Q (DFFR_X1)
    7   13.997                              stato[0] (net)
                  0.036    0.000    0.128 ^ U338/A2 (OR2_X1)
                  0.037    0.065    0.192 ^ U338/ZN (OR2_X1)
    7   14.925                              n468 (net)
                  0.037    0.000    0.192 ^ U382/A1 (NOR2_X1)
                  0.012    0.017    0.209 v U382/ZN (NOR2_X1)
    2    3.812                              n375 (net)
                  0.012    0.000    0.209 v U383/A (INV_X1)
                  0.008    0.015    0.224 ^ U383/ZN (INV_X1)
    1    1.948                              n348 (net)
                  0.008    0.000    0.224 ^ U387/A3 (NAND4_X1)
                  0.161    0.198    0.422 v U387/ZN (NAND4_X1)
   17   45.716                              n425 (net)
                  0.161    0.000    0.422 v U388/A (CLKBUF_X1)
                  0.113    0.193    0.615 v U388/Z (CLKBUF_X1)
   17   48.417                              n548 (net)
                  0.113    0.000    0.615 v U526/A (XOR2_X1)
                  0.029    0.095    0.710 v U526/Z (XOR2_X1)
    1    2.974                              DP_OP_61J1_122_4439/n68 (net)
                  0.029    0.000    0.710 v DP_OP_61J1_122_4439/U33/CI (FA_X1)
                  0.015    0.079    0.789 v DP_OP_61J1_122_4439/U33/CO (FA_X1)
    1    2.974                              DP_OP_61J1_122_4439/n32 (net)
                  0.015    0.000    0.789 v DP_OP_61J1_122_4439/U32/CI (FA_X1)
                  0.015    0.072    0.861 v DP_OP_61J1_122_4439/U32/CO (FA_X1)
    1    2.974                              DP_OP_61J1_122_4439/n31 (net)
                  0.015    0.000    0.861 v DP_OP_61J1_122_4439/U31/CI (FA_X1)
                  0.015    0.072    0.933 v DP_OP_61J1_122_4439/U31/CO (FA_X1)
    1    2.974                              DP_OP_61J1_122_4439/n30 (net)
                  0.015    0.000    0.933 v DP_OP_61J1_122_4439/U30/CI (FA_X1)
                  0.015    0.072    1.005 v DP_OP_61J1_122_4439/U30/CO (FA_X1)
    1    2.974                              DP_OP_61J1_122_4439/n29 (net)
                  0.015    0.000    1.005 v DP_OP_61J1_122_4439/U29/CI (FA_X1)
                  0.015    0.072    1.077 v DP_OP_61J1_122_4439/U29/CO (FA_X1)
    1    2.974                              DP_OP_61J1_122_4439/n28 (net)
                  0.015    0.000    1.077 v DP_OP_61J1_122_4439/U28/CI (FA_X1)
                  0.015    0.072    1.149 v DP_OP_61J1_122_4439/U28/CO (FA_X1)
    1    2.974                              DP_OP_61J1_122_4439/n27 (net)
                  0.015    0.000    1.149 v DP_OP_61J1_122_4439/U27/CI (FA_X1)
                  0.015    0.072    1.221 v DP_OP_61J1_122_4439/U27/CO (FA_X1)
    1    2.974                              DP_OP_61J1_122_4439/n26 (net)
                  0.015    0.000    1.221 v DP_OP_61J1_122_4439/U26/CI (FA_X1)
                  0.015    0.072    1.293 v DP_OP_61J1_122_4439/U26/CO (FA_X1)
    1    2.974                              DP_OP_61J1_122_4439/n25 (net)
                  0.015    0.000    1.293 v DP_OP_61J1_122_4439/U25/CI (FA_X1)
                  0.015    0.072    1.365 v DP_OP_61J1_122_4439/U25/CO (FA_X1)
    1    2.974                              DP_OP_61J1_122_4439/n24 (net)
                  0.015    0.000    1.365 v DP_OP_61J1_122_4439/U24/CI (FA_X1)
                  0.015    0.072    1.436 v DP_OP_61J1_122_4439/U24/CO (FA_X1)
    1    2.974                              DP_OP_61J1_122_4439/n23 (net)
                  0.015    0.000    1.437 v DP_OP_61J1_122_4439/U23/CI (FA_X1)
                  0.015    0.072    1.508 v DP_OP_61J1_122_4439/U23/CO (FA_X1)
    1    2.974                              DP_OP_61J1_122_4439/n22 (net)
                  0.015    0.000    1.508 v DP_OP_61J1_122_4439/U22/CI (FA_X1)
                  0.015    0.072    1.580 v DP_OP_61J1_122_4439/U22/CO (FA_X1)
    1    2.974                              DP_OP_61J1_122_4439/n21 (net)
                  0.015    0.000    1.580 v DP_OP_61J1_122_4439/U21/CI (FA_X1)
                  0.015    0.072    1.652 v DP_OP_61J1_122_4439/U21/CO (FA_X1)
    1    2.974                              DP_OP_61J1_122_4439/n20 (net)
                  0.015    0.000    1.652 v DP_OP_61J1_122_4439/U20/CI (FA_X1)
                  0.015    0.072    1.724 v DP_OP_61J1_122_4439/U20/CO (FA_X1)
    1    2.974                              DP_OP_61J1_122_4439/n19 (net)
                  0.015    0.000    1.724 v DP_OP_61J1_122_4439/U19/CI (FA_X1)
                  0.015    0.072    1.796 v DP_OP_61J1_122_4439/U19/CO (FA_X1)
    1    2.974                              DP_OP_61J1_122_4439/n18 (net)
                  0.015    0.000    1.796 v DP_OP_61J1_122_4439/U18/CI (FA_X1)
                  0.015    0.072    1.868 v DP_OP_61J1_122_4439/U18/CO (FA_X1)
    1    2.974                              DP_OP_61J1_122_4439/n17 (net)
                  0.015    0.000    1.868 v DP_OP_61J1_122_4439/U17/CI (FA_X1)
                  0.015    0.072    1.940 v DP_OP_61J1_122_4439/U17/CO (FA_X1)
    1    2.974                              DP_OP_61J1_122_4439/n16 (net)
                  0.015    0.000    1.940 v DP_OP_61J1_122_4439/U16/CI (FA_X1)
                  0.015    0.072    2.012 v DP_OP_61J1_122_4439/U16/CO (FA_X1)
    1    2.974                              DP_OP_61J1_122_4439/n15 (net)
                  0.015    0.000    2.012 v DP_OP_61J1_122_4439/U15/CI (FA_X1)
                  0.015    0.072    2.084 v DP_OP_61J1_122_4439/U15/CO (FA_X1)
    1    2.974                              DP_OP_61J1_122_4439/n14 (net)
                  0.015    0.000    2.084 v DP_OP_61J1_122_4439/U14/CI (FA_X1)
                  0.015    0.072    2.156 v DP_OP_61J1_122_4439/U14/CO (FA_X1)
    1    2.974                              DP_OP_61J1_122_4439/n13 (net)
                  0.015    0.000    2.156 v DP_OP_61J1_122_4439/U13/CI (FA_X1)
                  0.015    0.072    2.228 v DP_OP_61J1_122_4439/U13/CO (FA_X1)
    1    2.974                              DP_OP_61J1_122_4439/n12 (net)
                  0.015    0.000    2.228 v DP_OP_61J1_122_4439/U12/CI (FA_X1)
                  0.015    0.072    2.300 v DP_OP_61J1_122_4439/U12/CO (FA_X1)
    1    2.974                              DP_OP_61J1_122_4439/n11 (net)
                  0.015    0.000    2.300 v DP_OP_61J1_122_4439/U11/CI (FA_X1)
                  0.011    0.112    2.412 ^ DP_OP_61J1_122_4439/U11/S (FA_X1)
    1    1.909                              C33/DATA3_22 (net)
                  0.011    0.000    2.412 ^ U421/A1 (NAND2_X1)
                  0.019    0.013    2.426 v U421/ZN (NAND2_X1)
    1    1.828                              n366 (net)
                  0.019    0.000    2.426 v U422/A (OAI21_X1)
                  0.022    0.025    2.450 ^ U422/ZN (OAI21_X1)
    1    1.438                              n265 (net)
                  0.022    0.000    2.450 ^ cont1_reg[22]/D (DFFR_X1)
                                    2.450   data arrival time

                  0.000    0.000    0.000   clock clock (rise edge)
                           0.000    0.000   clock network delay (ideal)
                           0.000    0.000   clock reconvergence pessimism
                                    0.000 ^ cont1_reg[22]/CK (DFFR_X1)
                          -0.037   -0.037   library setup time
                                   -0.037   data required time
--------------------------------------------------------------------------------
                                   -0.037   data required time
                                   -2.450   data arrival time
--------------------------------------------------------------------------------
                                   -2.487   slack (VIOLATED)


